Archive member included to satisfy reference by file (symbol)

arch/arm/lib/lib.a(lib1funcs.o)
                              arch/arm/mach-omap2/built-in.o (__aeabi_uidiv)
arch/arm/lib/lib.a(uldivmod.o)
                              fs/built-in.o (__aeabi_uldivmod)
arch/arm/lib/lib.a(div0.o)    arch/arm/lib/lib.a(lib1funcs.o) (__div0)

Discarded input sections

 .data          0x00000000        0x0 arch/arm/cpu/armv7/start.o
 .bss           0x00000000        0x0 arch/arm/cpu/armv7/start.o
 .text          0x00000000        0x0 board/ti/am335x/built-in.o
 .text.do_board_detect
                0x00000000       0x20 board/ti/am335x/built-in.o
 .text.rtc32k_enable
                0x00000000       0x64 board/ti/am335x/built-in.o
 .text.Write_Gpio_Value
                0x00000000       0x34 board/ti/am335x/built-in.o
 .text.Write_Gpio_Value_Control
                0x00000000       0x34 board/ti/am335x/built-in.o
 .text.HD44780_EN
                0x00000000       0x24 board/ti/am335x/built-in.o
 .text.HD44780_PutChar
                0x00000000        0x4 board/ti/am335x/built-in.o
 .rodata.do_board_detect.str1.1
                0x00000000       0x1b board/ti/am335x/built-in.o
 .data          0x00000000        0x0 board/ti/am335x/built-in.o
 .bss           0x00000000        0x0 board/ti/am335x/built-in.o
 .text.mmu_page_table_flush
                0x00000000       0x1e arch/arm/cpu/armv7/built-in.o
 .text.v7_arch_cp15_set_l2aux_ctrl
                0x00000000        0x6 arch/arm/cpu/armv7/built-in.o
 .text.sdelay   0x00000000        0x6 arch/arm/cpu/armv7/built-in.o
 .text.wait_on_value
                0x00000000       0x1e arch/arm/cpu/armv7/built-in.o
 .data          0x00000000        0x0 arch/arm/cpu/armv7/built-in.o
 .bss           0x00000000        0x0 arch/arm/cpu/armv7/built-in.o
 .text.armv7_boot_nonsec_default
                0x00000000        0x4 arch/arm/lib/built-in.o
 .text.enable_caches
                0x00000000        0xc arch/arm/lib/built-in.o
 .text.invalidate_dcache_range
                0x00000000        0x2 arch/arm/lib/built-in.o
 .text.flush_dcache_range
                0x00000000        0x2 arch/arm/lib/built-in.o
 .text.flush_dcache_all
                0x00000000        0xa arch/arm/lib/built-in.o
 .text.invalidate_l2_cache
                0x00000000        0xc arch/arm/lib/built-in.o
 .text.arm_init_before_mmu
                0x00000000        0x2 arch/arm/lib/built-in.o
 .text.arm_init_domains
                0x00000000        0x2 arch/arm/lib/built-in.o
 .text.mmu_page_table_flush
                0x00000000        0x2 arch/arm/lib/built-in.o
 .text.mmu_set_region_dcache_behaviour
                0x00000000       0x3e arch/arm/lib/built-in.o
 .text.dram_bank_mmu_setup
                0x00000000       0x28 arch/arm/lib/built-in.o
 .text.fdt_psci
                0x00000000        0x4 arch/arm/lib/built-in.o
 .rodata.enable_caches.str1.1
                0x00000000       0x1d arch/arm/lib/built-in.o
 .data          0x00000000        0x0 arch/arm/lib/built-in.o
 .__secure_stack_end
                0x00000000        0x0 arch/arm/lib/built-in.o
 .__secure_stack_start
                0x00000000        0x0 arch/arm/lib/built-in.o
 .__secure_end  0x00000000        0x0 arch/arm/lib/built-in.o
 .__secure_start
                0x00000000        0x0 arch/arm/lib/built-in.o
 .bss           0x00000000        0x0 arch/arm/lib/built-in.o
 .text.get_dpll_mpu_params
                0x00000000        0x8 arch/arm/mach-omap2/built-in.o
 .text.get_dpll_core_params
                0x00000000       0x14 arch/arm/mach-omap2/built-in.o
 .text.get_dpll_per_params
                0x00000000       0x14 arch/arm/mach-omap2/built-in.o
 .text.setup_clocks_for_console
                0x00000000       0x74 arch/arm/mach-omap2/built-in.o
 .text.enable_basic_clocks
                0x00000000       0x44 arch/arm/mach-omap2/built-in.o
 .text.set_mpu_spreadspectrum
                0x00000000       0xc8 arch/arm/mach-omap2/built-in.o
 .text.do_setup_dpll
                0x00000000       0xcc arch/arm/mach-omap2/built-in.o
 .text.do_enable_clocks
                0x00000000       0x68 arch/arm/mach-omap2/built-in.o
 .text.do_disable_clocks
                0x00000000       0x6c arch/arm/mach-omap2/built-in.o
 .text.scale_vcores
                0x00000000        0x2 arch/arm/mach-omap2/built-in.o
 .text.setup_early_clocks
                0x00000000       0x12 arch/arm/mach-omap2/built-in.o
 .text.prcm_init
                0x00000000       0x5c arch/arm/mach-omap2/built-in.o
 .text.rtc_only_prcm_init
                0x00000000       0x1c arch/arm/mach-omap2/built-in.o
 .text.get_sysboot_value
                0x00000000       0x14 arch/arm/mach-omap2/built-in.o
 .text.get_sys_clk_index
                0x00000000       0x14 arch/arm/mach-omap2/built-in.o
 .text.am335x_get_efuse_mpu_max_freq
                0x00000000       0x76 arch/arm/mach-omap2/built-in.o
 .text.am335x_get_tps65910_mpu_vdd
[...]
Memory Configuration

Name             Origin             Length             Attributes
*default*        0x00000000         0xffffffff

Linker script and memory map

Address of section .text set to 0x80800000
                0x00000000                        . = 0x0
                0x00000000                        . = ALIGN (0x4)

.text           0x80800000     0x17f8
 *(.__image_copy_start)
 .__image_copy_start
                0x80800000        0x0 arch/arm/lib/built-in.o
                0x80800000                __image_copy_start
 *(.vectors)
 .vectors       0x80800000      0x2e8 arch/arm/lib/built-in.o
                0x80800000                _start
                0x80800020                _undefined_instruction
                0x80800024                _software_interrupt
                0x80800028                _prefetch_abort
                0x8080002c                _data_abort
                0x80800030                _not_used
                0x80800034                _irq
                0x80800038                _fiq
                0x80800040                IRQ_STACK_START_IN
 arch/arm/cpu/armv7/start.o(.text*)
 .text          0x808002e8       0xc8 arch/arm/cpu/armv7/start.o
                0x808002e8                reset
                0x808002ec                save_boot_params_ret
                0x80800320                c_runtime_cpu_setup
                0x80800334                cpu_init_cp15
 board/ti/am335x/built-in.o(.text*)
 .text.cpsw_control
                0x808003b0        0x2 board/ti/am335x/built-in.o
 *fill*         0x808003b2        0x2 
 .text.request_and_set_gpio
                0x808003b4       0x58 board/ti/am335x/built-in.o
 .text.do_cape_detect
                0x8080040c      0x674 board/ti/am335x/built-in.o
                0x8080040c                do_cape_detect
 .text.board_init
                0x80800a80      0x1f8 board/ti/am335x/built-in.o
                0x80800a80                board_init
 .text.board_late_init
                0x80800c78      0x250 board/ti/am335x/built-in.o
                0x80800c78                board_late_init
 .text.board_eth_init
                0x80800ec8      0x1d0 board/ti/am335x/built-in.o
                0x80800ec8                board_eth_init
 .text.Gpio_Init
                0x80801098       0x40 board/ti/am335x/built-in.o
                0x80801098                Gpio_Init
 .text.Delay_HD44780
                0x808010d8       0x18 board/ti/am335x/built-in.o
                0x808010d8                Delay_HD44780
 .text.LCD_Write_High_Nibble
                0x808010f0       0x9c board/ti/am335x/built-in.o
                0x808010f0                LCD_Write_High_Nibble
 .text.LCD_Write_Low_Nibble
                0x8080118c       0xa4 board/ti/am335x/built-in.o
                0x8080118c                LCD_Write_Low_Nibble
 .text.hd44780_write
                0x80801230       0x12 board/ti/am335x/built-in.o
                0x80801230                hd44780_write
 *fill*         0x80801242        0x2 
 .text.hd44780_wr_cmd
                0x80801244       0x14 board/ti/am335x/built-in.o
                0x80801244                hd44780_wr_cmd
 .text.hd44780_wr_data
                0x80801258       0x18 board/ti/am335x/built-in.o
                0x80801258                hd44780_wr_data
 .text.HD44780_GotoXY
                0x80801270       0x16 board/ti/am335x/built-in.o
                0x80801270                HD44780_GotoXY
 .text.HD44780_PutStr
                0x80801286       0x14 board/ti/am335x/built-in.o
                0x80801286                HD44780_PutStr
 .text.HD44780_ClrScr
                0x8080129a        0x6 board/ti/am335x/built-in.o
                0x8080129a                HD44780_ClrScr
 .text.Lcd_Init
                0x808012a0       0x94 board/ti/am335x/built-in.o
                0x808012a0                Lcd_Init
 .text.HD44780_Str_XY
                0x80801334       0x12 board/ti/am335x/built-in.o
                0x80801334                HD44780_Str_XY
 *fill*         0x80801346        0x2 
 .text.lcd_bootmenu
                0x80801348      0x190 board/ti/am335x/built-in.o
                0x80801348                lcd_bootmenu
 .text.gpio_output_testcase
                0x808014d8       0x40 board/ti/am335x/built-in.o
                0x808014d8                gpio_output_testcase
 .text.gpio_input_testcase
                0x80801518       0x70 board/ti/am335x/built-in.o
                0x80801518                gpio_input_testcase
 .text.All_Test_Cases
                0x80801588      0x270 board/ti/am335x/built-in.o
                0x80801588                All_Test_Cases

.glue_7         0x808017f8        0x0
 .glue_7        0x808017f8        0x0 linker stubs

.glue_7t        0x808017f8        0x0
 .glue_7t       0x808017f8        0x0 linker stubs

.vfp11_veneer   0x808017f8        0x0
 .vfp11_veneer  0x808017f8        0x0 linker stubs

.v4_bx          0x808017f8        0x0
 .v4_bx         0x808017f8        0x0 linker stubs

.iplt           0x808017f8        0x0
 .iplt          0x808017f8        0x0 arch/arm/cpu/armv7/start.o

.__efi_runtime_start
                0x808017f8        0x0
 *(.__efi_runtime_start)
 .__efi_runtime_start
                0x808017f8        0x0 arch/arm/lib/built-in.o

.efi_runtime    0x808017f8      0x720
 *(.text.efi_runtime*)
 .text.efi_runtime
                0x808017f8       0xec lib/built-in.o
                0x808017f8                efi_reset_system
                0x808017fa                efi_get_time
                0x8080181c                efi_update_capsule
                0x80801824                efi_query_capsule_caps
                0x8080182c                efi_query_variable_info
                0x80801834                efi_update_table_header_crc32
                0x80801848                crc32_no_comp
                0x808018d8                crc32
 .text.efi_runtime_relocate
                0x808018e4       0xdc lib/built-in.o
                0x808018e4                efi_runtime_relocate
 *(.rodata.efi_runtime*)
 .rodata.efi_runtime_relocate.str1.1
                0x808019c0       0x4e lib/built-in.o
 *fill*         0x80801a0e        0x2 
 .rodata.efi_runtime_detach_list
                0x80801a10       0x50 lib/built-in.o
 *(.data.efi_runtime*)
 .data.efi_runtime
                0x80801a60      0x4b0 lib/built-in.o
                0x80801a60                systab
                0x80801ac0                efi_runtime_services
 .data.efi_runtime_mmio
                0x80801f10        0x8 lib/built-in.o
                0x80801f10                efi_runtime_mmio

.__efi_runtime_stop
                0x80801f18        0x0
 *(.__efi_runtime_stop)
 .__efi_runtime_stop
                0x80801f18        0x0 arch/arm/lib/built-in.o

.text_rest      0x80801f20    0x46638
 *(.text*)
 .text          0x80801f20      0x168 arch/arm/cpu/armv7/built-in.o
                0x80801f20                __v7_flush_dcache_all
                0x80801fbc                v7_flush_dcache_all
                0x80801fcc                __v7_invalidate_dcache_all
                0x80802068                v7_invalidate_dcache_all
                0x80802078                allow_unaligned
 .text.invalidate_icache_all
                0x80802088       0x14 arch/arm/cpu/armv7/built-in.o
                0x80802088                invalidate_icache_all
 .text.v7_outer_cache_enable
                0x8080209c        0x2 arch/arm/cpu/armv7/built-in.o
                0x8080209c                v7_outer_cache_enable
 .text.v7_outer_cache_disable
                0x8080209e        0x2 arch/arm/cpu/armv7/built-in.o
                0x8080209e                v7_outer_cache_disable
 .text.v7_outer_cache_flush_all
                0x808020a0        0x2 arch/arm/cpu/armv7/built-in.o
                0x808020a0                v7_outer_cache_flush_all
 .text.flush_dcache_all
                0x808020a2        0xe arch/arm/cpu/armv7/built-in.o
                0x808020a2                flush_dcache_all
 .text.v7_outer_cache_inval_all
                0x808020b0        0x2 arch/arm/cpu/armv7/built-in.o
                0x808020b0                v7_outer_cache_inval_all
 .text.invalidate_dcache_all
                0x808020b2        0xe arch/arm/cpu/armv7/built-in.o
                0x808020b2                invalidate_dcache_all
 .text.arm_init_before_mmu
                0x808020c0       0x22 arch/arm/cpu/armv7/built-in.o
                0x808020c0                arm_init_before_mmu
 .text.v7_outer_cache_flush_range
                0x808020e2        0x2 arch/arm/cpu/armv7/built-in.o
                0x808020e2                v7_outer_cache_flush_range
 .text.flush_dcache_range
                0x808020e4       0x38 arch/arm/cpu/armv7/built-in.o
                0x808020e4                flush_dcache_range
 .text.v7_outer_cache_inval_range
                0x8080211c        0x2 arch/arm/cpu/armv7/built-in.o
                0x8080211c                v7_outer_cache_inval_range
 .text.invalidate_dcache_range
                0x8080211e       0x40 arch/arm/cpu/armv7/built-in.o
                0x8080211e                invalidate_dcache_range
 .text.cpu_cache_initialization
                0x8080215e        0x2 arch/arm/cpu/armv7/built-in.o
                0x8080215e                cpu_cache_initialization
 .text.cleanup_before_linux_select
                0x80802160       0x3e arch/arm/cpu/armv7/built-in.o
                0x80802160                cleanup_before_linux_select
 .text.cleanup_before_linux
                0x8080219e        0x6 arch/arm/cpu/armv7/built-in.o
                0x8080219e                cleanup_before_linux
 .text.v7_arch_cp15_set_acr
                0x808021a4        0x6 arch/arm/cpu/armv7/built-in.o
                0x808021a4                v7_arch_cp15_set_acr
 *fill*         0x808021aa       0x16 
 .text          0x808021c0      0x424 arch/arm/lib/built-in.o
                0x808021c0                _main
                0x80802260                memset
                0x80802300                memcpy
 .text.setjmp   0x808025e4       0x10 arch/arm/lib/built-in.o
                0x808025e4                setjmp
 .text.longjmp  0x808025f4       0x1c arch/arm/lib/built-in.o
                0x808025f4                longjmp
 .text.relocate_vectors
                0x80802610       0x70 arch/arm/lib/built-in.o
                0x80802610                relocate_vectors
                0x8080261c                relocate_code
 .text.arch_fixup_fdt
                0x80802680       0x3a arch/arm/lib/built-in.o
                0x80802680                arch_fixup_fdt
 .text.arch_lmb_reserve
                0x808026ba       0x50 arch/arm/lib/built-in.o
                0x808026ba                arch_lmb_reserve
 .text.board_quiesce_devices
                0x8080270a        0x2 arch/arm/lib/built-in.o
                0x8080270a                board_quiesce_devices
 .text.boot_jump_linux
                0x8080270c       0x90 arch/arm/lib/built-in.o
 .text.setup_board_tags
                0x8080279c        0x2 arch/arm/lib/built-in.o
                0x8080279c                setup_board_tags
 *fill*         0x8080279e        0x2 
 .text.boot_prep_linux
                0x808027a0      0x124 arch/arm/lib/built-in.o
 .text.do_bootm_linux
                0x808028c4       0x38 arch/arm/lib/built-in.o
                0x808028c4                do_bootm_linux
 .text.boot_prep_vxworks
                0x808028fc       0x34 arch/arm/lib/built-in.o
                0x808028fc                boot_prep_vxworks
 .text.boot_jump_vxworks
                0x80802930        0xa arch/arm/lib/built-in.o
                0x80802930                boot_jump_vxworks
 *fill*         0x8080293a        0x2 
 .text.bootz_setup
                0x8080293c       0x6c arch/arm/lib/built-in.o
                0x8080293c                bootz_setup
 .text.arch_reserve_stacks
                0x808029a8       0x16 arch/arm/lib/built-in.o
                0x808029a8                arch_reserve_stacks
 .text.show_efi_loaded_images.isra.0
                0x808029be        0x4 arch/arm/lib/built-in.o
 *fill*         0x808029c2        0x2 
 .text.interrupt_init
                0x808029c4       0x14 arch/arm/lib/built-in.o
                0x808029c4                interrupt_init
 .text.enable_interrupts
                0x808029d8        0x2 arch/arm/lib/built-in.o
                0x808029d8                enable_interrupts
 .text.disable_interrupts
                0x808029da        0x4 arch/arm/lib/built-in.o
                0x808029da                disable_interrupts
 *fill*         0x808029de        0x2 
 .text.bad_mode
                0x808029e0        0xc arch/arm/lib/built-in.o
                0x808029e0                bad_mode
 .text.show_regs
                0x808029ec      0x14c arch/arm/lib/built-in.o
                0x808029ec                show_regs
 .text.do_undefined_instruction
                0x80802b38       0x28 arch/arm/lib/built-in.o
                0x80802b38                do_undefined_instruction
 .text.do_software_interrupt
                0x80802b60       0x28 arch/arm/lib/built-in.o
                0x80802b60                do_software_interrupt
 .text.do_prefetch_abort
                0x80802b88       0x28 arch/arm/lib/built-in.o
                0x80802b88                do_prefetch_abort
 .text.do_data_abort
                0x80802bb0       0x28 arch/arm/lib/built-in.o
                0x80802bb0                do_data_abort
 .text.do_not_used
                0x80802bd8       0x28 arch/arm/lib/built-in.o
                0x80802bd8                do_not_used
 .text.do_fiq   0x80802c00       0x28 arch/arm/lib/built-in.o
                0x80802c00                do_fiq
 .text.do_irq   0x80802c28       0x28 arch/arm/lib/built-in.o
                0x80802c28                do_irq
 .text.reset_misc
                0x80802c50        0x2 arch/arm/lib/built-in.o
                0x80802c50                reset_misc
 *fill*         0x80802c52        0x2 
 .text.do_reset
                0x80802c54       0x28 arch/arm/lib/built-in.o
                0x80802c54                do_reset
 .text.flush_cache
                0x80802c7c        0x6 arch/arm/lib/built-in.o
                0x80802c7c                flush_cache
 *fill*         0x80802c82        0x2 
 .text.check_cache_range
                0x80802c84       0x20 arch/arm/lib/built-in.o
                0x80802c84                check_cache_range
 .text.set_section_dcache
                0x80802ca4       0x12 arch/arm/lib/built-in.o
                0x80802ca4                set_section_dcache
 .text.icache_enable
                0x80802cb6       0x12 arch/arm/lib/built-in.o
                0x80802cb6                icache_enable
 .text.icache_disable
                0x80802cc8       0x16 arch/arm/lib/built-in.o
                0x80802cc8                icache_disable
 .text.icache_status
                0x80802cde        0xa arch/arm/lib/built-in.o
                0x80802cde                icache_status
 .text.dcache_enable
                0x80802ce8       0x7c arch/arm/lib/built-in.o
                0x80802ce8                dcache_enable
 .text.dcache_disable
                0x80802d64       0x20 arch/arm/lib/built-in.o
                0x80802d64                dcache_disable
 .text.dcache_status
                0x80802d84        0xa arch/arm/lib/built-in.o
                0x80802d84                dcache_status
 *fill*         0x80802d8e        0x2 
 .text          0x80802d90       0x60 arch/arm/mach-omap2/built-in.o
                0x80802d90                save_boot_params
                0x80802d9c                omap_smc1
                0x80802db8                omap_smc_sec
 .text.get_cpu_rev
                0x80802df0       0x14 arch/arm/mach-omap2/built-in.o
                0x80802df0                get_cpu_rev
 .text.get_cpu_type
                0x80802e04       0x14 arch/arm/mach-omap2/built-in.o
                0x80802e04                get_cpu_type
 .text.print_cpuinfo
                0x80802e18       0x9c arch/arm/mach-omap2/built-in.o
                0x80802e18                print_cpuinfo
 .text.am33xx_otg0_set_phy_power
                0x80802eb4       0x24 arch/arm/mach-omap2/built-in.o
 .text.am33xx_otg1_set_phy_power
                0x80802ed8       0x24 arch/arm/mach-omap2/built-in.o
 .text.dram_init
                0x80802efc       0x16 arch/arm/mach-omap2/built-in.o
                0x80802efc                dram_init
 .text.dram_init_banksize
                0x80802f12       0x18 arch/arm/mach-omap2/built-in.o
                0x80802f12                dram_init_banksize
 .text.cpu_mmc_init
                0x80802f2a       0x28 arch/arm/mach-omap2/built-in.o
                0x80802f2a                cpu_mmc_init
 *fill*         0x80802f52        0x2 
 .text.arch_misc_init
                0x80802f54       0x34 arch/arm/mach-omap2/built-in.o
                0x80802f54                arch_misc_init
 .text.arch_cpu_init_dm
                0x80802f88        0xa arch/arm/mach-omap2/built-in.o
                0x80802f88                arch_cpu_init_dm
 *fill*         0x80802f92        0x2 
 .text.hw_data_init
                0x80802f94       0x14 arch/arm/mach-omap2/built-in.o
                0x80802f94                hw_data_init
 .text.clk_synthesizer_reg_write
                0x80802fa8       0x30 arch/arm/mach-omap2/built-in.o
 .text.setup_clock_synthesizer
                0x80802fd8       0x90 arch/arm/mach-omap2/built-in.o
                0x80802fd8                setup_clock_synthesizer
 .text.reset_cpu
                0x80803068       0x14 arch/arm/mach-omap2/built-in.o
                0x80803068                reset_cpu
 .text.get_timer_masked
                0x8080307c       0x58 arch/arm/mach-omap2/built-in.o
 .text.timer_init
                0x808030d4       0x18 arch/arm/mach-omap2/built-in.o
                0x808030d4                timer_init
 .text.get_timer
                0x808030ec        0xc arch/arm/mach-omap2/built-in.o
                0x808030ec                get_timer
 .text.__udelay
                0x808030f8       0x34 arch/arm/mach-omap2/built-in.o
                0x808030f8                __udelay
 .text.get_ticks
                0x8080312c        0xa arch/arm/mach-omap2/built-in.o
                0x8080312c                get_ticks
 .text.get_tbclk
                0x80803136        0x6 arch/arm/mach-omap2/built-in.o
                0x80803136                get_tbclk
 .text.get_device_type
                0x8080313c       0x18 arch/arm/mach-omap2/built-in.o
                0x8080313c                get_device_type
 .text.enable_caches
                0x80803154       0x14 arch/arm/mach-omap2/built-in.o
                0x80803154                enable_caches
 .text.dram_bank_mmu_setup
                0x80803168       0x28 arch/arm/mach-omap2/built-in.o
                0x80803168                dram_bank_mmu_setup
 .text.arm_init_domains
                0x80803190       0x16 arch/arm/mach-omap2/built-in.o
                0x80803190                arm_init_domains
 *fill*         0x808031a6        0x2 
 .text.board_ti_is
                0x808031a8       0x30 board/ti/common/built-in.o
                0x808031a8                board_ti_is
 .text.board_ti_get_rev
                0x808031d8        0x8 board/ti/common/built-in.o
                0x808031d8                board_ti_get_rev
 .text.board_ti_get_config
                0x808031e0        0x8 board/ti/common/built-in.o
                0x808031e0                board_ti_get_config
 .text.set_board_info_env
                0x808031e8       0x3c board/ti/common/built-in.o
                0x808031e8                set_board_info_env
 .text.do_go_exec
                0x80803224        0x8 cmd/built-in.o
                0x80803224                do_go_exec
 .text.do_go    0x8080322c       0x4c cmd/built-in.o
 .text.do_bootm
                0x80803278       0xa0 cmd/built-in.o
                0x80803278                do_bootm
 .text.do_bootd
                0x80803318       0x18 cmd/built-in.o
                0x80803318                do_bootd
 .text.image_info
                0x80803330       0xd0 cmd/built-in.o
 .text.do_iminfo
                0x80803400       0x40 cmd/built-in.o
 .text.bootm_maybe_autostart
                0x80803440       0x4c cmd/built-in.o
                0x80803440                bootm_maybe_autostart
 .text.do_lcd   0x8080348c       0x50 cmd/built-in.o
 .text.do_autoboot_menu
                0x808034dc        0xa cmd/built-in.o
 *fill*         0x808034e6        0x2 
 .text.do_help  0x808034e8       0x30 cmd/built-in.o
 .text.do_version
                0x80803518       0x30 cmd/built-in.o
 .text.blk_common_cmd
                0x80803548      0x1f4 cmd/built-in.o
                0x80803548                blk_common_cmd
 .text.source   0x8080373c      0x134 cmd/built-in.o
                0x8080373c                source
 .text.do_source
                0x80803870       0x50 cmd/built-in.o
 .text.print_num
                0x808038c0       0x10 cmd/built-in.o
 .text.do_bdinfo
                0x808038d0      0x160 cmd/built-in.o
 .text.efi_install_fdt
                0x80803a30      0x17c cmd/built-in.o
 .text.do_bootefi_exec
                0x80803bac      0x174 cmd/built-in.o
 .text.do_bootefi
                0x80803d20       0xf0 cmd/built-in.o
 .text.efi_set_bootdev
                0x80803e10       0x50 cmd/built-in.o
                0x80803e10                efi_set_bootdev
 .text.do_bootz
                0x80803e60       0x9c cmd/built-in.o
                0x80803e60                do_bootz
 .text.do_btrsubvol
                0x80803efc       0x26 cmd/built-in.o
                0x80803efc                do_btrsubvol
 *fill*         0x80803f22        0x2 
 .text.do_coninfo
                0x80803f24       0x88 cmd/built-in.o
 .text.do_dm_dump_devres
                0x80803fac        0x4 cmd/built-in.o
 .text.do_dm    0x80803fb0       0x44 cmd/built-in.o
 .text.do_dm_dump_uclass
                0x80803ff4        0xa cmd/built-in.o
 .text.do_dm_dump_all
                0x80803ffe        0xa cmd/built-in.o
 .text.do_echo  0x80804008       0x80 cmd/built-in.o
 .text.parse_numeric_param
                0x80804088       0x1c cmd/built-in.o
 .text.parse_i2c_bus_addr.constprop.0
                0x808040a4       0x42 cmd/built-in.o
 .text.eeprom_write_enable
                0x808040e6        0x4 cmd/built-in.o
                0x808040e6                eeprom_write_enable
 .text.eeprom_read
                0x808040ea       0x4a cmd/built-in.o
                0x808040ea                eeprom_read
 .text.eeprom_write
                0x80804134       0x6a cmd/built-in.o
                0x80804134                eeprom_write
 *fill*         0x8080419e        0x2 
 .text.do_eeprom
                0x808041a0       0xd0 cmd/built-in.o
                0x808041a0                do_eeprom
 .text.load_elf_image_phdr
                0x80804270       0xc4 cmd/built-in.o
 .text.valid_elf_image
                0x80804334       0x30 cmd/built-in.o
                0x80804334                valid_elf_image
 .text.do_bootelf
                0x80804364      0x190 cmd/built-in.o
                0x80804364                do_bootelf
 .text.do_bootvx
                0x808044f4      0x230 cmd/built-in.o
                0x808044f4                do_bootvx
 .text.do_exit  0x80804724       0x20 cmd/built-in.o
 .text.do_ext4_size
                0x80804744        0xe cmd/built-in.o
                0x80804744                do_ext4_size
 .text.do_ext4_load
                0x80804752        0xe cmd/built-in.o
                0x80804752                do_ext4_load
 .text.do_ext4_ls
                0x80804760        0xe cmd/built-in.o
                0x80804760                do_ext4_ls
 .text.do_ext4_write
                0x8080476e        0xe cmd/built-in.o
                0x8080476e                do_ext4_write
 .text.do_ext2load
                0x8080477c        0xe cmd/built-in.o
                0x8080477c                do_ext2load
 .text.do_ext2ls
                0x8080478a        0xe cmd/built-in.o
 .text.do_fat_size
                0x80804798        0xe cmd/built-in.o
                0x80804798                do_fat_size
 .text.do_fat_fsload
                0x808047a6        0xe cmd/built-in.o
                0x808047a6                do_fat_fsload
 .text.do_fat_ls
                0x808047b4        0xe cmd/built-in.o
 *fill*         0x808047c2        0x2 
 .text.do_fat_fsinfo
                0x808047c4       0x54 cmd/built-in.o
 .text.do_fat_fswrite
                0x80804818       0xd0 cmd/built-in.o
 .text.do_fat_rm
                0x808048e8        0xe cmd/built-in.o
 .text.do_fat_mkdir
                0x808048f6        0xe cmd/built-in.o
 .text.fdt_valid
                0x80804904       0x74 cmd/built-in.o
 .text.is_printable_string
                0x80804978       0x4c cmd/built-in.o
 .text.print_data.part.0
                0x808049c4      0x100 cmd/built-in.o
 .text.set_working_fdt_addr
                0x80804ac4       0x14 cmd/built-in.o
                0x80804ac4                set_working_fdt_addr
 .text.do_fdt   0x80804ad8      0xa2c cmd/built-in.o
 .text.do_size_wrapper
                0x80805504        0xe cmd/built-in.o
 *fill*         0x80805512        0x2 
 .text.do_load_wrapper
                0x80805514       0x40 cmd/built-in.o
 .text.do_save_wrapper
                0x80805554        0xe cmd/built-in.o
 .text.do_ls_wrapper
                0x80805562        0xe cmd/built-in.o
 .text.do_fstype_wrapper
                0x80805570        0x4 cmd/built-in.o
 .text.gpio_get_description
                0x80805574       0x84 cmd/built-in.o
 .text.do_gpio  0x808055f8      0x268 cmd/built-in.o
 .text.do_i2c   0x80805860       0x3c cmd/built-in.o
 .text.i2c_get_cur_bus
                0x8080589c       0x48 cmd/built-in.o
 .text.do_i2c_bus_speed
                0x808058e4       0x6c cmd/built-in.o
 .text.do_i2c_reset
                0x80805950       0x24 cmd/built-in.o
 .text.i2c_get_cur_bus_chip
                0x80805974       0x24 cmd/built-in.o
 .text.do_i2c_probe
                0x80805998       0x74 cmd/built-in.o
 .text.show_bus
                0x80805a0c       0x64 cmd/built-in.o
 .text.do_i2c_show_bus
                0x80805a70       0x64 cmd/built-in.o
 .text.do_i2c_olen
                0x80805ad4       0x74 cmd/built-in.o
 .text.do_i2c_flags
                0x80805b48       0x7c cmd/built-in.o
 .text.get_alen.constprop.0
                0x80805bc4       0x1e cmd/built-in.o
 *fill*         0x80805be2        0x2 
 .text.mod_i2c_mem.constprop.0
                0x80805be4      0x154 cmd/built-in.o
 .text.do_i2c_mm
                0x80805d38        0x6 cmd/built-in.o
 .text.do_i2c_nm
                0x80805d3e        0x6 cmd/built-in.o
 .text.do_i2c_write
                0x80805d44      0x108 cmd/built-in.o
 .text.do_i2c_md
                0x80805e4c      0x164 cmd/built-in.o
 .text.do_i2c_read
                0x80805fb0       0x94 cmd/built-in.o
 .text.do_i2c_mw
                0x80806044       0xbc cmd/built-in.o
 .text.do_i2c_crc
                0x80806100       0xe0 cmd/built-in.o
 .text.do_i2c_loop
                0x808061e0       0xc0 cmd/built-in.o
 .text.do_i2c_bus_num
                0x808062a0       0x70 cmd/built-in.o
 .text.evalexp  0x80806310       0x4a cmd/built-in.o
 .text.evalstr  0x8080635a       0x3c cmd/built-in.o
 *fill*         0x80806396        0x2 
 .text.binary_test
                0x80806398       0xec cmd/built-in.o
 .text.do_itest
                0x80806484       0x4c cmd/built-in.o
 .text.bin_data_init
                0x808064d0       0x1c cmd/built-in.o
 .text.k_data_save
                0x808064ec       0x34 cmd/built-in.o
 .text.k_data_restore
                0x80806520       0x34 cmd/built-in.o
 .text.getcxmodem
                0x80806554       0x16 cmd/built-in.o
 *fill*         0x8080656a        0x2 
 .text.bin_data_char
                0x8080656c       0x1c cmd/built-in.o
 .text.chk1.constprop.0
                0x80806588       0x20 cmd/built-in.o
 .text.s1_sendpacket.constprop.0
                0x808065a8       0x34 cmd/built-in.o
 .text.load_serial
                0x808065dc      0x11c cmd/built-in.o
 .text.do_load_serial
                0x808066f8       0x8c cmd/built-in.o
 .text.load_serial_ymodem.isra.0
                0x80806784       0x8c cmd/built-in.o
 .text.do_load_serial_bin
                0x80806810      0x51c cmd/built-in.o
 .text.do_mem_md
                0x80806d2c       0xa0 cmd/built-in.o
 .text.do_mem_base
                0x80806dcc       0x28 cmd/built-in.o
 .text.do_mem_crc
                0x80806df4       0x2c cmd/built-in.o
 .text.do_mem_mw
                0x80806e20       0x78 cmd/built-in.o
 .text.do_mem_loop
                0x80806e98       0x82 cmd/built-in.o
 *fill*         0x80806f1a        0x2 
 .text.mod_mem.part.0
                0x80806f1c       0xf4 cmd/built-in.o
 .text.do_mem_mm
                0x80807010       0x12 cmd/built-in.o
 .text.do_mem_nm
                0x80807022       0x12 cmd/built-in.o
 .text.do_mem_cp
                0x80807034       0x70 cmd/built-in.o
 .text.do_mem_cmp
                0x808070a4       0xe8 cmd/built-in.o
 .text.extract_range
                0x8080718c       0x78 cmd/built-in.o
 .text.do_mii   0x80807204      0x5cc cmd/built-in.o
 .text.do_mdio  0x808077d0      0x300 cmd/built-in.o
 .text.do_sleep
                0x80807ad0       0x88 cmd/built-in.o
 .text.do_mmcops
                0x80807b58       0x84 cmd/built-in.o
 .text.do_mmc_setdsr
                0x80807bdc       0x70 cmd/built-in.o
 .text.init_mmc_device
                0x80807c4c       0x38 cmd/built-in.o
 .text.do_mmc_rescan
                0x80807c84       0x18 cmd/built-in.o
 .text.do_mmc_hwpartition
                0x80807c9c      0x3b4 cmd/built-in.o
 .text.do_mmc_list
                0x80808050        0xc cmd/built-in.o
 .text.do_mmc_dev
                0x8080805c       0xc4 cmd/built-in.o
 .text.do_mmc_part
                0x80808120       0x38 cmd/built-in.o
 .text.do_mmcinfo
                0x80808158      0x2c0 cmd/built-in.o
 .text.do_mmc_read
                0x80808418       0x9c cmd/built-in.o
 .text.do_mmc_erase
                0x808084b4       0x98 cmd/built-in.o
 .text.do_mmc_write
                0x8080854c       0xb0 cmd/built-in.o
 .text.netboot_common
                0x808085fc      0x1f8 cmd/built-in.o
 .text.do_bootp
                0x808087f4        0x8 cmd/built-in.o
 .text.do_dhcp  0x808087fc        0x8 cmd/built-in.o
 .text.do_nfs   0x80808804        0x8 cmd/built-in.o
 .text.do_tftpb
                0x8080880c       0x26 cmd/built-in.o
                0x8080880c                do_tftpb
 *fill*         0x80808832        0x2 
 .text.do_ping  0x80808834       0x48 cmd/built-in.o
 .text.efi_dump_single_var
                0x8080887c       0xd4 cmd/built-in.o
 .text.do_env_print_efi
                0x80808950      0x114 cmd/built-in.o
                0x80808950                do_env_print_efi
 .text.do_env_set_efi
                0x80808a64      0x264 cmd/built-in.o
                0x80808a64                do_env_set_efi
 .text.do_part_list
                0x80808cc8       0xf4 cmd/built-in.o
 .text.do_part_info
                0x80808dbc       0x9c cmd/built-in.o
 .text.do_part  0x80808e58       0xb0 cmd/built-in.o
 .text.eol_or_eof
                0x80808f08       0x12 cmd/built-in.o
 *fill*         0x80808f1a        0x2 
 .text.do_pxe   0x80808f1c       0x48 cmd/built-in.o
 .text.label_print
                0x80808f64       0x14 cmd/built-in.o
 .text.do_get_tftp
                0x80808f78       0x2c cmd/built-in.o
 .text.from_env
                0x80808fa4       0x1c cmd/built-in.o
 .text.label_destroy
                0x80808fc0       0x46 cmd/built-in.o
 .text.destroy_pxe_menu
                0x80809006       0x36 cmd/built-in.o
 .text.do_get_any
                0x8080903c       0x2c cmd/built-in.o
 .text.do_get_fat
                0x80809068       0x28 cmd/built-in.o
 .text.do_get_ext2
                0x80809090       0x28 cmd/built-in.o
 .text.format_mac_pxe.constprop.0
                0x808090b8       0x54 cmd/built-in.o
 .text.get_relfile
                0x8080910c       0xd0 cmd/built-in.o
 .text.get_pxe_file
                0x808091dc       0x3c cmd/built-in.o
 .text.get_pxelinux_path
                0x80809218       0x50 cmd/built-in.o
 .text.do_pxe_get
                0x80809268       0xe8 cmd/built-in.o
 .text.get_relfile_envaddr
                0x80809350       0x34 cmd/built-in.o
 .text.label_boot
                0x80809384      0x40c cmd/built-in.o
 .text.handle_pxe_menu
                0x80809790       0xec cmd/built-in.o
 .text.get_string.constprop.0.isra.0
                0x8080987c       0x70 cmd/built-in.o
 .text.get_token
                0x808098ec       0xac cmd/built-in.o
 .text.parse_sliteral
                0x80809998       0x34 cmd/built-in.o
 .text.parse_integer
                0x808099cc       0x48 cmd/built-in.o
 .text.parse_pxefile_top
                0x80809a14      0x330 cmd/built-in.o
 .text.handle_include
                0x80809d44       0x6c cmd/built-in.o
 .text.parse_pxefile
                0x80809db0       0x42 cmd/built-in.o
 *fill*         0x80809df2        0x2 
 .text.do_pxe_boot
                0x80809df4       0x90 cmd/built-in.o
 .text.do_sysboot
                0x80809e84      0x13c cmd/built-in.o
 .text.bytes_per_second
                0x80809fc0       0x34 cmd/built-in.o
 .text.do_spi_flash
                0x80809ff4      0x5ec cmd/built-in.o
 .text.substitute
                0x8080a5e0       0x94 cmd/built-in.o
 .text.get_arg  0x8080a674       0x34 cmd/built-in.o
 .text.regex_sub
                0x8080a6a8      0x224 cmd/built-in.o
 .text.do_setexpr
                0x8080a8cc       0xe8 cmd/built-in.o
 .text.do_spi   0x8080a9b4      0x1a8 cmd/built-in.o
                0x8080a9b4                do_spi
 .text.do_time  0x8080ab5c       0x9c cmd/built-in.o
 .text.do_false
                0x8080abf8        0x4 cmd/built-in.o
 .text.do_true  0x8080abfc        0x4 cmd/built-in.o
 .text.do_test  0x8080ac00      0x1fc cmd/built-in.o
 .text.usb_get_class_desc
                0x8080adfc       0x74 cmd/built-in.o
 .text.usb_find_device
                0x8080ae70       0x1e cmd/built-in.o
 *fill*         0x8080ae8e        0x2 
 .text.usb_show_tree_graph
                0x8080ae90      0x178 cmd/built-in.o
 .text.usb_display_class_sub
                0x8080b008       0xf8 cmd/built-in.o
 .text.usb_display_desc
                0x8080b100       0xf8 cmd/built-in.o
 .text.usb_display_string
                0x8080b1f8       0x2c cmd/built-in.o
 .text.usb_display_config
                0x8080b224      0x1a8 cmd/built-in.o
 .text.do_usbboot
                0x8080b3cc        0xc cmd/built-in.o
 .text.do_usb_start
                0x8080b3d8       0x20 cmd/built-in.o
 .text.usb_show_tree
                0x8080b3f8       0x30 cmd/built-in.o
                0x8080b3f8                usb_show_tree
 .text.do_usb   0x8080b428      0x298 cmd/built-in.o
 .text.common_diskboot
                0x8080b6c0      0x1b4 cmd/built-in.o
                0x8080b6c0                common_diskboot
 .text.do_fastboot
                0x8080b874      0x134 cmd/built-in.o
 .text.do_imgextract
                0x8080b9a8      0x278 cmd/built-in.o
 .text.do_spl   0x8080bc20      0x140 cmd/built-in.o
 .text.do_dfu   0x8080bd60       0x88 cmd/built-in.o
 .text.extract_val
                0x8080bde8       0x5c cmd/built-in.o
 .text.extract_env
                0x8080be44       0xa0 cmd/built-in.o
 .text.set_gpt_info.constprop.0
                0x8080bee4      0x308 cmd/built-in.o
 .text.do_gpt   0x8080c1ec      0x20c cmd/built-in.o
 .text.do_env_delete
                0x8080c3f8       0x6c cmd/built-in.o
 .text._do_env_set
                0x8080c464      0x140 cmd/built-in.o
 .text.do_env_set
                0x8080c5a4       0x16 cmd/built-in.o
 *fill*         0x8080c5ba        0x2 
 .text.do_env_ask
                0x8080c5bc      0x104 cmd/built-in.o
                0x8080c5bc                do_env_ask
 .text.do_env_save
                0x8080c6c0        0xe cmd/built-in.o
 *fill*         0x8080c6ce        0x2 
 .text.do_env   0x8080c6d0       0x3c cmd/built-in.o
 .text.env_print
                0x8080c70c       0x78 cmd/built-in.o
 .text.do_env_print
                0x8080c784       0x90 cmd/built-in.o
 .text.do_env_import
                0x8080c814      0x1a4 cmd/built-in.o
 .text.do_env_default
                0x8080c9b8       0x5c cmd/built-in.o
 .text.do_env_exists
                0x8080ca14       0x40 cmd/built-in.o
 .text.get_env_id
                0x8080ca54        0xc cmd/built-in.o
                0x8080ca54                get_env_id
 .text.env_set  0x8080ca60       0x44 cmd/built-in.o
                0x8080ca60                env_set
 .text.env_set_ulong
                0x8080caa4       0x16 cmd/built-in.o
                0x8080caa4                env_set_ulong
 *fill*         0x8080caba        0x2 
 .text.env_set_hex
                0x8080cabc       0x20 cmd/built-in.o
                0x8080cabc                env_set_hex
 .text.do_env_export
                0x8080cadc      0x15c cmd/built-in.o
 .text.eth_parse_enetaddr
                0x8080cc38       0x30 cmd/built-in.o
                0x8080cc38                eth_parse_enetaddr
 .text.envmatch
                0x8080cc68       0x48 cmd/built-in.o
                0x8080cc68                envmatch
 .text.env_get_f
                0x8080ccb0       0x84 cmd/built-in.o
                0x8080ccb0                env_get_f
 .text.env_get  0x8080cd34       0x54 cmd/built-in.o
                0x8080cd34                env_get
 .text.env_get_hex
                0x8080cd88       0x20 cmd/built-in.o
                0x8080cd88                env_get_hex
 .text.eth_env_get_enetaddr
                0x8080cda8       0x34 cmd/built-in.o
                0x8080cda8                eth_env_get_enetaddr
 .text.eth_env_set_enetaddr
                0x8080cddc       0x30 cmd/built-in.o
                0x8080cddc                eth_env_set_enetaddr
 .text.env_get_ulong
                0x8080ce0c       0x1c cmd/built-in.o
                0x8080ce0c                env_get_ulong
 .text.do_env_edit
                0x8080ce28       0x80 cmd/built-in.o
 .text.board_init_f_alloc_reserve
                0x8080cea8        0xa common/built-in.o
                0x8080cea8                board_init_f_alloc_reserve
 .text.board_init_f_init_reserve
                0x8080ceb2       0x14 common/built-in.o
                0x8080ceb2                board_init_f_init_reserve
 .text.show_boot_progress
                0x8080cec6        0x4 common/built-in.o
                0x8080cec6                show_boot_progress
 *fill*         0x8080ceca        0x2 
 .text.main_loop
                0x8080cecc       0x44 common/built-in.o
                0x8080cecc                main_loop
 .text.mdelay   0x8080cf10        0xa common/built-in.o
 .text.dummy    0x8080cf1a        0x2 common/built-in.o
 .text.get_version
                0x8080cf1c        0x4 common/built-in.o
                0x8080cf1c                get_version
 .text.jumptable_init
                0x8080cf20      0x188 common/built-in.o
                0x8080cf20                jumptable_init
 .text.hash_finish_crc32
                0x8080d0a8       0x1c common/built-in.o
 .text.hash_finish_crc16_ccitt
                0x8080d0c4       0x1c common/built-in.o
 .text.hash_update_crc32
                0x8080d0e0       0x14 common/built-in.o
 .text.hash_init_crc32
                0x8080d0f4       0x14 common/built-in.o
 .text.hash_init_crc16_ccitt
                0x8080d108       0x14 common/built-in.o
 .text.hash_update_crc16_ccitt
                0x8080d11c       0x14 common/built-in.o
 .text.hash_finish_sha256
                0x8080d130       0x22 common/built-in.o
 .text.hash_update_sha256
                0x8080d152       0x10 common/built-in.o
 .text.hash_init_sha256
                0x8080d162       0x16 common/built-in.o
 .text.hash_finish_sha1
                0x8080d178       0x22 common/built-in.o
 .text.hash_update_sha1
                0x8080d19a       0x10 common/built-in.o
 .text.hash_init_sha1
                0x8080d1aa       0x16 common/built-in.o
 .text.hash_lookup_algo
                0x8080d1c0       0x3c common/built-in.o
                0x8080d1c0                hash_lookup_algo
 .text.hash_command
                0x8080d1fc      0x124 common/built-in.o
                0x8080d1fc                hash_command
 .text.b_reset  0x8080d320        0xe common/built-in.o
 .text.static_get
                0x8080d32e       0x12 common/built-in.o
 .text.static_peek
                0x8080d340        0x6 common/built-in.o
 *fill*         0x8080d346        0x2 
 .text.mapset   0x8080d348       0x14 common/built-in.o
 .text.syntax_err
                0x8080d35c        0xc common/built-in.o
 .text.xmalloc  0x8080d368       0x18 common/built-in.o
 .text.new_pipe
                0x8080d380       0x16 common/built-in.o
 *fill*         0x8080d396        0x2 
 .text.xrealloc
                0x8080d398       0x18 common/built-in.o
 .text.do_showvar
                0x8080d3b0       0x9c common/built-in.o
 .text.is_assignment
                0x8080d44c       0x30 common/built-in.o
 .text.b_addchr
                0x8080d47c       0x42 common/built-in.o
 *fill*         0x8080d4be        0x2 
 .text.file_get
                0x8080d4c0      0x134 common/built-in.o
 .text.done_command.isra.0
                0x8080d5f4       0x40 common/built-in.o
 .text.done_pipe.isra.0
                0x8080d634       0x2c common/built-in.o
 .text.done_word
                0x8080d660      0x1c4 common/built-in.o
 .text.free_pipe_list.isra.0
                0x8080d824       0x7c common/built-in.o
 .text.b_addqchr.isra.0
                0x8080d8a0       0x30 common/built-in.o
 .text.file_peek
                0x8080d8d0        0x6 common/built-in.o
 *fill*         0x8080d8d6        0x2 
 .text.get_local_var
                0x8080d8d8       0x58 common/built-in.o
                0x8080d8d8                get_local_var
 .text.set_local_var
                0x8080d930      0x114 common/built-in.o
                0x8080d930                set_local_var
 .text.insert_var_value_sub
                0x8080da44      0x1c4 common/built-in.o
 .text.parse_string_outer
                0x8080dc08       0x90 common/built-in.o
                0x8080dc08                parse_string_outer
 .text.run_list_real
                0x8080dc98      0x4c8 common/built-in.o
 .text.parse_stream_outer
                0x8080e160      0x430 common/built-in.o
 .text.parse_file_outer
                0x8080e590       0x2c common/built-in.o
                0x8080e590                parse_file_outer
 .text.u_boot_hush_start
                0x8080e5bc       0x30 common/built-in.o
                0x8080e5bc                u_boot_hush_start
 .text.multiboot
                0x8080e5ec      0x214 common/built-in.o
                0x8080e5ec                multiboot
 .text.bootdelay_process
                0x8080e800       0xfc common/built-in.o
                0x8080e800                bootdelay_process
 .text.autoboot_command
                0x8080e8fc       0xf0 common/built-in.o
                0x8080e8fc                autoboot_command
 .text.log_init
                0x8080e9ec        0x8 common/built-in.o
 .text.display_text_info
                0x8080e9f4        0x4 common/built-in.o
 .text.setup_mon_len
                0x8080e9f8       0x18 common/built-in.o
 .text.arch_cpu_init
                0x8080ea10        0x4 common/built-in.o
                0x8080ea10                arch_cpu_init
 .text.reserve_round_4k
                0x8080ea14       0x10 common/built-in.o
 .text.reserve_mmu
                0x8080ea24       0x2e common/built-in.o
                0x8080ea24                reserve_mmu
 .text.reserve_uboot
                0x8080ea52       0x2c common/built-in.o
 .text.reserve_malloc
                0x8080ea7e       0x14 common/built-in.o
 .text.setup_machine
                0x8080ea92        0xe common/built-in.o
 .text.reserve_global_data
                0x8080eaa0       0x16 common/built-in.o
 .text.init_func_watchdog_reset
                0x8080eab6        0xa common/built-in.o
                0x8080eab6                init_func_watchdog_reset
 .text.setup_reloc
                0x8080eac0       0x26 common/built-in.o
 .text.reserve_board
                0x8080eae6       0x28 common/built-in.o
 *fill*         0x8080eb0e        0x2 
 .text.announce_dram_init
                0x8080eb10       0x10 common/built-in.o
 .text.init_baud_rate
                0x8080eb20       0x1c common/built-in.o
 .text.initf_dm
                0x8080eb3c        0x6 common/built-in.o
 .text.initf_bootstage
                0x8080eb42        0xc common/built-in.o
 .text.setup_spl_handoff
                0x8080eb4e        0x4 common/built-in.o
 .text.mach_cpu_init
                0x8080eb52        0x4 common/built-in.o
                0x8080eb52                mach_cpu_init
 .text.reserve_video
                0x8080eb56        0x4 common/built-in.o
 .text.reserve_trace
                0x8080eb5a        0x4 common/built-in.o
 .text.reserve_fdt
                0x8080eb5e        0x4 common/built-in.o
 .text.reserve_bootstage
                0x8080eb62        0x4 common/built-in.o
 .text.reserve_bloblist
                0x8080eb66        0x4 common/built-in.o
 .text.display_new_sp
                0x8080eb6a        0x4 common/built-in.o
 .text.reloc_fdt
                0x8080eb6e        0x4 common/built-in.o
 .text.reloc_bootstage
                0x8080eb72        0x4 common/built-in.o
 .text.reloc_bloblist
                0x8080eb76        0x4 common/built-in.o
 .text.initf_console_record
                0x8080eb7a        0x4 common/built-in.o
 .text.reserve_arch
                0x8080eb7e        0x4 common/built-in.o
                0x8080eb7e                reserve_arch
 .text.init_func_watchdog_init
                0x8080eb82        0xa common/built-in.o
 .text.coloured_LED_init
                0x8080eb8c        0x2 common/built-in.o
                0x8080eb8c                coloured_LED_init
 .text.red_led_on
                0x8080eb8e        0x2 common/built-in.o
                0x8080eb8e                red_led_on
 .text.board_add_ram_info
                0x8080eb90        0x2 common/built-in.o
                0x8080eb90                board_add_ram_info
 *fill*         0x8080eb92        0x2 
 .text.show_dram_config
                0x8080eb94       0x38 common/built-in.o
 .text.board_get_usable_ram_top
                0x8080ebcc       0x10 common/built-in.o
                0x8080ebcc                board_get_usable_ram_top
 .text.setup_dest_addr
                0x8080ebdc       0x30 common/built-in.o
 .text.reserve_stacks
                0x8080ec0c       0x1a common/built-in.o
 *fill*         0x8080ec26        0x2 
 .text.board_init_f
                0x8080ec28       0x4c common/built-in.o
                0x8080ec28                board_init_f
 .text.initr_trace
                0x8080ec74        0x4 common/built-in.o
 .text.initr_reloc
                0x8080ec78       0x14 common/built-in.o
 .text.run_main_loop
                0x8080ec8c        0x8 common/built-in.o
 .text.initr_net
                0x8080ec94       0x14 common/built-in.o
 .text.initr_ethaddr
                0x8080eca8       0x18 common/built-in.o
 .text.initr_enable_interrupts
                0x8080ecc0        0xa common/built-in.o
 .text.initr_jumptable
                0x8080ecca        0xa common/built-in.o
 .text.initr_env
                0x8080ecd4       0x48 common/built-in.o
 .text.initr_mmc
                0x8080ed1c       0x18 common/built-in.o
 .text.initr_serial
                0x8080ed34        0xa common/built-in.o
 .text.initr_dm
                0x8080ed3e       0x12 common/built-in.o
 .text.initr_bootstage
                0x8080ed50        0xc common/built-in.o
 .text.initr_malloc
                0x8080ed5c       0x1c common/built-in.o
 .text.initr_reloc_global_data
                0x8080ed78       0x44 common/built-in.o
 .text.initr_caches
                0x8080edbc        0xa common/built-in.o
 .text.bootstage_relocate
                0x8080edc6        0x4 common/built-in.o
 .text.initr_barrier
                0x8080edca        0x4 common/built-in.o
 .text.initr_console_record
                0x8080edce        0x4 common/built-in.o
 .text.power_init_board
                0x8080edd2        0x4 common/built-in.o
                0x8080edd2                power_init_board
 .text.initr_announce
                0x8080edd6        0x4 common/built-in.o
 .text.cpu_secondary_init_r
                0x8080edda        0x2 common/built-in.o
                0x8080edda                cpu_secondary_init_r
 .text.initr_secondary_cpu
                0x8080eddc        0xa common/built-in.o
 *fill*         0x8080ede6        0x2 
 .text.board_init_r
                0x8080ede8       0x4c common/built-in.o
                0x8080ede8                board_init_r
 .text.checkboard
                0x8080ee34        0x4 common/built-in.o
                0x8080ee34                checkboard
 .text.show_board_info
                0x8080ee38       0x2c common/built-in.o
                0x8080ee38                show_board_info
 .text.bootm_find_images
                0x8080ee64       0x88 common/built-in.o
                0x8080ee64                bootm_find_images
 .text.bootm_decomp_image
                0x8080eeec      0x100 common/built-in.o
                0x8080eeec                bootm_decomp_image
 .text.bootm_disable_interrupts
                0x8080efec       0x10 common/built-in.o
                0x8080efec                bootm_disable_interrupts
 .text.do_bootm_states
                0x8080effc      0x660 common/built-in.o
                0x8080effc                do_bootm_states
 .text.switch_to_non_secure_mode
                0x8080f65c        0x2 common/built-in.o
                0x8080f65c                switch_to_non_secure_mode
 .text.copy_args
                0x8080f65e       0x32 common/built-in.o
 .text.do_bootm_rtems
                0x8080f690       0x30 common/built-in.o
 .text.do_bootm_vxworks
                0x8080f6c0       0xdc common/built-in.o
                0x8080f6c0                do_bootm_vxworks
 .text.do_bootm_plan9
                0x8080f79c       0x70 common/built-in.o
 .text.do_bootm_qnxelf
                0x8080f80c       0x54 common/built-in.o
 .text.do_bootm_netbsd
                0x8080f860       0xb0 common/built-in.o
 .text.do_bootm_standalone
                0x8080f910       0x40 common/built-in.o
 .text.arch_preboot_os
                0x8080f950        0x2 common/built-in.o
                0x8080f950                arch_preboot_os
 .text.board_preboot_os
                0x8080f952        0x2 common/built-in.o
                0x8080f952                board_preboot_os
 .text.boot_selected_os
                0x8080f954       0x3e common/built-in.o
                0x8080f954                boot_selected_os
 *fill*         0x8080f992        0x2 
 .text.bootm_os_get_boot_func
                0x8080f994        0xc common/built-in.o
                0x8080f994                bootm_os_get_boot_func
 .text.of_bus_default_map
                0x8080f9a0       0x6a common/built-in.o
 .text.of_bus_default_translate
                0x8080fa0a       0x54 common/built-in.o
 *fill*         0x8080fa5e        0x2 
 .text.fdt_support_default_count_cells
                0x8080fa60       0x34 common/built-in.o
                0x8080fa60                fdt_support_default_count_cells
 .text.fdt_find_and_setprop
                0x8080fa94       0x48 common/built-in.o
                0x8080fa94                fdt_find_and_setprop
 .text.fdt_find_or_add_subnode
                0x8080fadc       0x40 common/built-in.o
                0x8080fadc                fdt_find_or_add_subnode
 .text.fdt_root
                0x8080fb1c       0x60 common/built-in.o
                0x8080fb1c                fdt_root
 .text.fdt_initrd
                0x8080fb7c      0x12c common/built-in.o
                0x8080fb7c                fdt_initrd
 .text.fdt_chosen
                0x8080fca8       0x6c common/built-in.o
                0x8080fca8                fdt_chosen
 .text.do_fixup_by_path
                0x8080fd14       0x34 common/built-in.o
                0x8080fd14                do_fixup_by_path
 .text.fdt_fixup_memory_banks
                0x8080fd48      0x184 common/built-in.o
                0x8080fd48                fdt_fixup_memory_banks
 .text.fdt_fixup_memory
                0x8080fecc       0x16 common/built-in.o
                0x8080fecc                fdt_fixup_memory
 *fill*         0x8080fee2        0x2 
 .text.fdt_fixup_ethernet
                0x8080fee4      0x108 common/built-in.o
                0x8080fee4                fdt_fixup_ethernet
 .text.fdt_shrink_to_minimum
                0x8080ffec       0x7e common/built-in.o
                0x8080ffec                fdt_shrink_to_minimum
 *fill*         0x8081006a        0x2 
 .text.fdt_translate_address
                0x8081006c      0x158 common/built-in.o
                0x8081006c                fdt_translate_address
 .text.fdt_overlay_apply_verbose
                0x808101c4       0x4c common/built-in.o
                0x808101c4                fdt_overlay_apply_verbose
 .text.miiphy_get_dev_by_name
                0x80810210       0x34 common/built-in.o
                0x80810210                miiphy_get_dev_by_name
 .text.miiphy_init
                0x80810244       0x18 common/built-in.o
                0x80810244                miiphy_init
 .text.mdio_alloc
                0x8081025c       0x1c common/built-in.o
                0x8081025c                mdio_alloc
 .text.mdio_free
                0x80810278        0x4 common/built-in.o
                0x80810278                mdio_free
 .text.mdio_register
                0x8081027c       0x50 common/built-in.o
                0x8081027c                mdio_register
 .text.mdio_list_devices
                0x808102cc       0x74 common/built-in.o
                0x808102cc                mdio_list_devices
 .text.miiphy_set_current_dev
                0x80810340       0x28 common/built-in.o
                0x80810340                miiphy_set_current_dev
 .text.miiphy_get_active_dev
                0x80810368       0x2c common/built-in.o
 .text.mdio_get_current_dev
                0x80810394        0xc common/built-in.o
                0x80810394                mdio_get_current_dev
 .text.mdio_phydev_for_ethname
                0x808103a0       0x50 common/built-in.o
                0x808103a0                mdio_phydev_for_ethname
 .text.miiphy_get_current_dev
                0x808103f0       0x10 common/built-in.o
                0x808103f0                miiphy_get_current_dev
 .text.miiphy_read
                0x80810400       0x28 common/built-in.o
                0x80810400                miiphy_read
 .text.miiphy_write
                0x80810428       0x24 common/built-in.o
                0x80810428                miiphy_write
 .text.miiphy_listdev
                0x8081044c       0x54 common/built-in.o
                0x8081044c                miiphy_listdev
 .text.miiphy_info
                0x808104a0       0x5c common/built-in.o
                0x808104a0                miiphy_info
 .text.miiphy_speed
                0x808104fc       0x80 common/built-in.o
                0x808104fc                miiphy_speed
 .text.miiphy_duplex
                0x8081057c       0x7c common/built-in.o
                0x8081057c                miiphy_duplex
 .text.miiphy_is_1000base_x
                0x808105f8        0x4 common/built-in.o
                0x808105f8                miiphy_is_1000base_x
 .text.usb_set_maxpacket_ep
                0x808105fc       0x5c common/built-in.o
 .text.usb_stop
                0x80810658       0x38 common/built-in.o
                0x80810658                usb_stop
 .text.usb_disable_asynch
                0x80810690       0x14 common/built-in.o
                0x80810690                usb_disable_asynch
 .text.usb_control_msg
                0x808106a4       0x84 common/built-in.o
                0x808106a4                usb_control_msg
 .text.usb_get_descriptor
                0x80810728       0x36 common/built-in.o
 *fill*         0x8081075e        0x2 
 .text.get_descriptor_len
                0x80810760       0x60 common/built-in.o
 .text.usb_setup_descriptor
                0x808107c0       0x78 common/built-in.o
 .text.usb_get_string
                0x80810838       0x50 common/built-in.o
 .text.usb_string_sub
                0x80810888       0x94 common/built-in.o
 .text.usb_bulk_msg
                0x8081091c       0x4a common/built-in.o
                0x8081091c                usb_bulk_msg
 .text.usb_maxpacket
                0x80810966       0x14 common/built-in.o
                0x80810966                usb_maxpacket
 .text.usb_clear_halt
                0x8081097a       0x5e common/built-in.o
                0x8081097a                usb_clear_halt
 .text.usb_get_configuration_len
                0x808109d8       0x50 common/built-in.o
                0x808109d8                usb_get_configuration_len
 .text.usb_get_configuration_no
                0x80810a28       0x1c common/built-in.o
                0x80810a28                usb_get_configuration_no
 .text.usb_set_interface
                0x80810a44       0x74 common/built-in.o
                0x80810a44                usb_set_interface
 .text.usb_string
                0x80810ab8       0x9a common/built-in.o
                0x80810ab8                usb_string
 *fill*         0x80810b52        0x2 
 .text.usb_get_dev_index
                0x80810b54       0x18 common/built-in.o
                0x80810b54                usb_get_dev_index
 .text.usb_alloc_new_device
                0x80810b6c       0x68 common/built-in.o
                0x80810b6c                usb_alloc_new_device
 .text.usb_free_device
                0x80810bd4       0x30 common/built-in.o
                0x80810bd4                usb_free_device
 .text.usb_alloc_device
                0x80810c04        0x4 common/built-in.o
                0x80810c04                usb_alloc_device
 .text.usb_select_config
                0x80810c08      0x310 common/built-in.o
                0x80810c08                usb_select_config
 .text.usb_setup_device
                0x80810f18       0xa4 common/built-in.o
                0x80810f18                usb_setup_device
 .text.usb_new_device
                0x80810fbc       0x1e common/built-in.o
                0x80810fbc                usb_new_device
 *fill*         0x80810fda        0x2 
 .text.usb_init
                0x80810fdc       0xd8 common/built-in.o
                0x80810fdc                usb_init
 .text.board_usb_init
                0x808110b4        0x4 common/built-in.o
                0x808110b4                board_usb_init
 .text.board_usb_cleanup
                0x808110b8        0x4 common/built-in.o
                0x808110b8                board_usb_cleanup
 .text.usb_device_has_child_on_port
                0x808110bc       0x10 common/built-in.o
                0x808110bc                usb_device_has_child_on_port
 .text.usb_find_usb2_hub_address_port
                0x808110cc       0x34 common/built-in.o
                0x808110cc                usb_find_usb2_hub_address_port
 .text.usb_set_port_feature
                0x80811100       0x2e common/built-in.o
 .text.usb_get_hub_descriptor
                0x8081112e       0x3e common/built-in.o
 .text.usb_clear_port_feature.isra.0
                0x8081116c       0x2e common/built-in.o
 .text.usb_hub_reset_devices
                0x8081119a        0x2 common/built-in.o
                0x8081119a                usb_hub_reset_devices
 .text.usb_get_port_status
                0x8081119c       0x30 common/built-in.o
                0x8081119c                usb_get_port_status
 .text.usb_hub_reset
                0x808111cc       0x18 common/built-in.o
                0x808111cc                usb_hub_reset
 .text.usb_hub_port_connect_change
                0x808111e4      0x138 common/built-in.o
                0x808111e4                usb_hub_port_connect_change
 .text.usb_hub_configure
                0x8081131c      0x3c0 common/built-in.o
 .text.usb_hub_probe
                0x808116dc       0x3a common/built-in.o
                0x808116dc                usb_hub_probe
 .text.usb_stor_irq
                0x80811716       0x10 common/built-in.o
 *fill*         0x80811726        0x2 
 .text.usb_stor_BBB_reset
                0x80811728       0x94 common/built-in.o
 .text.usb_stor_CB_reset
                0x808117bc       0x88 common/built-in.o
 .text.usb_stor_CB_comdat
                0x80811844      0x154 common/built-in.o
 .text.usb_stor_CBI_get_status
                0x80811998       0x7c common/built-in.o
 .text.usb_stor_CB_transport
                0x80811a14      0x150 common/built-in.o
 .text.usb_request_sense.constprop.0.isra.0
                0x80811b64       0x48 common/built-in.o
 .text.usb_stor_read
                0x80811bac       0xf4 common/built-in.o
 .text.usb_stor_write
                0x80811ca0       0xf4 common/built-in.o
 .text.usb_stor_BBB_clear_endpt_stall.isra.0
                0x80811d94       0x2c common/built-in.o
 .text.usb_stor_BBB_transport
                0x80811dc0      0x1b0 common/built-in.o
 .text.usb_stor_info
                0x80811f70       0x48 common/built-in.o
                0x80811f70                usb_stor_info
 .text.usb_storage_probe
                0x80811fb8      0x154 common/built-in.o
                0x80811fb8                usb_storage_probe
 .text.usb_stor_get_info
                0x8081210c      0x224 common/built-in.o
                0x8081210c                usb_stor_get_info
 .text.usb_stor_scan
                0x80812330      0x148 common/built-in.o
                0x80812330                usb_stor_scan
 .text.menu_display_statusline
                0x80812478        0x2 common/built-in.o
                0x80812478                menu_display_statusline
 .text.menu_default_set
                0x8081247a       0x4a common/built-in.o
                0x8081247a                menu_default_set
 .text.menu_get_choice
                0x808124c4      0x11c common/built-in.o
                0x808124c4                menu_get_choice
 .text.menu_item_add
                0x808125e0       0x7c common/built-in.o
                0x808125e0                menu_item_add
 .text.menu_create
                0x8081265c       0x50 common/built-in.o
                0x8081265c                menu_create
 .text.menu_destroy
                0x808126ac       0x44 common/built-in.o
                0x808126ac                menu_destroy
 .text.update_tftp
                0x808126f0      0x228 common/built-in.o
                0x808126f0                update_tftp
 .text.cread_add_char
                0x80812918       0x80 common/built-in.o
 .text.delete_char
                0x80812998       0x88 common/built-in.o
 .text.cli_readline_into_buffer
                0x80812a20      0x654 common/built-in.o
                0x80812a20                cli_readline_into_buffer
 .text.cli_readline
                0x80813074       0x10 common/built-in.o
                0x80813074                cli_readline
 .text.cli_simple_process_macros
                0x80813084      0x13c common/built-in.o
                0x80813084                cli_simple_process_macros
 .text.console_setfile
                0x808131c0       0x74 common/built-in.o
 .text.fgetc.part.0
                0x80813234       0x28 common/built-in.o
 .text.getc     0x8081325c       0x1a common/built-in.o
                0x8081325c                getc
 *fill*         0x80813276        0x2 
 .text.puts     0x80813278       0x28 common/built-in.o
                0x80813278                puts
 .text.putc     0x808132a0       0x28 common/built-in.o
                0x808132a0                putc
 .text.ftstc    0x808132c8       0x18 common/built-in.o
                0x808132c8                ftstc
 .text.tstc     0x808132e0       0x1a common/built-in.o
                0x808132e0                tstc
 *fill*         0x808132fa        0x2 
 .text.fputs    0x808132fc       0x14 common/built-in.o
                0x808132fc                fputs
 .text.ctrlc    0x80813310       0x34 common/built-in.o
                0x80813310                ctrlc
 .text.disable_ctrlc
                0x80813344       0x10 common/built-in.o
                0x80813344                disable_ctrlc
 .text.had_ctrlc
                0x80813354        0xc common/built-in.o
                0x80813354                had_ctrlc
 .text.clear_ctrlc
                0x80813360        0xc common/built-in.o
                0x80813360                clear_ctrlc
 .text.search_device
                0x8081336c       0x16 common/built-in.o
                0x8081336c                search_device
 .text.console_assign
                0x80813382       0x2a common/built-in.o
                0x80813382                console_assign
 .text.on_console
                0x808133ac       0x6c common/built-in.o
 .text.console_init_f
                0x80813418        0xa common/built-in.o
                0x80813418                console_init_f
 *fill*         0x80813422        0x2 
 .text.console_init_r
                0x80813424       0x88 common/built-in.o
                0x80813424                console_init_r
 .text.sbrk     0x808134ac       0x40 common/built-in.o
                0x808134ac                sbrk
 .text.mem_malloc_init
                0x808134ec       0x28 common/built-in.o
                0x808134ec                mem_malloc_init
 .text.malloc_trim
                0x80813514       0x7c common/built-in.o
                0x80813514                malloc_trim
 .text.free     0x80813590      0x164 common/built-in.o
                0x80813590                free
 .text.malloc   0x808136f4      0x414 common/built-in.o
                0x808136f4                malloc
 .text.calloc   0x80813b08       0xb8 common/built-in.o
                0x80813b08                calloc
 .text.realloc  0x80813bc0      0x2d0 common/built-in.o
                0x80813bc0                realloc
 .text.memalign
                0x80813e90      0x11a common/built-in.o
                0x80813e90                memalign
 .text.initf_malloc
                0x80813faa       0x14 common/built-in.o
                0x80813faa                initf_malloc
 .text.alloc_simple
                0x80813fbe       0x36 common/built-in.o
 .text.malloc_simple
                0x80813ff4        0x6 common/built-in.o
                0x80813ff4                malloc_simple
 *fill*         0x80813ffa        0x2 
 .text.on_loadaddr
                0x80813ffc       0x1c common/built-in.o
 .text.image_check_hcrc
                0x80814018       0x2a common/built-in.o
                0x80814018                image_check_hcrc
 .text.image_check_dcrc
                0x80814042       0x22 common/built-in.o
                0x80814042                image_check_dcrc
 .text.image_multi_count
                0x80814064       0x12 common/built-in.o
                0x80814064                image_multi_count
 .text.image_multi_getimg
                0x80814076       0x4a common/built-in.o
                0x80814076                image_multi_getimg
 .text.env_get_bootm_low
                0x808140c0       0x20 common/built-in.o
                0x808140c0                env_get_bootm_low
 .text.env_get_bootm_size
                0x808140e0       0x44 common/built-in.o
                0x808140e0                env_get_bootm_size
 .text.env_get_bootm_mapsize
                0x80814124       0x20 common/built-in.o
                0x80814124                env_get_bootm_mapsize
 .text.memmove_wd
                0x80814144       0x46 common/built-in.o
                0x80814144                memmove_wd
 *fill*         0x8081418a        0x2 
 .text.genimg_print_size
                0x8081418c       0x24 common/built-in.o
                0x8081418c                genimg_print_size
 .text.genimg_print_time
                0x808141b0       0x30 common/built-in.o
                0x808141b0                genimg_print_time
 .text.get_table_entry
                0x808141e0       0x12 common/built-in.o
                0x808141e0                get_table_entry
 .text.get_table_entry_name
                0x808141f2       0x12 common/built-in.o
                0x808141f2                get_table_entry_name
 .text.genimg_get_os_name
                0x80814204       0x14 common/built-in.o
                0x80814204                genimg_get_os_name
 .text.genimg_get_arch_name
                0x80814218       0x14 common/built-in.o
                0x80814218                genimg_get_arch_name
 .text.genimg_get_type_name
                0x8081422c       0x14 common/built-in.o
                0x8081422c                genimg_get_type_name
 .text.genimg_get_comp_name
                0x80814240       0x14 common/built-in.o
                0x80814240                genimg_get_comp_name
 .text.image_print_contents
                0x80814254      0x12c common/built-in.o
                0x80814254                image_print_contents
 .text.get_table_entry_id
                0x80814380       0x26 common/built-in.o
                0x80814380                get_table_entry_id
 *fill*         0x808143a6        0x2 
 .text.genimg_get_os_id
                0x808143a8       0x14 common/built-in.o
                0x808143a8                genimg_get_os_id
 .text.genimg_get_arch_id
                0x808143bc       0x14 common/built-in.o
                0x808143bc                genimg_get_arch_id
 .text.genimg_get_type_id
                0x808143d0       0x14 common/built-in.o
                0x808143d0                genimg_get_type_id
 .text.genimg_get_comp_id
                0x808143e4       0x14 common/built-in.o
                0x808143e4                genimg_get_comp_id
 .text.genimg_get_kernel_addr_fit
                0x808143f8       0x3c common/built-in.o
                0x808143f8                genimg_get_kernel_addr_fit
 .text.genimg_get_kernel_addr
                0x80814434       0x16 common/built-in.o
                0x80814434                genimg_get_kernel_addr
 *fill*         0x8081444a        0x2 
 .text.genimg_get_format
                0x8081444c       0x30 common/built-in.o
                0x8081444c                genimg_get_format
 .text.genimg_has_config
                0x8081447c        0xa common/built-in.o
                0x8081447c                genimg_has_config
 *fill*         0x80814486        0x2 
 .text.boot_get_ramdisk
                0x80814488      0x268 common/built-in.o
                0x80814488                boot_get_ramdisk
 .text.boot_ramdisk_high
                0x808146f0       0xbc common/built-in.o
                0x808146f0                boot_ramdisk_high
 .text.boot_get_setup
                0x808147ac        0x4 common/built-in.o
                0x808147ac                boot_get_setup
 .text.boot_get_loadable
                0x808147b0       0xe4 common/built-in.o
                0x808147b0                boot_get_loadable
 .text.image_setup_linux
                0x80814894       0x3a common/built-in.o
                0x80814894                image_setup_linux
 *fill*         0x808148ce        0x2 
 .text.android_image_get_kernel
                0x808148d0      0x160 common/built-in.o
                0x808148d0                android_image_get_kernel
 .text.android_image_check_header
                0x80814a30       0x10 common/built-in.o
                0x80814a30                android_image_check_header
 .text.android_image_get_end
                0x80814a40       0x78 common/built-in.o
                0x80814a40                android_image_get_end
 .text.android_image_get_kload
                0x80814ab8       0x40 common/built-in.o
                0x80814ab8                android_image_get_kload
 .text.android_image_get_ramdisk
                0x80814af8       0xc4 common/built-in.o
                0x80814af8                android_image_get_ramdisk
 .text.android_image_get_second
                0x80814bbc       0xe8 common/built-in.o
                0x80814bbc                android_image_get_second
 .text.android_print_contents
                0x80814ca4      0x1a4 common/built-in.o
                0x80814ca4                android_print_contents
 .text.fdt_error
                0x80814e48       0x24 common/built-in.o
 .text.boot_fdt_add_mem_rsv_regions
                0x80814e6c       0xe8 common/built-in.o
                0x80814e6c                boot_fdt_add_mem_rsv_regions
 .text.boot_relocate_fdt
                0x80814f54      0x108 common/built-in.o
                0x80814f54                boot_relocate_fdt
 .text.boot_get_fdt
                0x8081505c      0x27c common/built-in.o
                0x8081505c                boot_get_fdt
 .text.ft_verify_fdt
                0x808152d8        0x4 common/built-in.o
                0x808152d8                ft_verify_fdt
 .text.image_setup_libfdt
                0x808152dc       0xb0 common/built-in.o
                0x808152dc                image_setup_libfdt
 .text.fit_image_get_address
                0x8081538c       0x3c common/built-in.o
 .text.fit_parse_conf
                0x808153c8       0x3a common/built-in.o
                0x808153c8                fit_parse_conf
 .text.fit_parse_subimage
                0x80815402       0x3a common/built-in.o
                0x80815402                fit_parse_subimage
 .text.fit_get_desc
                0x8081543c       0x20 common/built-in.o
                0x8081543c                fit_get_desc
 .text.fit_get_timestamp
                0x8081545c       0x30 common/built-in.o
                0x8081545c                fit_get_timestamp
 .text.fit_image_get_node
                0x8081548c       0x24 common/built-in.o
                0x8081548c                fit_image_get_node
 .text.fit_image_get_os
                0x808154b0       0x28 common/built-in.o
                0x808154b0                fit_image_get_os
 .text.fit_image_get_arch
                0x808154d8       0x28 common/built-in.o
                0x808154d8                fit_image_get_arch
 .text.fit_image_get_type
                0x80815500       0x28 common/built-in.o
                0x80815500                fit_image_get_type
 .text.fit_image_get_comp
                0x80815528       0x28 common/built-in.o
                0x80815528                fit_image_get_comp
 .text.fit_image_get_load
                0x80815550        0xc common/built-in.o
                0x80815550                fit_image_get_load
 .text.fit_image_get_entry
                0x8081555c        0xc common/built-in.o
                0x8081555c                fit_image_get_entry
 .text.fit_image_get_data
                0x80815568       0x28 common/built-in.o
                0x80815568                fit_image_get_data
 .text.fit_image_get_data_offset
                0x80815590       0x24 common/built-in.o
                0x80815590                fit_image_get_data_offset
 .text.fit_image_get_data_position
                0x808155b4       0x24 common/built-in.o
                0x808155b4                fit_image_get_data_position
 .text.fit_image_get_data_size
                0x808155d8       0x24 common/built-in.o
                0x808155d8                fit_image_get_data_size
 .text.fit_image_get_data_and_size
                0x808155fc       0x58 common/built-in.o
                0x808155fc                fit_image_get_data_and_size
 .text.fit_image_hash_get_algo
                0x80815654       0x20 common/built-in.o
                0x80815654                fit_image_hash_get_algo
 .text.fit_image_hash_get_value
                0x80815674       0x28 common/built-in.o
                0x80815674                fit_image_hash_get_value
 .text.fit_image_print_data
                0x8081569c      0x130 common/built-in.o
 .text.fit_image_print_verification_data
                0x808157cc       0x60 common/built-in.o
 .text.fit_image_print
                0x8081582c      0x230 common/built-in.o
                0x8081582c                fit_image_print
 .text.fit_print_contents
                0x80815a5c      0x2dc common/built-in.o
                0x80815a5c                fit_print_contents
 .text.fit_get_end
                0x80815d38        0x8 common/built-in.o
                0x80815d38                fit_get_end
 .text.calculate_hash
                0x80815d40       0x98 common/built-in.o
                0x80815d40                calculate_hash
 .text.fit_image_verify_with_data
                0x80815dd8      0x138 common/built-in.o
                0x80815dd8                fit_image_verify_with_data
 .text.fit_image_verify
                0x80815f10       0x54 common/built-in.o
                0x80815f10                fit_image_verify
 .text.fit_all_image_verify
                0x80815f64       0xa0 common/built-in.o
                0x80815f64                fit_all_image_verify
 .text.fit_image_check_os
                0x80816004       0x20 common/built-in.o
                0x80816004                fit_image_check_os
 .text.fit_image_check_arch
                0x80816024       0x2c common/built-in.o
                0x80816024                fit_image_check_arch
 .text.fit_image_check_type
                0x80816050       0x20 common/built-in.o
                0x80816050                fit_image_check_type
 .text.fit_image_check_comp
                0x80816070       0x20 common/built-in.o
                0x80816070                fit_image_check_comp
 .text.fit_check_format
                0x80816090       0x40 common/built-in.o
                0x80816090                fit_check_format
 .text.fit_conf_get_node
                0x808160d0       0x7c common/built-in.o
                0x808160d0                fit_conf_get_node
 .text.fit_conf_get_prop_node_index
                0x8081614c       0x20 common/built-in.o
                0x8081614c                fit_conf_get_prop_node_index
 .text.fit_conf_get_prop_node
                0x8081616c        0x6 common/built-in.o
                0x8081616c                fit_conf_get_prop_node
 .text.fit_get_node_from_config
                0x80816172       0x2a common/built-in.o
                0x80816172                fit_get_node_from_config
 .text.fit_image_load
                0x8081619c      0x3d4 common/built-in.o
                0x8081619c                fit_image_load
 .text.boot_get_setup_fit
                0x80816570       0x40 common/built-in.o
                0x80816570                boot_get_setup_fit
 .text.boot_get_fdt_fit
                0x808165b0      0x1c4 common/built-in.o
                0x808165b0                boot_get_fdt_fit
 .text.get_ram_size
                0x80816774       0x86 common/built-in.o
                0x80816774                get_ram_size
 .text.get_effective_memsize
                0x808167fa        0x6 common/built-in.o
                0x808167fa                get_effective_memsize
 .text.stdio_serial_tstc
                0x80816800        0x4 common/built-in.o
 .text.stdio_serial_getc
                0x80816804        0x4 common/built-in.o
 .text.stdio_serial_puts
                0x80816808        0x6 common/built-in.o
 .text.stdio_serial_putc
                0x8081680e        0x6 common/built-in.o
 .text.stdio_get_list
                0x80816814        0x8 common/built-in.o
                0x80816814                stdio_get_list
 .text.stdio_get_by_name
                0x8081681c       0x30 common/built-in.o
                0x8081681c                stdio_get_by_name
 .text.stdio_clone
                0x8081684c       0x22 common/built-in.o
                0x8081684c                stdio_clone
 *fill*         0x8081686e        0x2 
 .text.stdio_register_dev
                0x80816870       0x30 common/built-in.o
                0x80816870                stdio_register_dev
 .text.stdio_register
                0x808168a0        0x6 common/built-in.o
                0x808168a0                stdio_register
 *fill*         0x808168a6        0x2 
 .text.stdio_init_tables
                0x808168a8       0x14 common/built-in.o
                0x808168a8                stdio_init_tables
 .text.stdio_add_devices
                0x808168bc       0x50 common/built-in.o
                0x808168bc                stdio_add_devices
 .text.run_command
                0x8081690c        0xe common/built-in.o
                0x8081690c                run_command
 .text.run_command_list
                0x8081691a       0x46 common/built-in.o
                0x8081691a                run_command_list
 .text.do_run   0x80816960       0x4c common/built-in.o
                0x80816960                do_run
 .text.cli_process_fdt
                0x808169ac       0x30 common/built-in.o
                0x808169ac                cli_process_fdt
 .text.cli_secure_boot_cmd
                0x808169dc       0x4c common/built-in.o
                0x808169dc                cli_secure_boot_cmd
 .text.cli_loop
                0x80816a28        0x8 common/built-in.o
                0x80816a28                cli_loop
 .text.cli_init
                0x80816a30        0x4 common/built-in.o
                0x80816a30                cli_init
 .text.run_usb_dnl_gadget
                0x80816a34       0xc4 common/built-in.o
                0x80816a34                run_usb_dnl_gadget
 .text.find_cmd_tbl
                0x80816af8       0x66 common/built-in.o
                0x80816af8                find_cmd_tbl
 *fill*         0x80816b5e        0x2 
 .text.find_cmd
                0x80816b60       0x24 common/built-in.o
                0x80816b60                find_cmd
 .text.cmd_usage
                0x80816b84       0x3c common/built-in.o
                0x80816b84                cmd_usage
 .text._do_help
                0x80816bc0      0x104 common/built-in.o
                0x80816bc0                _do_help
 .text.var_complete
                0x80816cc4       0x50 common/built-in.o
                0x80816cc4                var_complete
 .text.complete_subcmdv
                0x80816d14      0x100 common/built-in.o
                0x80816d14                complete_subcmdv
 .text.cmd_auto_complete
                0x80816e14      0x27c common/built-in.o
                0x80816e14                cmd_auto_complete
 .text.cmd_get_data_size
                0x80817090       0x34 common/built-in.o
                0x80817090                cmd_get_data_size
 .text.cmd_always_repeatable
                0x808170c4       0x10 common/built-in.o
                0x808170c4                cmd_always_repeatable
 .text.cmd_never_repeatable
                0x808170d4       0x10 common/built-in.o
                0x808170d4                cmd_never_repeatable
 .text.cmd_process
                0x808170e4       0x9c common/built-in.o
                0x808170e4                cmd_process
 .text.cmd_process_error
                0x80817180       0x1c common/built-in.o
                0x80817180                cmd_process_error
 .text.hex1_bin
                0x8081719c       0x2c common/built-in.o
 .text.hex2_bin
                0x808171c8       0x24 common/built-in.o
 .text.srec_decode
                0x808171ec      0x15c common/built-in.o
                0x808171ec                srec_decode
 .text.CYGACC_COMM_IF_GETC_TIMEOUT.constprop.0
                0x80817348       0x32 common/built-in.o
 .text.xyzModem_flush
                0x8081737a       0x14 common/built-in.o
 *fill*         0x8081738e        0x2 
 .text.xyzModem_get_hdr
                0x80817390      0x16c common/built-in.o
 .text.xyzModem_stream_open
                0x808174fc      0x15c common/built-in.o
                0x808174fc                xyzModem_stream_open
 .text.xyzModem_stream_read
                0x80817658      0x198 common/built-in.o
                0x80817658                xyzModem_stream_read
 .text.xyzModem_stream_close
                0x808177f0       0x40 common/built-in.o
                0x808177f0                xyzModem_stream_close
 .text.xyzModem_stream_terminate
                0x80817830       0x68 common/built-in.o
                0x80817830                xyzModem_stream_terminate
 .text.xyzModem_error
                0x80817898       0x18 common/built-in.o
                0x80817898                xyzModem_error
 .text.part_driver_lookup_type
                0x808178b0       0x4c disk/built-in.o
 .text.blk_get_dev
                0x808178fc       0x1c disk/built-in.o
                0x808178fc                blk_get_dev
 .text.dev_print
                0x80817918      0x178 disk/built-in.o
                0x80817918                dev_print
 .text.part_init
                0x80817a90       0x34 disk/built-in.o
                0x80817a90                part_init
 .text.part_print
                0x80817ac4       0xb8 disk/built-in.o
                0x80817ac4                part_print
 .text.part_get_info
                0x80817b7c       0x36 disk/built-in.o
                0x80817b7c                part_get_info
 *fill*         0x80817bb2        0x2 
 .text.part_get_info_whole_disk
                0x80817bb4       0x38 disk/built-in.o
                0x80817bb4                part_get_info_whole_disk
 .text.blk_get_device_by_str
                0x80817bec       0xc0 disk/built-in.o
                0x80817bec                blk_get_device_by_str
 .text.blk_get_device_part_str
                0x80817cac      0x244 disk/built-in.o
                0x80817cac                blk_get_device_part_str
 .text.part_get_info_by_name_type
                0x80817ef0       0x48 disk/built-in.o
                0x80817ef0                part_get_info_by_name_type
 .text.part_get_info_by_name
                0x80817f38        0x8 disk/built-in.o
                0x80817f38                part_get_info_by_name
 .text.part_set_generic_name
                0x80817f40       0x38 disk/built-in.o
                0x80817f40                part_set_generic_name
 .text.test_block_type
                0x80817f78       0x50 disk/built-in.o
 .text.print_partition_extended
                0x80817fc8      0x150 disk/built-in.o
 .text.part_print_dos
                0x80818118       0x20 disk/built-in.o
                0x80818118                part_print_dos
 .text.part_test_dos
                0x80818138       0x48 disk/built-in.o
 .text.part_get_info_extended
                0x80818180      0x178 disk/built-in.o
 .text.part_get_info_dos
                0x808182f8       0x1a disk/built-in.o
                0x808182f8                part_get_info_dos
 .text.is_valid_dos_buf
                0x80818312       0x10 disk/built-in.o
                0x80818312                is_valid_dos_buf
 *fill*         0x80818322        0x2 
 .text.write_mbr_partition
                0x80818324       0x44 disk/built-in.o
                0x80818324                write_mbr_partition
 .text.iso_dread
                0x80818368       0x22 disk/built-in.o
                0x80818368                iso_dread
 *fill*         0x8081838a        0x2 
 .text.part_get_info_iso_verb
                0x8081838c      0x22c disk/built-in.o
                0x8081838c                part_get_info_iso_verb
 .text.part_test_iso
                0x808185b8       0x14 disk/built-in.o
 .text.part_print_iso
                0x808185cc       0x60 disk/built-in.o
 .text.part_get_info_iso
                0x8081862c        0x6 disk/built-in.o
 *fill*         0x80818632        0x2 
 .text.print_efiname
                0x80818634       0x3c disk/built-in.o
 .text.part_test_efi
                0x80818670       0x82 disk/built-in.o
 *fill*         0x808186f2        0x2 
 .text.is_pte_valid
                0x808186f4       0x38 disk/built-in.o
 .text.validate_gpt_entries
                0x8081872c       0x80 disk/built-in.o
 *fill*         0x808187ac        0x4 
 .text.validate_gpt_header
                0x808187b0      0x1a8 disk/built-in.o
 .text.is_gpt_valid
                0x80818958      0x1b0 disk/built-in.o
 .text.part_print_efi
                0x80818b08      0x1e0 disk/built-in.o
                0x80818b08                part_print_efi
 .text.part_get_info_efi
                0x80818ce8      0x170 disk/built-in.o
                0x80818ce8                part_get_info_efi
 .text.get_disk_guid
                0x80818e58       0xa4 disk/built-in.o
                0x80818e58                get_disk_guid
 .text.write_gpt_table
                0x80818efc      0x37c disk/built-in.o
                0x80818efc                write_gpt_table
 .text.gpt_fill_pte
                0x80819278      0x25c disk/built-in.o
                0x80819278                gpt_fill_pte
 .text.gpt_fill_header
                0x808194d4      0x19c disk/built-in.o
                0x808194d4                gpt_fill_header
 .text.gpt_restore
                0x80819670       0xc8 disk/built-in.o
                0x80819670                gpt_restore
 .text.gpt_verify_headers
                0x80819738       0x54 disk/built-in.o
                0x80819738                gpt_verify_headers
 .text.gpt_verify_partitions
                0x8081978c      0x16c disk/built-in.o
                0x8081978c                gpt_verify_partitions
 .text.is_valid_gpt_buf
                0x808198f8       0x4e disk/built-in.o
                0x808198f8                is_valid_gpt_buf
 *fill*         0x80819946        0x2 
 .text.write_mbr_and_gpt_partitions
                0x80819948      0x2f0 disk/built-in.o
                0x80819948                write_mbr_and_gpt_partitions
 .text.alloc_priv
                0x80819c38       0x38 drivers/built-in.o
 .text.device_bind_common.constprop.0
                0x80819c70      0x200 drivers/built-in.o
 .text.device_bind_with_driver_data
                0x80819e70       0x16 drivers/built-in.o
                0x80819e70                device_bind_with_driver_data
 .text.device_bind_by_name
                0x80819e86       0x44 drivers/built-in.o
                0x80819e86                device_bind_by_name
 *fill*         0x80819eca        0x2 
 .text.device_probe
                0x80819ecc      0x140 drivers/built-in.o
                0x80819ecc                device_probe
 .text.dev_get_platdata
                0x8081a00c       0x20 drivers/built-in.o
                0x8081a00c                dev_get_platdata
 .text.dev_get_parent_platdata
                0x8081a02c       0x20 drivers/built-in.o
                0x8081a02c                dev_get_parent_platdata
 .text.dev_get_uclass_platdata
                0x8081a04c       0x20 drivers/built-in.o
                0x8081a04c                dev_get_uclass_platdata
 .text.dev_get_priv
                0x8081a06c       0x20 drivers/built-in.o
                0x8081a06c                dev_get_priv
 .text.dev_get_uclass_priv
                0x8081a08c       0x20 drivers/built-in.o
                0x8081a08c                dev_get_uclass_priv
 .text.device_find_first_child
                0x8081a0ac       0x12 drivers/built-in.o
                0x8081a0ac                device_find_first_child
 .text.device_find_next_child
                0x8081a0be       0x16 drivers/built-in.o
                0x8081a0be                device_find_next_child
 .text.dev_get_parent
                0x8081a0d4        0x4 drivers/built-in.o
                0x8081a0d4                dev_get_parent
 .text.dev_get_driver_data
                0x8081a0d8        0x4 drivers/built-in.o
                0x8081a0d8                dev_get_driver_data
 .text.devfdt_get_addr_index
                0x8081a0dc       0x7c drivers/built-in.o
                0x8081a0dc                devfdt_get_addr_index
 .text.devfdt_get_addr
                0x8081a158        0x6 drivers/built-in.o
                0x8081a158                devfdt_get_addr
 *fill*         0x8081a15e        0x2 
 .text.lists_driver_lookup_name
                0x8081a160       0x34 drivers/built-in.o
                0x8081a160                lists_driver_lookup_name
 .text.lists_uclass_lookup
                0x8081a194       0x2c drivers/built-in.o
                0x8081a194                lists_uclass_lookup
 .text.lists_bind_drivers
                0x8081a1c0       0x64 drivers/built-in.o
                0x8081a1c0                lists_bind_drivers
 .text.device_bind_driver_to_node
                0x8081a224       0x2c drivers/built-in.o
                0x8081a224                device_bind_driver_to_node
 .text.device_bind_driver
                0x8081a250       0x12 drivers/built-in.o
                0x8081a250                device_bind_driver
 *fill*         0x8081a262        0x2 
 .text.lists_bind_fdt
                0x8081a264       0xfc drivers/built-in.o
                0x8081a264                lists_bind_fdt
 .text.dm_scan_fdt_node
                0x8081a360       0x98 drivers/built-in.o
 .text.dm_scan_fdt_ofnode_path
                0x8081a3f8       0x24 drivers/built-in.o
 .text.dm_root  0x8081a41c       0x1c drivers/built-in.o
                0x8081a41c                dm_root
 .text.dm_get_translation_offset
                0x8081a438        0xe drivers/built-in.o
                0x8081a438                dm_get_translation_offset
 *fill*         0x8081a446        0x2 
 .text.dm_init  0x8081a448       0x4c drivers/built-in.o
                0x8081a448                dm_init
 .text.dm_remove_devices_flags
                0x8081a494       0x12 drivers/built-in.o
                0x8081a494                dm_remove_devices_flags
 *fill*         0x8081a4a6        0x2 
 .text.dm_scan_platdata
                0x8081a4a8       0x20 drivers/built-in.o
                0x8081a4a8                dm_scan_platdata
 .text.dm_scan_fdt_dev
                0x8081a4c8       0x1c drivers/built-in.o
                0x8081a4c8                dm_scan_fdt_dev
 .text.dm_scan_fdt
                0x8081a4e4       0x14 drivers/built-in.o
                0x8081a4e4                dm_scan_fdt
 .text.dm_extended_scan_fdt
                0x8081a4f8       0x30 drivers/built-in.o
                0x8081a4f8                dm_extended_scan_fdt
 .text.dm_scan_other
                0x8081a528        0x4 drivers/built-in.o