fs/fat/fat.c:29:13:downcase	8	static
fs/fat/fat.c:44:12:disk_read	16	static
fs/fat/fat.c:162:14:get_fatent	24	static
fs/fat/fat.c:787:19:next_dent	16	static
fs/fat/fat.c:247:1:get_cluster	40	dynamic
fs/fat/fat.c:478:1:read_bootsectandvi	24	static
fs/fat/fat.c:679:12:fat_itr_root	128	static
fs/fat/fat.c:864:12:fat_itr_next	56	static
fs/fat/fat.c:937:12:fat_itr_resolve	32	static
fs/fat/fat.c:59:5:fat_set_blk_dev	24	dynamic
fs/fat/fat.c:88:5:fat_register_device	136	static
fs/fat/fat.c:1014:5:file_fat_detectfs	120	static
fs/fat/fat.c:1076:5:fat_exists	64	static
fs/fat/fat.c:1096:5:fat_size	72	static
fs/fat/fat.c:1132:5:file_fat_read_at	104	static
fs/fat/fat.c:1168:5:file_fat_read	40	static
fs/fat/fat.c:1180:5:fat_read_file	48	static
fs/fat/fat.c:1199:5:fat_opendir	24	static
fs/fat/fat.c:1227:5:fat_readdir	16	static
fs/fat/fat.c:1250:6:fat_closedir	0	static
fs/fat/fat.c:1257:6:fat_close	0	static
