drivers/usb/gadget/ether.c:1202:13:eth_setup_complete	0	static
drivers/usb/gadget/ether.c:1623:13:tx_complete	0	static
drivers/usb/gadget/ether.c:1806:13:eth_suspend	0	static
drivers/usb/gadget/ether.c:1554:13:rx_complete	16	static
drivers/usb/gadget/ether.c:2532:12:usb_eth_send	32	static
drivers/usb/gadget/ether.c:1220:13:rndis_command_complete	8	static
drivers/usb/gadget/ether.c:1765:13:eth_unbind	16	static
drivers/usb/gadget/ether.c:1830:13:rndis_control_ack_complete	16	static
drivers/usb/gadget/ether.c:1857:12:rndis_control_ack	16	static
drivers/usb/gadget/ether.c:1972:11:nibble	0	static
drivers/usb/gadget/ether.c:1004:13:eth_reset_config	8	static
drivers/usb/gadget/ether.c:1800:13:eth_disconnect	0	static
drivers/usb/gadget/ether.c:1944:12:is_eth_addr_valid	32	static
drivers/usb/gadget/ether.c:927:1:set_ether_config.constprop	16	static
drivers/usb/gadget/ether.c:1243:1:eth_setup	48	static
drivers/usb/gadget/ether.c:1507:12:rx_submit.constprop.isra	16	static
drivers/usb/gadget/ether.c:2539:12:usb_eth_recv	16	static
drivers/usb/gadget/ether.c:1982:12:get_ether_addr.isra	24	static
drivers/usb/gadget/ether.c:2002:12:eth_bind	64	static
drivers/usb/gadget/ether.c:2491:13:_usb_eth_halt	8	static
drivers/usb/gadget/ether.c:2566:6:usb_eth_halt	0	static
drivers/usb/gadget/ether.c:2525:12:usb_eth_init	32	static
drivers/usb/gadget/ether.c:1211:13:rndis_response_complete	0	static
drivers/usb/gadget/ether.c:1811:13:eth_resume	0	static
drivers/usb/gadget/ether.c:2573:5:usb_eth_initialize	16	static
