Archive member included to satisfy reference by file (symbol)

arch/arm/lib/lib.a(lib1funcs.o)
                              arch/arm/mach-omap2/built-in.o (__aeabi_uidiv)
arch/arm/lib/lib.a(div0.o)    arch/arm/lib/lib.a(lib1funcs.o) (__div0)

Discarded input sections

 .data          0x00000000        0x0 arch/arm/cpu/armv7/start.o
 .bss           0x00000000        0x0 arch/arm/cpu/armv7/start.o
 .text.get_dpll_mpu_params
                0x00000000        0x8 arch/arm/mach-omap2/built-in.o
 .text.set_mpu_spreadspectrum
                0x00000000       0xc8 arch/arm/mach-omap2/built-in.o
 .text.do_disable_clocks
                0x00000000       0x6c arch/arm/mach-omap2/built-in.o
 .text.scale_vcores
                0x00000000        0x2 arch/arm/mach-omap2/built-in.o
 .text.rtc_only_prcm_init
                0x00000000       0x1c arch/arm/mach-omap2/built-in.o
 .text.get_cpu_rev
                0x00000000       0x14 arch/arm/mach-omap2/built-in.o
 .text.get_cpu_type
                0x00000000       0x14 arch/arm/mach-omap2/built-in.o
 .text.get_sysboot_value
                0x00000000       0x14 arch/arm/mach-omap2/built-in.o
 .text.print_cpuinfo
                0x00000000       0x9c arch/arm/mach-omap2/built-in.o
 .text.am335x_get_mpu_vdd
                0x00000000       0x20 arch/arm/mach-omap2/built-in.o
 .text.dram_init
                0x00000000       0x1a arch/arm/mach-omap2/built-in.o
 .text.arch_cpu_init_dm
                0x00000000        0xe arch/arm/mach-omap2/built-in.o
 .text.set_uart_mux_conf
                0x00000000        0x2 arch/arm/mach-omap2/built-in.o
 .text.set_mux_conf_regs
                0x00000000        0x2 arch/arm/mach-omap2/built-in.o
 .text.ft_cpu_setup
                0x00000000        0x2 arch/arm/mach-omap2/built-in.o
 .text.clk_synthesizer_reg_write
                0x00000000       0x30 arch/arm/mach-omap2/built-in.o
 .text.setup_clock_synthesizer
                0x00000000       0x90 arch/arm/mach-omap2/built-in.o
 .text.warm_reset
                0x00000000       0x1c arch/arm/mach-omap2/built-in.o
 .text.setup_warmreset_time
                0x00000000        0x2 arch/arm/mach-omap2/built-in.o
 .text.get_ticks
                0x00000000        0xa arch/arm/mach-omap2/built-in.o
 .text.get_tbclk
                0x00000000        0x6 arch/arm/mach-omap2/built-in.o
 .text.do_cancel_out
                0x00000000       0x2e arch/arm/mach-omap2/built-in.o
 .text.omap_set_fastboot_vars
                0x00000000      0x148 arch/arm/mach-omap2/built-in.o
 .text.cancel_out
                0x00000000       0x62 arch/arm/mach-omap2/built-in.o
 .text.omap_die_id
                0x00000000        0xc arch/arm/mach-omap2/built-in.o
 .text.omap_die_id_serial
                0x00000000       0x4c arch/arm/mach-omap2/built-in.o
 .text.omap_die_id_get_board_serial
                0x00000000       0x20 arch/arm/mach-omap2/built-in.o
 .text.omap_die_id_usbethaddr
                0x00000000       0x68 arch/arm/mach-omap2/built-in.o
 .text.omap_die_id_display
                0x00000000       0x2c arch/arm/mach-omap2/built-in.o
 .text.get_device_type
                0x00000000       0x18 arch/arm/mach-omap2/built-in.o
 .text.enable_caches
                0x00000000       0x14 arch/arm/mach-omap2/built-in.o
 .text.dram_bank_mmu_setup
                0x00000000       0x28 arch/arm/mach-omap2/built-in.o
 .text.arm_init_domains
                0x00000000       0x16 arch/arm/mach-omap2/built-in.o
 .text.enable_gpmc_cs_config
                0x00000000       0x6c arch/arm/mach-omap2/built-in.o
 .text.set_gpmc_cs0
                0x00000000       0x18 arch/arm/mach-omap2/built-in.o
 .text.gpmc_init
                0x00000000       0x50 arch/arm/mach-omap2/built-in.o
 .rodata.set_mpu_spreadspectrum.str1.1
                0x00000000       0x31 arch/arm/mach-omap2/built-in.o
 .rodata.dpll_core_opp100
                0x00000000       0x10 arch/arm/mach-omap2/built-in.o
 .rodata.dpll_disp_regs
                0x00000000       0x24 arch/arm/mach-omap2/built-in.o
 .rodata.cmrtc  0x00000000        0x4 arch/arm/mach-omap2/built-in.o
 .rodata.cmdpll
                0x00000000        0x4 arch/arm/mach-omap2/built-in.o
 .rodata.cmper  0x00000000        0x4 arch/arm/mach-omap2/built-in.o
 .rodata.do_disable_clocks.str1.1
                0x00000000       0x2b arch/arm/mach-omap2/built-in.o
 .rodata.print_cpuinfo.str1.1
                0x00000000       0x3d arch/arm/mach-omap2/built-in.o
 .rodata.CSWTCH.9
                0x00000000       0x4c arch/arm/mach-omap2/built-in.o
 .rodata.dev_types
                0x00000000       0x10 arch/arm/mach-omap2/built-in.o
 .rodata.clk_synthesizer_reg_write.str1.1
                0x00000000       0x33 arch/arm/mach-omap2/built-in.o
 .rodata.setup_clock_synthesizer.str1.1
                0x00000000       0x63 arch/arm/mach-omap2/built-in.o
 .rodata.omap_set_fastboot_vars.str1.1
                0x00000000      0x11a arch/arm/mach-omap2/built-in.o
[...]
Memory Configuration

Name             Origin             Length             Attributes
.sram            0x402f0400         0x0001b000
.sdram           0x80a00000         0x00080000
*default*        0x00000000         0xffffffff

Linker script and memory map


.text           0x402f0400    0x10884
                0x402f0400                        __start = .
 *(.vectors)
 .vectors       0x402f0400       0x44 arch/arm/lib/built-in.o
                0x402f0400                _start
                0x402f0420                _undefined_instruction
                0x402f0424                _software_interrupt
                0x402f0428                _prefetch_abort
                0x402f042c                _data_abort
                0x402f0430                _not_used
                0x402f0434                _irq
                0x402f0438                _fiq
 arch/arm/cpu/armv7/start.o(.text*)
 .text          0x402f0444       0xd4 arch/arm/cpu/armv7/start.o
                0x402f0444                reset
                0x402f0448                save_boot_params_ret
                0x402f0484                c_runtime_cpu_setup
                0x402f0498                cpu_init_cp15
                0x402f050c                cpu_init_crit
 *(.text*)
 .text          0x402f0518       0x60 arch/arm/mach-omap2/built-in.o
                0x402f0518                save_boot_params
                0x402f0524                omap_smc1
                0x402f0540                omap_smc_sec
 .text.get_dpll_core_params
                0x402f0578       0x14 arch/arm/mach-omap2/built-in.o
                0x402f0578                get_dpll_core_params
 .text.get_dpll_per_params
                0x402f058c       0x14 arch/arm/mach-omap2/built-in.o
                0x402f058c                get_dpll_per_params
 .text.setup_clocks_for_console
                0x402f05a0       0x74 arch/arm/mach-omap2/built-in.o
                0x402f05a0                setup_clocks_for_console
 .text.enable_basic_clocks
                0x402f0614       0x44 arch/arm/mach-omap2/built-in.o
                0x402f0614                enable_basic_clocks
 .text.do_setup_dpll
                0x402f0658       0xcc arch/arm/mach-omap2/built-in.o
                0x402f0658                do_setup_dpll
 .text.do_enable_clocks
                0x402f0724       0x68 arch/arm/mach-omap2/built-in.o
                0x402f0724                do_enable_clocks
 .text.setup_early_clocks
                0x402f078c       0x12 arch/arm/mach-omap2/built-in.o
                0x402f078c                setup_early_clocks
 *fill*         0x402f079e        0x2 
 .text.prcm_init
                0x402f07a0       0x5c arch/arm/mach-omap2/built-in.o
                0x402f07a0                prcm_init
 .text.get_sys_clk_index
                0x402f07fc       0x14 arch/arm/mach-omap2/built-in.o
                0x402f07fc                get_sys_clk_index
 .text.am335x_get_efuse_mpu_max_freq
                0x402f0810       0x76 arch/arm/mach-omap2/built-in.o
                0x402f0810                am335x_get_efuse_mpu_max_freq
 .text.am335x_get_tps65910_mpu_vdd
                0x402f0886       0x3c arch/arm/mach-omap2/built-in.o
                0x402f0886                am335x_get_tps65910_mpu_vdd
 *fill*         0x402f08c2        0x2 
 .text.configure_mr
                0x402f08c4       0x88 arch/arm/mach-omap2/built-in.o
 .text.config_sdram_emif4d5
                0x402f094c      0x15c arch/arm/mach-omap2/built-in.o
                0x402f094c                config_sdram_emif4d5
 .text.config_sdram
                0x402f0aa8       0x80 arch/arm/mach-omap2/built-in.o
                0x402f0aa8                config_sdram
 .text.set_sdram_timings
                0x402f0b28       0x3c arch/arm/mach-omap2/built-in.o
                0x402f0b28                set_sdram_timings
 .text.config_ddr_phy
                0x402f0b64      0x1ac arch/arm/mach-omap2/built-in.o
                0x402f0b64                config_ddr_phy
 .text.config_cmd_ctrl
                0x402f0d10       0x44 arch/arm/mach-omap2/built-in.o
                0x402f0d10                config_cmd_ctrl
 .text.config_ddr_data
                0x402f0d54       0x4c arch/arm/mach-omap2/built-in.o
                0x402f0d54                config_ddr_data
 .text.config_io_ctrl
                0x402f0da0       0x3c arch/arm/mach-omap2/built-in.o
                0x402f0da0                config_io_ctrl
 .text.ddr_pll_config
                0x402f0ddc        0x2 arch/arm/mach-omap2/built-in.o
                0x402f0ddc                ddr_pll_config
 *fill*         0x402f0dde        0x2 
 .text.config_ddr
                0x402f0de0       0xb4 arch/arm/mach-omap2/built-in.o
                0x402f0de0                config_ddr
 .text.am33xx_otg0_set_phy_power
                0x402f0e94       0x24 arch/arm/mach-omap2/built-in.o
 .text.am33xx_otg1_set_phy_power
                0x402f0eb8       0x24 arch/arm/mach-omap2/built-in.o
 .text.dram_init_banksize
                0x402f0edc       0x18 arch/arm/mach-omap2/built-in.o
                0x402f0edc                dram_init_banksize
 .text.cpu_mmc_init
                0x402f0ef4       0x28 arch/arm/mach-omap2/built-in.o
                0x402f0ef4                cpu_mmc_init
 .text.arch_misc_init
                0x402f0f1c       0x34 arch/arm/mach-omap2/built-in.o
                0x402f0f1c                arch_misc_init
 .text.board_early_init_f
                0x402f0f50        0xe arch/arm/mach-omap2/built-in.o
                0x402f0f50                board_early_init_f
 .text.am33xx_spl_board_init
                0x402f0f5e        0x2 arch/arm/mach-omap2/built-in.o
                0x402f0f5e                am33xx_spl_board_init
 .text.s_init   0x402f0f60        0x2 arch/arm/mach-omap2/built-in.o
                0x402f0f60                s_init
 *fill*         0x402f0f62        0x2 
 .text.early_system_init
                0x402f0f64       0x7c arch/arm/mach-omap2/built-in.o
                0x402f0f64                early_system_init
 .text.board_init_f
                0x402f0fe0       0x24 arch/arm/mach-omap2/built-in.o
                0x402f0fe0                board_init_f
 .text.configure_module_pin_mux
                0x402f1004       0x20 arch/arm/mach-omap2/built-in.o
                0x402f1004                configure_module_pin_mux
 .text.hw_data_init
                0x402f1024       0x14 arch/arm/mach-omap2/built-in.o
                0x402f1024                hw_data_init
 .text.reset_cpu
                0x402f1038       0x14 arch/arm/mach-omap2/built-in.o
                0x402f1038                reset_cpu
 .text.get_timer_masked
                0x402f104c       0x58 arch/arm/mach-omap2/built-in.o
 .text.timer_init
                0x402f10a4       0x18 arch/arm/mach-omap2/built-in.o
                0x402f10a4                timer_init
 .text.get_timer
                0x402f10bc        0xc arch/arm/mach-omap2/built-in.o
                0x402f10bc                get_timer
 .text.__udelay
                0x402f10c8       0x34 arch/arm/mach-omap2/built-in.o
                0x402f10c8                __udelay
 .text.omap_sys_boot_device
                0x402f10fc        0x4 arch/arm/mach-omap2/built-in.o
                0x402f10fc                omap_sys_boot_device
 .text.save_omap_boot_params
                0x402f1100       0x78 arch/arm/mach-omap2/built-in.o
                0x402f1100                save_omap_boot_params
 .text.spl_boot_device
                0x402f1178        0x6 arch/arm/mach-omap2/built-in.o
                0x402f1178                spl_boot_device
 .text.spl_boot_mode
                0x402f117e        0x6 arch/arm/mach-omap2/built-in.o
                0x402f117e                spl_boot_mode
 .text.spl_board_init
                0x402f1184       0x16 arch/arm/mach-omap2/built-in.o
                0x402f1184                spl_board_init
 *fill*         0x402f119a        0x2 
 .text.jump_to_image_no_args
                0x402f119c       0x10 arch/arm/mach-omap2/built-in.o
                0x402f119c                jump_to_image_no_args
 .text          0x402f11ac      0x158 arch/arm/cpu/armv7/built-in.o
                0x402f11ac                __v7_flush_dcache_all
                0x402f1248                v7_flush_dcache_all
                0x402f1258                __v7_invalidate_dcache_all
                0x402f12f4                v7_invalidate_dcache_all
 .text.invalidate_icache_all
                0x402f1304       0x14 arch/arm/cpu/armv7/built-in.o
                0x402f1304                invalidate_icache_all
 .text.v7_outer_cache_disable
                0x402f1318        0x2 arch/arm/cpu/armv7/built-in.o
                0x402f1318                v7_outer_cache_disable
 .text.v7_outer_cache_flush_all
                0x402f131a        0x2 arch/arm/cpu/armv7/built-in.o
                0x402f131a                v7_outer_cache_flush_all
 .text.flush_dcache_all
                0x402f131c        0xe arch/arm/cpu/armv7/built-in.o
                0x402f131c                flush_dcache_all
 .text.v7_outer_cache_inval_all
                0x402f132a        0x2 arch/arm/cpu/armv7/built-in.o
                0x402f132a                v7_outer_cache_inval_all
 .text.invalidate_dcache_all
                0x402f132c        0xe arch/arm/cpu/armv7/built-in.o
                0x402f132c                invalidate_dcache_all
 .text.v7_outer_cache_flush_range
                0x402f133a        0x2 arch/arm/cpu/armv7/built-in.o
                0x402f133a                v7_outer_cache_flush_range
 .text.flush_dcache_range
                0x402f133c       0x38 arch/arm/cpu/armv7/built-in.o
                0x402f133c                flush_dcache_range
 .text.cpu_cache_initialization
                0x402f1374        0x2 arch/arm/cpu/armv7/built-in.o
                0x402f1374                cpu_cache_initialization
 .text.cleanup_before_linux_select
                0x402f1376       0x38 arch/arm/cpu/armv7/built-in.o
                0x402f1376                cleanup_before_linux_select
 .text.cleanup_before_linux
                0x402f13ae        0x6 arch/arm/cpu/armv7/built-in.o
                0x402f13ae                cleanup_before_linux
 .text.v7_arch_cp15_set_acr
                0x402f13b4        0x6 arch/arm/cpu/armv7/built-in.o
                0x402f13b4                v7_arch_cp15_set_acr
 .text.wait_on_value
                0x402f13ba       0x1e arch/arm/cpu/armv7/built-in.o
                0x402f13ba                wait_on_value
 .text.lowlevel_init
                0x402f13d8       0x1c arch/arm/cpu/armv7/built-in.o
                0x402f13d8                lowlevel_init
 *fill*         0x402f13f4        0xc 
 .text          0x402f1400      0x404 arch/arm/lib/built-in.o
                0x402f1400                _main
                0x402f1480                memset
                0x402f1520                memcpy
 .text.jump_to_image_linux
                0x402f1804       0x14 arch/arm/lib/built-in.o
                0x402f1804                jump_to_image_linux
 .text.bootz_setup
                0x402f1818       0x6c arch/arm/lib/built-in.o
                0x402f1818                bootz_setup
 .text.arch_fixup_fdt
                0x402f1884       0x3a arch/arm/lib/built-in.o
                0x402f1884                arch_fixup_fdt
 .text.disable_interrupts
                0x402f18be        0x4 arch/arm/lib/built-in.o
                0x402f18be                disable_interrupts
 .text.reset_misc
                0x402f18c2        0x2 arch/arm/lib/built-in.o
                0x402f18c2                reset_misc
 .text.do_reset
                0x402f18c4       0x28 arch/arm/lib/built-in.o
                0x402f18c4                do_reset
 .text.check_cache_range
                0x402f18ec        0xe arch/arm/lib/built-in.o
                0x402f18ec                check_cache_range
 .text.icache_enable
                0x402f18fa       0x12 arch/arm/lib/built-in.o
                0x402f18fa                icache_enable
 .text.icache_disable
                0x402f190c       0x16 arch/arm/lib/built-in.o
                0x402f190c                icache_disable
 .text.dcache_disable
                0x402f1922       0x20 arch/arm/lib/built-in.o
                0x402f1922                dcache_disable
 *fill*         0x402f1942        0x2 
 .text.km_bbb_mux
                0x402f1944       0x30 board/ti/am335x/built-in.o
                0x402f1944                km_bbb_mux
 .text.enable_board_pin_mux
                0x402f1974        0x4 board/ti/am335x/built-in.o
                0x402f1974                enable_board_pin_mux
 .text.enable_uart0_pin_mux
                0x402f1978        0xc board/ti/am335x/built-in.o
                0x402f1978                enable_uart0_pin_mux
 .text.enable_uart4_pin_mux
                0x402f1984        0x2 board/ti/am335x/built-in.o
                0x402f1984                enable_uart4_pin_mux
 *fill*         0x402f1986        0x2 
 .text.enable_i2c0_pin_mux
                0x402f1988        0xc board/ti/am335x/built-in.o
                0x402f1988                enable_i2c0_pin_mux
 .text.bone_not_connected_to_ac_power
                0x402f1994       0x38 board/ti/am335x/built-in.o
 .text.do_board_detect
                0x402f19cc       0x20 board/ti/am335x/built-in.o
                0x402f19cc                do_board_detect
 .text.spl_start_uboot
                0x402f19ec       0x30 board/ti/am335x/built-in.o
                0x402f19ec                spl_start_uboot
 .text.get_dpll_ddr_params
                0x402f1a1c       0xa0 board/ti/am335x/built-in.o
                0x402f1a1c                get_dpll_ddr_params
 .text.get_dpll_mpu_params
                0x402f1abc       0xb4 board/ti/am335x/built-in.o
                0x402f1abc                get_dpll_mpu_params
 .text.scale_vcores_generic
                0x402f1b70       0x44 board/ti/am335x/built-in.o
                0x402f1b70                scale_vcores_generic
 .text.gpi2c_init
                0x402f1bb4       0x18 board/ti/am335x/built-in.o
                0x402f1bb4                gpi2c_init
 .text.scale_vcores
                0x402f1bcc      0x1cc board/ti/am335x/built-in.o
                0x402f1bcc                scale_vcores
 .text.set_uart_mux_conf
                0x402f1d98       0x20 board/ti/am335x/built-in.o
                0x402f1d98                set_uart_mux_conf
 .text.set_mux_conf_regs
                0x402f1db8        0x4 board/ti/am335x/built-in.o
                0x402f1db8                set_mux_conf_regs
 .text.sdram_init
                0x402f1dbc      0x17c board/ti/am335x/built-in.o
                0x402f1dbc                sdram_init
 .text.rtc32k_enable
                0x402f1f38       0x64 board/ti/am335x/built-in.o
                0x402f1f38                rtc32k_enable
 .text.ti_i2c_eeprom_get
                0x402f1f9c       0x98 board/ti/common/built-in.o
 .text.ti_eeprom_string_cleanup
                0x402f2034       0x22 board/ti/common/built-in.o
 *fill*         0x402f2056        0x2 
 .text.ti_i2c_eeprom_am_get
                0x402f2058       0xc8 board/ti/common/built-in.o
                0x402f2058                ti_i2c_eeprom_am_get
 .text.board_ti_is
                0x402f2120       0x30 board/ti/common/built-in.o
                0x402f2120                board_ti_is
 .text.board_ti_get_rev
                0x402f2150        0x8 board/ti/common/built-in.o
                0x402f2150                board_ti_get_rev
 .text.show_boot_progress
                0x402f2158        0x2 common/spl/built-in.o
                0x402f2158                show_boot_progress
 .text.spl_perform_fixups
                0x402f215a        0x2 common/spl/built-in.o
                0x402f215a                spl_perform_fixups
 .text.spl_fixup_fdt
                0x402f215c       0x50 common/spl/built-in.o
                0x402f215c                spl_fixup_fdt
 .text.spl_board_prepare_for_linux
                0x402f21ac        0x2 common/spl/built-in.o
                0x402f21ac                spl_board_prepare_for_linux
 .text.spl_board_prepare_for_boot
                0x402f21ae        0x2 common/spl/built-in.o
                0x402f21ae                spl_board_prepare_for_boot
 .text.spl_get_load_buffer
                0x402f21b0        0x6 common/spl/built-in.o
                0x402f21b0                spl_get_load_buffer
 *fill*         0x402f21b6        0x2 
 .text.spl_set_header_raw_uboot
                0x402f21b8       0x20 common/spl/built-in.o
                0x402f21b8                spl_set_header_raw_uboot
 .text.spl_parse_image_header
                0x402f21d8       0x78 common/spl/built-in.o
                0x402f21d8                spl_parse_image_header
 .text.spl_set_bd
                0x402f2250       0x14 common/spl/built-in.o
                0x402f2250                spl_set_bd
 .text.spl_early_init
                0x402f2264       0x2c common/spl/built-in.o
                0x402f2264                spl_early_init
 .text.spl_init
                0x402f2290       0x2c common/spl/built-in.o
                0x402f2290                spl_init
 .text.board_boot_order
                0x402f22bc        0xc common/spl/built-in.o
                0x402f22bc                board_boot_order
 .text.board_init_r
                0x402f22c8      0x104 common/spl/built-in.o
                0x402f22c8                board_init_r
 .text.preloader_console_init
                0x402f23cc       0x24 common/spl/built-in.o
                0x402f23cc                preloader_console_init
 .text.spl_relocate_stack_gd
                0x402f23f0       0x34 common/spl/built-in.o
                0x402f23f0                spl_relocate_stack_gd
 .text.spl_ymodem_load_image
                0x402f2424       0xa0 common/spl/built-in.o
 .text.getcymodem
                0x402f24c4       0x16 common/spl/built-in.o
 *fill*         0x402f24da        0x2 
 .text.mmc_load_image_raw_sector
                0x402f24dc       0x74 common/spl/built-in.o
 .text.spl_mmc_load_image
                0x402f2550      0x198 common/spl/built-in.o
                0x402f2550                spl_mmc_load_image
 .text.spl_register_fat_device
                0x402f26e8       0x34 common/spl/built-in.o
 .text.spl_load_image_fat
                0x402f271c       0x68 common/spl/built-in.o
                0x402f271c                spl_load_image_fat
 .text.spl_load_image_fat_os
                0x402f2784       0xbc common/spl/built-in.o
                0x402f2784                spl_load_image_fat_os
 .text.spl_load_image_ext
                0x402f2840       0xe8 common/spl/built-in.o
                0x402f2840                spl_load_image_ext
 .text.spl_load_image_ext_os
                0x402f2928      0x130 common/spl/built-in.o
                0x402f2928                spl_load_image_ext_os
 .text.board_init_f_alloc_reserve
                0x402f2a58        0xa common/init/built-in.o
                0x402f2a58                board_init_f_alloc_reserve
 .text.board_init_f_init_reserve
                0x402f2a62       0x14 common/init/built-in.o
                0x402f2a62                board_init_f_init_reserve
 .text.CYGACC_COMM_IF_GETC_TIMEOUT.constprop.0
                0x402f2a76       0x32 common/built-in.o
 .text.xyzModem_flush
                0x402f2aa8       0x14 common/built-in.o
 .text.xyzModem_get_hdr
                0x402f2abc      0x16c common/built-in.o
 .text.xyzModem_stream_open
                0x402f2c28      0x15c common/built-in.o
                0x402f2c28                xyzModem_stream_open
 .text.xyzModem_stream_read
                0x402f2d84      0x198 common/built-in.o
                0x402f2d84                xyzModem_stream_read
 .text.xyzModem_stream_close
                0x402f2f1c       0x40 common/built-in.o
                0x402f2f1c                xyzModem_stream_close
 .text.xyzModem_stream_terminate
                0x402f2f5c       0x68 common/built-in.o
                0x402f2f5c                xyzModem_stream_terminate
 .text.xyzModem_error
                0x402f2fc4       0x18 common/built-in.o
                0x402f2fc4                xyzModem_error
 .text.fdt_find_or_add_subnode
                0x402f2fdc       0x40 common/built-in.o
                0x402f2fdc                fdt_find_or_add_subnode
 .text.fdt_fixup_memory_banks
                0x402f301c      0x184 common/built-in.o
                0x402f301c                fdt_fixup_memory_banks
 .text.fdt_shrink_to_minimum
                0x402f31a0       0x7e common/built-in.o
                0x402f31a0                fdt_shrink_to_minimum
 *fill*         0x402f321e        0x2 
 .text.fgetc.part.0
                0x402f3220       0x28 common/built-in.o
 .text.getc     0x402f3248       0x1a common/built-in.o
                0x402f3248                getc
 *fill*         0x402f3262        0x2 
 .text.puts     0x402f3264       0x28 common/built-in.o
                0x402f3264                puts
 .text.putc     0x402f328c       0x28 common/built-in.o
                0x402f328c                putc
 .text.ftstc    0x402f32b4       0x18 common/built-in.o
                0x402f32b4                ftstc
 .text.tstc     0x402f32cc       0x1a common/built-in.o
                0x402f32cc                tstc
 *fill*         0x402f32e6        0x2 
 .text.mem_malloc_init
                0x402f32e8       0x28 common/built-in.o
                0x402f32e8                mem_malloc_init
 .text.alloc_simple
                0x402f3310       0x36 common/built-in.o
 .text.malloc_simple
                0x402f3346        0x6 common/built-in.o
                0x402f3346                malloc_simple
 .text.memalign_simple
                0x402f334c        0xa common/built-in.o
                0x402f334c                memalign_simple
 .text.calloc   0x402f3356       0x1c common/built-in.o
                0x402f3356                calloc
 .text.get_ram_size
                0x402f3372       0x86 common/built-in.o
                0x402f3372                get_ram_size
 .text.envmatch
                0x402f33f8       0x48 cmd/built-in.o
                0x402f33f8                envmatch
 .text.env_get_f
                0x402f3440       0x84 cmd/built-in.o
                0x402f3440                env_get_f
 .text.env_get  0x402f34c4       0x54 cmd/built-in.o
                0x402f34c4                env_get
 .text.env_get_yesno
                0x402f3518       0x2a env/built-in.o
                0x402f3518                env_get_yesno
 .text.env_get_default
                0x402f3542       0x2a env/built-in.o
                0x402f3542                env_get_default
 .text.set_default_env
                0x402f356c       0x68 env/built-in.o
                0x402f356c                set_default_env
 .text.env_import
                0x402f35d4       0x8c env/built-in.o
                0x402f35d4                env_import
 .text.env_export
                0x402f3660        0x4 env/built-in.o
                0x402f3660                env_export
 .text.env_get_location
                0x402f3664        0xe env/built-in.o
                0x402f3664                env_get_location
 *fill*         0x402f3672        0x2 
 .text.env_driver_lookup
                0x402f3674       0x34 env/built-in.o
 .text.env_get_char_spec
                0x402f36a8        0x8 env/built-in.o
                0x402f36a8                env_get_char_spec
 .text.env_get_char
                0x402f36b0       0x14 env/built-in.o
                0x402f36b0                env_get_char
 .text.env_load
                0x402f36c4       0x6c env/built-in.o
                0x402f36c4                env_load
 .text.env_init
                0x402f3730       0x58 env/built-in.o
                0x402f3730                env_init
 .text.regex_callback
                0x402f3788       0xc4 env/built-in.o
 .text.env_attr_walk
                0x402f384c       0xa4 env/built-in.o
                0x402f384c                env_attr_walk
 .text.env_attr_lookup
                0x402f38f0       0x40 env/built-in.o
                0x402f38f0                env_attr_lookup
 .text.skip_num
                0x402f3930       0x3c env/built-in.o
 .text.env_flags_parse_vartype
                0x402f396c       0x30 env/built-in.o
                0x402f396c                env_flags_parse_vartype
 .text.env_flags_parse_varaccess
                0x402f399c       0x30 env/built-in.o
                0x402f399c                env_flags_parse_varaccess
 .text.eth_validate_ethaddr_str
                0x402f39cc       0x52 env/built-in.o
                0x402f39cc                eth_validate_ethaddr_str
 *fill*         0x402f3a1e        0x2 
 .text.env_flags_init
                0x402f3a20       0x88 env/built-in.o
                0x402f3a20                env_flags_init
 .text.env_flags_validate
                0x402f3aa8      0x19c env/built-in.o
                0x402f3aa8                env_flags_validate
 .text.env_callback_init
                0x402f3c44       0x94 env/built-in.o
                0x402f3c44                env_callback_init
 .text.env_ext4_save
                0x402f3cd8       0x98 env/built-in.o
 .text.env_ext4_load
                0x402f3d70       0xc0 env/built-in.o
 .text.fdt_check_header
                0x402f3e30       0x48 lib/built-in.o
                0x402f3e30                fdt_check_header
 .text.fdt_offset_ptr
                0x402f3e78       0x32 lib/built-in.o
                0x402f3e78                fdt_offset_ptr
 .text.fdt_next_tag
                0x402f3eaa       0xa0 lib/built-in.o
                0x402f3eaa                fdt_next_tag
 .text.fdt_check_node_offset_
                0x402f3f4a       0x24 lib/built-in.o
                0x402f3f4a                fdt_check_node_offset_
 .text.fdt_check_prop_offset_
                0x402f3f6e       0x24 lib/built-in.o
                0x402f3f6e                fdt_check_prop_offset_
 .text.fdt_next_node
                0x402f3f92       0x6e lib/built-in.o
                0x402f3f92                fdt_next_node
 .text.fdt_find_string_
                0x402f4000       0x30 lib/built-in.o
                0x402f4000                fdt_find_string_
 .text.fdt_strerror
                0x402f4030       0x3c lib/built-in.o
                0x402f4030                fdt_strerror
 .text.fdt_blocks_misordered_
                0x402f406c       0x36 lib/built-in.o
 .text.fdt_splice_
                0x402f40a2       0x4c lib/built-in.o
 .text.fdt_splice_mem_rsv_
                0x402f40ee       0x2e lib/built-in.o
 .text.fdt_splice_struct_
                0x402f411c       0x26 lib/built-in.o
 .text.fdt_add_property_
                0x402f4142       0xc0 lib/built-in.o
 .text.fdt_rw_check_header_
                0x402f4202       0x3a lib/built-in.o
 .text.fdt_add_mem_rsv
                0x402f423c       0x56 lib/built-in.o
                0x402f423c                fdt_add_mem_rsv
 .text.fdt_del_mem_rsv
                0x402f4292       0x3c lib/built-in.o
                0x402f4292                fdt_del_mem_rsv
 .text.fdt_setprop_placeholder
                0x402f42ce       0x76 lib/built-in.o
                0x402f42ce                fdt_setprop_placeholder
 .text.fdt_setprop
                0x402f4344       0x26 lib/built-in.o
                0x402f4344                fdt_setprop
 .text.fdt_add_subnode_namelen
                0x402f436a       0x98 lib/built-in.o
                0x402f436a                fdt_add_subnode_namelen
 .text.fdt_add_subnode
                0x402f4402       0x1e lib/built-in.o
                0x402f4402                fdt_add_subnode
 .text.fdt_address_cells
                0x402f4420       0x34 lib/built-in.o
                0x402f4420                fdt_address_cells
 .text.fdt_size_cells
                0x402f4454       0x34 lib/built-in.o
                0x402f4454                fdt_size_cells
 .text._nextprop
                0x402f4488       0x32 lib/built-in.o
 .text.fdt_string
                0x402f44ba        0xa lib/built-in.o
                0x402f44ba                fdt_string
 .text.fdt_get_mem_rsv
                0x402f44c4       0x3e lib/built-in.o
                0x402f44c4                fdt_get_mem_rsv
 .text.fdt_num_mem_rsv
                0x402f4502       0x1a lib/built-in.o
                0x402f4502                fdt_num_mem_rsv
 .text.fdt_subnode_offset_namelen
                0x402f451c       0x7c lib/built-in.o
                0x402f451c                fdt_subnode_offset_namelen
 .text.fdt_subnode_offset
                0x402f4598       0x1e lib/built-in.o
                0x402f4598                fdt_subnode_offset
 .text.fdt_get_name
                0x402f45b6       0x3c lib/built-in.o
                0x402f45b6                fdt_get_name
 .text.fdt_first_property_offset
                0x402f45f2       0x18 lib/built-in.o
                0x402f45f2                fdt_first_property_offset
 .text.fdt_next_property_offset
                0x402f460a       0x18 lib/built-in.o
                0x402f460a                fdt_next_property_offset
 .text.fdt_get_property_by_offset
                0x402f4622       0x2c lib/built-in.o
                0x402f4622                fdt_get_property_by_offset
 .text.fdt_get_property_namelen
                0x402f464e       0x70 lib/built-in.o
                0x402f464e                fdt_get_property_namelen
 .text.fdt_get_property
                0x402f46be       0x22 lib/built-in.o
                0x402f46be                fdt_get_property
 .text.fdt_getprop_namelen
                0x402f46e0       0x12 lib/built-in.o
                0x402f46e0                fdt_getprop_namelen
 .text.fdt_getprop
                0x402f46f2       0x22 lib/built-in.o
                0x402f46f2                fdt_getprop
 .text.crc16_ccitt
                0x402f4714       0x28 lib/built-in.o
                0x402f4714                crc16_ccitt
 .text.drop_var_from_set.part.0
                0x402f473c       0x30 lib/built-in.o
 .text.hcreate_r
                0x402f476c       0x58 lib/built-in.o
                0x402f476c                hcreate_r
 .text.hdestroy_r
                0x402f47c4       0x14 lib/built-in.o
                0x402f47c4                hdestroy_r
 .text.hsearch_r
                0x402f47d8      0x268 lib/built-in.o
                0x402f47d8                hsearch_r
 .text.hdelete_r
                0x402f4a40       0x98 lib/built-in.o
                0x402f4a40                hdelete_r
 .text.himport_r
                0x402f4ad8      0x234 lib/built-in.o
                0x402f4ad8                himport_r
 .text.crc32_no_comp
                0x402f4d0c       0x90 lib/built-in.o
                0x402f4d0c                crc32_no_comp
 .text.crc32    0x402f4d9c        0xc lib/built-in.o
                0x402f4d9c                crc32
 .text.__div64_32
                0x402f4da8       0x7a lib/built-in.o
                0x402f4da8                __div64_32
 *fill*         0x402f4e22        0x2 
 .text.hang     0x402f4e24       0x18 lib/built-in.o
                0x402f4e24                hang
 .text.kmalloc  0x402f4e3c       0x26 lib/built-in.o
                0x402f4e3c                kmalloc
 *fill*         0x402f4e62        0x2 
 .text.skip_spaces
                0x402f4e64       0x18 lib/built-in.o
                0x402f4e64                skip_spaces
 .text.strim    0x402f4e7c       0x34 lib/built-in.o
                0x402f4e7c                strim
 .text.emit     0x402f4eb0       0x20 lib/built-in.o
 .text.store_char_in_data
                0x402f4ed0       0x24 lib/built-in.o
 .text.get_escape_char
                0x402f4ef4       0x54 lib/built-in.o
 .text.relocate
                0x402f4f48       0x2a lib/built-in.o
 *fill*         0x402f4f72        0x2 
 .text.match    0x402f4f74      0x258 lib/built-in.o
 .text.loop_greedy
                0x402f51cc       0x5a lib/built-in.o
 .text.loop_non_greedy
                0x402f5226       0x52 lib/built-in.o
 .text.fixup_branch.part.0
                0x402f5278       0x24 lib/built-in.o
 .text.quantifier
                0x402f529c       0x5c lib/built-in.o
 .text.compile  0x402f52f8      0x24c lib/built-in.o
 .text.slre_compile
                0x402f5544       0x74 lib/built-in.o
                0x402f5544                slre_compile
 .text.slre_match
                0x402f55b8       0x5a lib/built-in.o
                0x402f55b8                slre_match
 *fill*         0x402f5612        0x2 
 .text.strncasecmp
                0x402f5614       0x44 lib/built-in.o
                0x402f5614                strncasecmp
 .text.strcpy   0x402f5658       0x10 lib/built-in.o
                0x402f5658                strcpy
 .text.strncpy  0x402f5668       0x18 lib/built-in.o
                0x402f5668                strncpy
 .text.strcat   0x402f5680       0x1e lib/built-in.o
                0x402f5680                strcat
 .text.strcmp   0x402f569e       0x16 lib/built-in.o
                0x402f569e                strcmp
 .text.strncmp  0x402f56b4       0x22 lib/built-in.o
                0x402f56b4                strncmp
 .text.strchr   0x402f56d6       0x1a lib/built-in.o
                0x402f56d6                strchr
 .text.strlen   0x402f56f0       0x10 lib/built-in.o
                0x402f56f0                strlen
 .text.strlcpy  0x402f5700       0x2e lib/built-in.o
                0x402f5700                strlcpy
 .text.strnlen  0x402f572e       0x18 lib/built-in.o
                0x402f572e                strnlen
 .text.strdup   0x402f5746       0x22 lib/built-in.o
                0x402f5746                strdup
 .text.strspn   0x402f5768       0x20 lib/built-in.o
                0x402f5768                strspn
 .text.strpbrk  0x402f5788       0x22 lib/built-in.o
                0x402f5788                strpbrk
 *fill*         0x402f57aa        0x2 
 .text.strtok   0x402f57ac       0x3c lib/built-in.o
                0x402f57ac                strtok
 .text.memmove  0x402f57e8       0x26 lib/built-in.o
                0x402f57e8                memmove
 .text.memcmp   0x402f580e       0x1e lib/built-in.o
                0x402f580e                memcmp
 .text.memchr   0x402f582c       0x1c lib/built-in.o
                0x402f582c                memchr
 .text.udelay   0x402f5848       0x24 lib/built-in.o
                0x402f5848                udelay
 .text.uuid_bin_to_str
                0x402f586c       0x6c lib/built-in.o
                0x402f586c                uuid_bin_to_str
 .text.panic_finish
                0x402f58d8       0x20 lib/built-in.o
 .text.panic_str
                0x402f58f8        0xa lib/built-in.o
                0x402f58f8                panic_str
 .text.panic    0x402f5902       0x14 lib/built-in.o
                0x402f5902                panic
 .text.div_out  0x402f5916       0x34 lib/built-in.o
 .text.putc_outstr
                0x402f594a        0xa lib/built-in.o
 .text.putc_normal
                0x402f5954        0x6 lib/built-in.o
 *fill*         0x402f595a        0x2 
 .text._vprintf
                0x402f595c      0x1d8 lib/built-in.o
 .text.vprintf  0x402f5b34       0x1c lib/built-in.o
                0x402f5b34                vprintf
 .text.printf   0x402f5b50       0x24 lib/built-in.o
                0x402f5b50                printf
 .text.sprintf  0x402f5b74       0x2c lib/built-in.o
                0x402f5b74                sprintf
 .text.snprintf
                0x402f5ba0       0x2c lib/built-in.o
                0x402f5ba0                snprintf
 .text._parse_integer_fixup_radix
                0x402f5bcc       0x5c lib/built-in.o
 .text.simple_strtoul
                0x402f5c28       0x50 lib/built-in.o
                0x402f5c28                simple_strtoul
 .text.part_driver_lookup_type
                0x402f5c78       0x4c disk/built-in.o
 .text.part_init
                0x402f5cc4       0x34 disk/built-in.o
                0x402f5cc4                part_init
 .text.part_get_info
                0x402f5cf8       0x36 disk/built-in.o
                0x402f5cf8                part_get_info
 *fill*         0x402f5d2e        0x2 
 .text.part_get_info_whole_disk
                0x402f5d30       0x38 disk/built-in.o
                0x402f5d30                part_get_info_whole_disk
 .text.blk_get_device_by_str
                0x402f5d68       0xa8 disk/built-in.o
                0x402f5d68                blk_get_device_by_str
 .text.blk_get_device_part_str
                0x402f5e10      0x220 disk/built-in.o
                0x402f5e10                blk_get_device_part_str
 .text.part_set_generic_name
                0x402f6030       0x38 disk/built-in.o
                0x402f6030                part_set_generic_name
 .text.test_block_type
                0x402f6068       0x50 disk/built-in.o
 .text.part_test_dos
                0x402f60b8       0x40 disk/built-in.o
 .text.part_get_info_extended
                0x402f60f8      0x178 disk/built-in.o
 .text.part_get_info_dos
                0x402f6270       0x1a disk/built-in.o
                0x402f6270                part_get_info_dos
 *fill*         0x402f628a        0x2 
 .text.print_efiname
                0x402f628c       0x3c disk/built-in.o
 .text.part_test_efi
                0x402f62c8       0x82 disk/built-in.o
 *fill*         0x402f634a        0x2 
 .text.is_pte_valid
                0x402f634c       0x38 disk/built-in.o
 .text.validate_gpt_entries
                0x402f6384       0x80 disk/built-in.o
 *fill*         0x402f6404        0x4 
 .text.validate_gpt_header
                0x402f6408      0x1a8 disk/built-in.o
 .text.is_gpt_valid
                0x402f65b0      0x1a4 disk/built-in.o
 .text.part_get_info_efi
                0x402f6754      0x160 disk/built-in.o
                0x402f6754                part_get_info_efi
 .text.alloc_priv
                0x402f68b4       0x38 drivers/built-in.o
 .text.device_bind_common.constprop.0
                0x402f68ec      0x186 drivers/built-in.o
 .text.device_bind_with_driver_data
                0x402f6a72       0x16 drivers/built-in.o
                0x402f6a72                device_bind_with_driver_data
 .text.device_bind_by_name
                0x402f6a88       0x44 drivers/built-in.o
                0x402f6a88                device_bind_by_name
 .text.device_probe
                0x402f6acc      0x10a drivers/built-in.o
                0x402f6acc                device_probe
 .text.dev_get_platdata
                0x402f6bd6        0x6 drivers/built-in.o
                0x402f6bd6                dev_get_platdata
 .text.dev_get_parent_platdata
                0x402f6bdc        0x6 drivers/built-in.o
                0x402f6bdc                dev_get_parent_platdata
 .text.dev_get_priv
                0x402f6be2        0x6 drivers/built-in.o
                0x402f6be2                dev_get_priv
 .text.dev_get_uclass_priv
                0x402f6be8        0x6 drivers/built-in.o
                0x402f6be8                dev_get_uclass_priv
 .text.device_find_first_child
                0x402f6bee       0x12 drivers/built-in.o
                0x402f6bee                device_find_first_child
 .text.device_find_next_child
                0x402f6c00       0x16 drivers/built-in.o
                0x402f6c00                device_find_next_child
 .text.dev_get_parent
                0x402f6c16        0x4 drivers/built-in.o
                0x402f6c16                dev_get_parent
 .text.devfdt_get_addr
                0x402f6c1a        0x6 drivers/built-in.o
                0x402f6c1a                devfdt_get_addr
 .text.lists_driver_lookup_name
                0x402f6c20       0x34 drivers/built-in.o
                0x402f6c20                lists_driver_lookup_name
 .text.lists_uclass_lookup
                0x402f6c54       0x2c drivers/built-in.o
                0x402f6c54                lists_uclass_lookup
 .text.lists_bind_drivers
                0x402f6c80       0x50 drivers/built-in.o
                0x402f6c80                lists_bind_drivers
 .text.device_bind_driver_to_node
                0x402f6cd0       0x2c drivers/built-in.o
                0x402f6cd0                device_bind_driver_to_node
 .text.device_bind_driver
                0x402f6cfc       0x12 drivers/built-in.o
                0x402f6cfc                device_bind_driver
 .text.dm_fixup_for_gd_move
                0x402f6d0e       0x14 drivers/built-in.o
                0x402f6d0e                dm_fixup_for_gd_move
 *fill*         0x402f6d22        0x2 
 .text.dm_init  0x402f6d24       0x38 drivers/built-in.o
                0x402f6d24                dm_init
 .text.dm_scan_platdata
                0x402f6d5c       0x14 drivers/built-in.o
                0x402f6d5c                dm_scan_platdata
 .text.dm_scan_other
                0x402f6d70        0x4 drivers/built-in.o
                0x402f6d70                dm_scan_other
 .text.dm_init_and_scan
                0x402f6d74       0x20 drivers/built-in.o
                0x402f6d74                dm_init_and_scan
 .text.uclass_find
                0x402f6d94       0x2e drivers/built-in.o
                0x402f6d94                uclass_find
 .text.uclass_get
                0x402f6dc2       0x94 drivers/built-in.o
                0x402f6dc2                uclass_get
 .text.uclass_find_device
                0x402f6e56       0x42 drivers/built-in.o
                0x402f6e56                uclass_find_device
 .text.uclass_find_first_device
                0x402f6e98       0x26 drivers/built-in.o
                0x402f6e98                uclass_find_first_device
 .text.uclass_find_next_device
                0x402f6ebe       0x18 drivers/built-in.o
                0x402f6ebe                uclass_find_next_device
 .text.uclass_find_next_free_req_seq
                0x402f6ed6       0x3c drivers/built-in.o
                0x402f6ed6                uclass_find_next_free_req_seq
 .text.uclass_find_device_by_seq
                0x402f6f12       0x4e drivers/built-in.o
                0x402f6f12                uclass_find_device_by_seq
 .text.uclass_get_device_tail
                0x402f6f60       0x16 drivers/built-in.o
                0x402f6f60                uclass_get_device_tail
 .text.uclass_get_device
                0x402f6f76       0x1e drivers/built-in.o
                0x402f6f76                uclass_get_device
 .text.uclass_get_device_by_seq
                0x402f6f94       0x36 drivers/built-in.o
                0x402f6f94                uclass_get_device_by_seq
 .text.uclass_first_device
                0x402f6fca       0x24 drivers/built-in.o
                0x402f6fca                uclass_first_device
 .text.uclass_next_device
                0x402f6fee       0x28 drivers/built-in.o
                0x402f6fee                uclass_next_device
 .text.uclass_bind_device
                0x402f7016       0x3c drivers/built-in.o
                0x402f7016                uclass_bind_device
 .text.uclass_resolve_seq
                0x402f7052       0x52 drivers/built-in.o
                0x402f7052                uclass_resolve_seq
 .text.uclass_pre_probe_device
                0x402f70a4       0x2e drivers/built-in.o
                0x402f70a4                uclass_pre_probe_device
 .text.uclass_post_probe_device
                0x402f70d2       0x2e drivers/built-in.o
                0x402f70d2                uclass_post_probe_device
 .text.gpio_post_bind
                0x402f7100        0x4 drivers/built-in.o
 .text.gpio_to_device
                0x402f7104       0x4a drivers/built-in.o
 *fill*         0x402f714e        0x2 
 .text.check_reserved
                0x402f7150       0x4c drivers/built-in.o
 .text.gpio_renumber
                0x402f719c       0x46 drivers/built-in.o
 .text.gpio_pre_remove
                0x402f71e2       0x12 drivers/built-in.o
 .text.gpio_post_probe
                0x402f71f4       0x24 drivers/built-in.o
 .text.dm_gpio_request
                0x402f7218       0x5a drivers/built-in.o
                0x402f7218                dm_gpio_request
 .text.gpio_request
                0x402f7272       0x18 drivers/built-in.o
                0x402f7272                gpio_request
 *fill*         0x402f728a        0x2 
 .text.gpio_direction_input
                0x402f728c       0x30 drivers/built-in.o
                0x402f728c                gpio_direction_input
 .text.gpio_direction_output
                0x402f72bc       0x34 drivers/built-in.o
                0x402f72bc                gpio_direction_output
 .text.dm_gpio_get_value
                0x402f72f0       0x2c drivers/built-in.o
                0x402f72f0                dm_gpio_get_value
 .text.gpio_get_value
                0x402f731c       0x16 drivers/built-in.o
                0x402f731c                gpio_get_value
 *fill*         0x402f7332        0x2 
 .text.omap_gpio_probe
                0x402f7334       0x48 drivers/built-in.o
 .text.omap_gpio_bind
                0x402f737c       0x46 drivers/built-in.o
 .text.omap_gpio_get_value
                0x402f73c2       0x2c drivers/built-in.o
 .text.omap_gpio_direction_output
                0x402f73ee       0x32 drivers/built-in.o
 .text.omap_gpio_direction_input
                0x402f7420       0x1e drivers/built-in.o
 .text.omap_gpio_get_function
                0x402f743e       0x1e drivers/built-in.o
 .text.omap_gpio_set_value
                0x402f745c       0x22 drivers/built-in.o
 .text.i2c_setup_offset
                0x402f747e       0x34 drivers/built-in.o
 .text.i2c_probe_chip
                0x402f74b2       0x44 drivers/built-in.o
 .text.i2c_post_probe
                0x402f74f6        0x4 drivers/built-in.o
 .text.i2c_post_bind
                0x402f74fa       0x1e drivers/built-in.o
 .text.i2c_uclass_init
                0x402f7518       0x14 drivers/built-in.o
                0x402f7518                i2c_uclass_init
 .text.i2c_child_post_bind
                0x402f752c        0x4 drivers/built-in.o
 .text.dm_i2c_read
                0x402f7530       0xe4 drivers/built-in.o
                0x402f7530                dm_i2c_read
 .text.dm_i2c_write
                0x402f7614      0x132 drivers/built-in.o
                0x402f7614                dm_i2c_write
 .text.dm_i2c_reg_read
                0x402f7746       0x1a drivers/built-in.o
                0x402f7746                dm_i2c_reg_read
 .text.dm_i2c_reg_write
                0x402f7760       0x16 drivers/built-in.o
                0x402f7760                dm_i2c_reg_write
 *fill*         0x402f7776        0x2 
 .text.i2c_get_chip
                0x402f7778       0x80 drivers/built-in.o
                0x402f7778                i2c_get_chip
 .text.i2c_get_chip_for_busnum
                0x402f77f8       0x30 drivers/built-in.o
                0x402f77f8                i2c_get_chip_for_busnum
 .text.i2c_set_chip_offset_len
                0x402f7828       0x16 drivers/built-in.o
                0x402f7828                i2c_set_chip_offset_len
 *fill*         0x402f783e        0x2 
 .text.wait_for_bb
                0x402f7840       0x90 drivers/built-in.o
 .text.wait_for_event
                0x402f78d0       0x78 drivers/built-in.o
 .text.flush_fifo
                0x402f7948       0x40 drivers/built-in.o
 .text.omap_i2c_probe_chip
                0x402f7988       0xcc drivers/built-in.o
 .text.omap_i2c_xfer
                0x402f7a54      0x240 drivers/built-in.o
 .text.__omap24_i2c_setspeed
                0x402f7c94      0x124 drivers/built-in.o
 .text.omap_i2c_set_bus_speed
                0x402f7db8       0x1c drivers/built-in.o
 .text.omap_i2c_probe
                0x402f7dd4      0x268 drivers/built-in.o
 .text.mmc_set_ios
                0x402f803c        0xe drivers/built-in.o
 .text.mmc_set_capacity
                0x402f804a       0x62 drivers/built-in.o
 .text.board_mmc_getcd
                0x402f80ac        0x6 drivers/built-in.o
                0x402f80ac                board_mmc_getcd
 .text.mmc_send_cmd
                0x402f80b2        0x8 drivers/built-in.o
                0x402f80b2                mmc_send_cmd
 .text.mmc_go_idle
                0x402f80ba       0x32 drivers/built-in.o
 .text.mmc_send_op_cond_iter
                0x402f80ec       0x44 drivers/built-in.o
 .text.mmc_send_ext_csd
                0x402f8130       0x2e drivers/built-in.o
 *fill*         0x402f815e        0x2 
 .text.mmc_read_and_compare_ext_csd
                0x402f8160       0x7c drivers/built-in.o
 .text.mmc_send_status
                0x402f81dc       0x84 drivers/built-in.o
                0x402f81dc                mmc_send_status
 .text.__mmc_switch.constprop.0
                0x402f8260       0x3e drivers/built-in.o
 *fill*         0x402f829e        0x2 
 .text.mmc_set_card_speed.constprop.0
                0x402f82a0       0x68 drivers/built-in.o
 .text.mmc_set_blocklen
                0x402f8308       0x42 drivers/built-in.o
                0x402f8308                mmc_set_blocklen
 *fill*         0x402f834a        0x2 
 .text.mmc_bread
                0x402f834c       0xdc drivers/built-in.o
                0x402f834c                mmc_bread
 .text.mmc_switch
                0x402f8428        0x8 drivers/built-in.o
                0x402f8428                mmc_switch
 .text.mmc_startup_v4.constprop.0
                0x402f8430      0x1c4 drivers/built-in.o
 .text.mmc_switch_part
                0x402f85f4       0x40 drivers/built-in.o
                0x402f85f4                mmc_switch_part
 .text.mmc_getcd
                0x402f8634       0x20 drivers/built-in.o
                0x402f8634                mmc_getcd
 .text.mmc_set_clock
                0x402f8654       0x20 drivers/built-in.o
                0x402f8654                mmc_set_clock
 .text.board_mmc_power_init
                0x402f8674        0x2 drivers/built-in.o
                0x402f8674                board_mmc_power_init
 *fill*         0x402f8676        0x2 
 .text.mmc_get_op_cond
                0x402f8678      0x180 drivers/built-in.o
                0x402f8678                mmc_get_op_cond
 .text.mmc_start_init
                0x402f87f8       0x48 drivers/built-in.o
                0x402f87f8                mmc_start_init
 .text.mmc_init
                0x402f8840      0x7b4 drivers/built-in.o
                0x402f8840                mmc_init
 .text.board_mmc_init
                0x402f8ff4        0x6 drivers/built-in.o
                0x402f8ff4                board_mmc_init
 *fill*         0x402f8ffa        0x2 
 .text.mmc_initialize
                0x402f8ffc       0x30 drivers/built-in.o
                0x402f8ffc                mmc_initialize
 .text.mmc_berase
                0x402f902c        0x4 drivers/built-in.o
 .text.mmc_bwrite
                0x402f9030        0x4 drivers/built-in.o
 .text.find_mmc_device
                0x402f9034       0x2c drivers/built-in.o
                0x402f9034                find_mmc_device
 .text.mmc_select_hwpartp
                0x402f9060       0x36 drivers/built-in.o
 .text.mmc_get_dev
                0x402f9096       0x1e drivers/built-in.o
 .text.mmc_get_next_devnum
                0x402f90b4       0x10 drivers/built-in.o
                0x402f90b4                mmc_get_next_devnum
 .text.mmc_get_blk_desc
                0x402f90c4        0x4 drivers/built-in.o
                0x402f90c4                mmc_get_blk_desc
 .text.mmc_do_preinit
                0x402f90c8       0x20 drivers/built-in.o
                0x402f90c8                mmc_do_preinit
 .text.mmc_list_init
                0x402f90e8       0x18 drivers/built-in.o
                0x402f90e8                mmc_list_init
 .text.mmc_list_add
                0x402f9100       0x18 drivers/built-in.o
                0x402f9100                mmc_list_add
 .text.mmc_create
                0x402f9118       0x8c drivers/built-in.o
                0x402f9118                mmc_create
 .text.mmc_reset_controller_fsm
                0x402f91a4       0x7c drivers/built-in.o
 .text.omap_hsmmc_getwp
                0x402f9220       0x10 drivers/built-in.o
 .text.omap_hsmmc_getcd
                0x402f9230       0x1a drivers/built-in.o
 *fill*         0x402f924a        0x2 
 .text.omap_hsmmc_send_cmd
                0x402f924c      0x2c0 drivers/built-in.o
 .text.omap_hsmmc_set_ios
                0x402f950c      0x184 drivers/built-in.o
 .text.mmc_init_stream
                0x402f9690       0xac drivers/built-in.o
                0x402f9690                mmc_init_stream
 .text.omap_hsmmc_init_setup
                0x402f973c      0x178 drivers/built-in.o
 .text.omap_mmc_init
                0x402f98b4       0xf4 drivers/built-in.o
                0x402f98b4                omap_mmc_init
 .text._serial_putc
                0x402f99a8       0x22 drivers/built-in.o
 .text.serial_post_probe
                0x402f99ca       0x12 drivers/built-in.o
 .text.serial_pre_remove
                0x402f99dc        0x4 drivers/built-in.o
 .text.serial_init
                0x402f99e0       0x50 drivers/built-in.o
                0x402f99e0                serial_init
 .text.serial_putc
                0x402f9a30       0x12 drivers/built-in.o
                0x402f9a30                serial_putc
 .text.serial_puts
                0x402f9a42       0x1e drivers/built-in.o
                0x402f9a42                serial_puts
 .text.serial_getc
                0x402f9a60       0x28 drivers/built-in.o
                0x402f9a60                serial_getc
 .text.serial_tstc
                0x402f9a88       0x1a drivers/built-in.o
                0x402f9a88                serial_tstc
 .text.ns16550_serial_getinfo
                0x402f9aa2       0x22 drivers/built-in.o
 .text.ns16550_readb.isra.0
                0x402f9ac4       0x14 drivers/built-in.o
 .text.ns16550_serial_getc
                0x402f9ad8       0x26 drivers/built-in.o
 .text.ns16550_serial_pending
                0x402f9afe       0x28 drivers/built-in.o
 .text.ns16550_writeb.isra.0
                0x402f9b26       0x14 drivers/built-in.o
 .text.ns16550_serial_putc
                0x402f9b3a       0x34 drivers/built-in.o
 *fill*         0x402f9b6e        0x2 
 .text.ns16550_serial_setconfig
                0x402f9b70       0x3c drivers/built-in.o
 .text.NS16550_setbrg
                0x402f9bac       0x42 drivers/built-in.o
 .text.ns16550_serial_setbrg
                0x402f9bee       0x24 drivers/built-in.o
 .text.NS16550_init
                0x402f9c12       0x5e drivers/built-in.o
                0x402f9c12                NS16550_init
 .text.ns16550_serial_probe
                0x402f9c70       0x20 drivers/built-in.o
                0x402f9c70                ns16550_serial_probe
 .text.tps65217_reg_read
                0x402f9c90       0x14 drivers/built-in.o
                0x402f9c90                tps65217_reg_read
 .text.tps65217_reg_write
                0x402f9ca4       0x98 drivers/built-in.o
                0x402f9ca4                tps65217_reg_write
 .text.tps65217_voltage_update
                0x402f9d3c       0x32 drivers/built-in.o
                0x402f9d3c                tps65217_voltage_update
 *fill*         0x402f9d6e        0x2 
 .text.power_tps65217_init
                0x402f9d70       0x24 drivers/built-in.o
                0x402f9d70                power_tps65217_init
 .text.power_tps65910_init
                0x402f9d94       0x24 drivers/built-in.o
                0x402f9d94                power_tps65910_init
 .text.tps65910_set_i2c_control
                0x402f9db8       0x28 drivers/built-in.o
                0x402f9db8                tps65910_set_i2c_control
 .text.tps65910_voltage_update
                0x402f9de0       0x64 drivers/built-in.o
                0x402f9de0                tps65910_voltage_update
 .text.musb_gadget_enable
                0x402f9e44      0x186 drivers/built-in.o
 .text.musb_free_request
                0x402f9fca        0x2 drivers/built-in.o
                0x402f9fca                musb_free_request
 .text.musb_gadget_fifo_status
                0x402f9fcc       0x26 drivers/built-in.o
 .text.musb_gadget_fifo_flush
                0x402f9ff2       0x52 drivers/built-in.o
 .text.musb_gadget_get_frame
                0x402fa044        0xe drivers/built-in.o
 .text.musb_gadget_wakeup
                0x402fa052        0x4 drivers/built-in.o
 .text.musb_gadget_set_self_powered
                0x402fa056       0x16 drivers/built-in.o
 .text.musb_gadget_vbus_draw
                0x402fa06c        0x4 drivers/built-in.o
 .text.txstate  0x402fa070       0x66 drivers/built-in.o
 .text.musb_alloc_request
                0x402fa0d6       0x22 drivers/built-in.o
                0x402fa0d6                musb_alloc_request
 .text.musb_gadget_stop
                0x402fa0f8        0xe drivers/built-in.o
 *fill*         0x402fa106        0x2 
 .text.init_peripheral_ep
                0x402fa108       0xb0 drivers/built-in.o
 .text.musb_gadget_start
                0x402fa1b8       0x2a drivers/built-in.o
                0x402fa1b8                musb_gadget_start
 .text.musb_gadget_pullup
                0x402fa1e2       0x38 drivers/built-in.o
 .text.musb_g_giveback
                0x402fa21a       0x32 drivers/built-in.o
                0x402fa21a                musb_g_giveback
 .text.rxstate  0x402fa24c       0x9a drivers/built-in.o
 .text.musb_gadget_dequeue
                0x402fa2e6       0x3e drivers/built-in.o
 .text.musb_gadget_disable
                0x402fa324       0x66 drivers/built-in.o
 .text.musb_g_tx
                0x402fa38a       0xe0 drivers/built-in.o
                0x402fa38a                musb_g_tx
 .text.musb_g_rx
                0x402fa46a       0x6e drivers/built-in.o
                0x402fa46a                musb_g_rx
 .text.musb_ep_restart
                0x402fa4d8       0x1e drivers/built-in.o
                0x402fa4d8                musb_ep_restart
 .text.musb_gadget_set_halt
                0x402fa4f6       0xac drivers/built-in.o
 .text.musb_gadget_queue
                0x402fa5a2       0x70 drivers/built-in.o
 *fill*         0x402fa612        0x2 
 .text.musb_gadget_setup
                0x402fa614       0x90 drivers/built-in.o
                0x402fa614                musb_gadget_setup
 .text.musb_g_ep0_enable
                0x402fa6a4        0x6 drivers/built-in.o
 .text.musb_g_ep0_disable
                0x402fa6aa        0x6 drivers/built-in.o
 .text.musb_g_ep0_halt
                0x402fa6b0       0x5a drivers/built-in.o
 .text.ep0_txstate
                0x402fa70a       0x9a drivers/built-in.o
 .text.musb_g_ep0_dequeue
                0x402fa7a4        0x6 drivers/built-in.o
 .text.musb_g_ep0_queue
                0x402fa7aa       0xa8 drivers/built-in.o
 *fill*         0x402fa852        0x2 
 .text.musb_g_ep0_irq
                0x402fa854      0x624 drivers/built-in.o
                0x402fa854                musb_g_ep0_irq
 .text.fifo_setup
                0x402fae78       0xfe drivers/built-in.o
 .text.musb_generic_disable.isra.0
                0x402faf76       0x14 drivers/built-in.o
 .text.musb_write_fifo
                0x402faf8a       0x6c drivers/built-in.o
                0x402faf8a                musb_write_fifo
 .text.musb_read_fifo
                0x402faff6       0x6c drivers/built-in.o
                0x402faff6                musb_read_fifo
 *fill*         0x402fb062        0x2 
 .text.musb_load_testpacket
                0x402fb064       0x24 drivers/built-in.o
                0x402fb064                musb_load_testpacket
 .text.musb_start
                0x402fb088       0x84 drivers/built-in.o
                0x402fb088                musb_start
 .text.musb_stop
                0x402fb10c       0x30 drivers/built-in.o
                0x402fb10c                musb_stop
 .text.musb_interrupt
                0x402fb13c       0xce drivers/built-in.o
                0x402fb13c                musb_interrupt
 *fill*         0x402fb20a        0x2 
 .text.musb_init_controller
                0x402fb20c      0x43c drivers/built-in.o
                0x402fb20c                musb_init_controller
 .text.musb_register
                0x402fb648       0x3c drivers/built-in.o
                0x402fb648                musb_register
 .text.musb_h_tx_flush_fifo
                0x402fb684       0x40 drivers/built-in.o
 .text.musb_h_ep0_flush_fifo
                0x402fb6c4       0x3c drivers/built-in.o
 .text.musb_h_flush_rxfifo.isra.0
                0x402fb700       0x1a drivers/built-in.o
 *fill*         0x402fb71a        0x2 
 .text.musb_start_urb
                0x402fb71c      0x368 drivers/built-in.o
 .text.musb_advance_schedule
                0x402fba84      0x12a drivers/built-in.o
 *fill*         0x402fbbae        0x2 
 .text.musb_h_ep0_irq
                0x402fbbb0      0x1c4 drivers/built-in.o
                0x402fbbb0                musb_h_ep0_irq
 .text.musb_host_tx
                0x402fbd74      0x120 drivers/built-in.o
                0x402fbd74                musb_host_tx
 .text.musb_host_rx
                0x402fbe94      0x26c drivers/built-in.o
                0x402fbe94                musb_host_rx
 .text.dsps_musb_enable
                0x402fc100       0x1c drivers/built-in.o
 .text.dsps_musb_disable
                0x402fc11c        0x2 drivers/built-in.o
 *fill*         0x402fc11e        0x2 
 .text.dsps_musb_init
                0x402fc120       0x50 drivers/built-in.o
 .text.dsps_musb_exit
                0x402fc170       0x16 drivers/built-in.o
 .text.dsps_interrupt
                0x402fc186       0x4e drivers/built-in.o
 .text.hw_watchdog_reset
                0x402fc1d4       0x24 drivers/built-in.o
                0x402fc1d4                hw_watchdog_reset
 .text.hw_watchdog_disable
                0x402fc1f8       0x30 drivers/built-in.o
                0x402fc1f8                hw_watchdog_disable
 .text.hw_watchdog_init
                0x402fc228       0x74 drivers/built-in.o
                0x402fc228                hw_watchdog_init
 .text.get_desc
                0x402fc29c       0x32 drivers/built-in.o
 *fill*         0x402fc2ce        0x2 
 .text.blk_driver_lookup_type
                0x402fc2d0       0x2c drivers/built-in.o
                0x402fc2d0                blk_driver_lookup_type
 .text.blk_dselect_hwpart
                0x402fc2fc       0x26 drivers/built-in.o
                0x402fc2fc                blk_dselect_hwpart
 *fill*         0x402fc322        0x2 
 .text.blk_get_devnum_by_typename
                0x402fc324       0x48 drivers/built-in.o
                0x402fc324                blk_get_devnum_by_typename
 .text.downcase
                0x402fc36c       0x24 fs/built-in.o
 .text.disk_read
                0x402fc390       0x30 fs/built-in.o
 .text.get_fatent
                0x402fc3c0       0xe4 fs/built-in.o
 .text.next_dent
                0x402fc4a4       0xb0 fs/built-in.o
 .text.get_cluster
                0x402fc554       0xe4 fs/built-in.o
 .text.read_bootsectandvi
                0x402fc638       0xac fs/built-in.o
 .text.fat_itr_root
                0x402fc6e4      0x140 fs/built-in.o
 .text.fat_itr_next
                0x402fc824      0x1c0 fs/built-in.o
 .text.fat_itr_resolve
                0x402fc9e4      0x110 fs/built-in.o
 .text.fat_set_blk_dev
                0x402fcaf4       0x8c fs/built-in.o
                0x402fcaf4                fat_set_blk_dev
 .text.fat_register_device
                0x402fcb80       0x54 fs/built-in.o
                0x402fcb80                fat_register_device
 .text.file_fat_read_at
                0x402fcbd4      0x2b4 fs/built-in.o
                0x402fcbd4                file_fat_read_at
 .text.file_fat_read
                0x402fce88       0x22 fs/built-in.o
                0x402fce88                file_fat_read
 *fill*         0x402fceaa        0x2 
 .text.get_fs   0x402fceac        0x8 fs/built-in.o
                0x402fceac                get_fs
 .text.ext4fs_free_node
                0x402fceb4        0x2 fs/built-in.o
                0x402fceb4                ext4fs_free_node
 *fill*         0x402fceb6        0x2 
 .text.ext4fs_read_file
                0x402fceb8      0x238 fs/built-in.o
                0x402fceb8                ext4fs_read_file
 .text.ext4fs_read
                0x402fd0f0       0x38 fs/built-in.o
                0x402fd0f0                ext4fs_read
 .text.ext4_read_file
                0x402fd128       0x50 fs/built-in.o
                0x402fd128                ext4_read_file
 .text.ext4fs_get_group_descriptor
                0x402fd178        0xa fs/built-in.o
                0x402fd178                ext4fs_get_group_descriptor
 .text.ext4fs_sb_get_free_blocks
                0x402fd182        0xa fs/built-in.o
                0x402fd182                ext4fs_sb_get_free_blocks
 .text.ext4fs_sb_set_free_blocks
                0x402fd18c        0xa fs/built-in.o
                0x402fd18c                ext4fs_sb_set_free_blocks
 .text.ext4fs_bg_get_free_blocks
                0x402fd196       0x12 fs/built-in.o
                0x402fd196                ext4fs_bg_get_free_blocks
 .text.ext4fs_bg_get_block_id
                0x402fd1a8       0x16 fs/built-in.o
                0x402fd1a8                ext4fs_bg_get_block_id
 .text.ext4fs_bg_get_inode_id
                0x402fd1be       0x16 fs/built-in.o
                0x402fd1be                ext4fs_bg_get_inode_id
 .text.ext4fs_bg_get_inode_table_id
                0x402fd1d4       0x16 fs/built-in.o
                0x402fd1d4                ext4fs_bg_get_inode_table_id
 .text.ext4fs_div_roundup
                0x402fd1ea       0x14 fs/built-in.o
                0x402fd1ea                ext4fs_div_roundup
 *fill*         0x402fd1fe        0x2 
 .text.put_ext4
                0x402fd200      0x100 fs/built-in.o
                0x402fd200                put_ext4
 .text.ext4fs_set_block_bmap
                0x402fd300       0x68 fs/built-in.o
                0x402fd300                ext4fs_set_block_bmap
 .text.ext4fs_reset_block_bmap
                0x402fd368       0x60 fs/built-in.o
                0x402fd368                ext4fs_reset_block_bmap
 .text.ext4fs_set_inode_bmap
                0x402fd3c8       0x50 fs/built-in.o
                0x402fd3c8                ext4fs_set_inode_bmap
 .text.ext4fs_reset_inode_bmap
                0x402fd418       0x48 fs/built-in.o
                0x402fd418                ext4fs_reset_inode_bmap
 .text.ext4fs_checksum_update
                0x402fd460       0x5a fs/built-in.o
                0x402fd460                ext4fs_checksum_update
 *fill*         0x402fd4ba        0x2 
 .text.ext4fs_get_new_blk_no
                0x402fd4bc      0x29c fs/built-in.o
                0x402fd4bc                ext4fs_get_new_blk_no
 .text.ext4fs_get_new_inode_no
                0x402fd758      0x29c fs/built-in.o
                0x402fd758                ext4fs_get_new_inode_no
 .text.ext4fs_allocate_blocks
                0x402fd9f4      0x38c fs/built-in.o
                0x402fd9f4                ext4fs_allocate_blocks
 .text.ext4fs_read_inode
                0x402fdd80       0xca fs/built-in.o
                0x402fdd80                ext4fs_read_inode
 *fill*         0x402fde4a        0x2 
 .text.ext4fs_iget
                0x402fde4c       0x1c fs/built-in.o
                0x402fde4c                ext4fs_iget
 .text.read_allocated_block
                0x402fde68      0x5d0 fs/built-in.o
                0x402fde68                read_allocated_block
 .text.ext4fs_update_parent_dentry
                0x402fe438      0x21c fs/built-in.o
                0x402fe438                ext4fs_update_parent_dentry
 .text.search_dir
                0x402fe654       0xc0 fs/built-in.o
 .text.ext4fs_get_parent_inode_num
                0x402fe714      0x26c fs/built-in.o
                0x402fe714                ext4fs_get_parent_inode_num
 .text.ext4fs_filename_unlink
                0x402fe980      0x114 fs/built-in.o
                0x402fe980                ext4fs_filename_unlink
 .text.ext4fs_reinit_global
                0x402fea94       0x68 fs/built-in.o
                0x402fea94                ext4fs_reinit_global
 .text.ext4fs_close
                0x402feafc       0x34 fs/built-in.o
                0x402feafc                ext4fs_close
 .text.ext4fs_iterate_dir
                0x402feb30      0x1d8 fs/built-in.o
                0x402feb30                ext4fs_iterate_dir
 .text.ext4fs_find_file1
                0x402fed08      0x1a8 fs/built-in.o
 .text.ext4fs_find_file
                0x402feeb0       0x44 fs/built-in.o
                0x402feeb0                ext4fs_find_file
 .text.ext4fs_open
                0x402feef4       0x60 fs/built-in.o
                0x402feef4                ext4fs_open
 .text.ext4fs_mount
                0x402fef54       0x8c fs/built-in.o
                0x402fef54                ext4fs_mount
 .text.ext4fs_set_blk_dev
                0x402fefe0       0x50 fs/built-in.o
                0x402fefe0                ext4fs_set_blk_dev
 .text.ext4fs_devread
                0x402ff030       0x28 fs/built-in.o
                0x402ff030                ext4fs_devread
 .text.ext4_read_superblock
                0x402ff058       0x28 fs/built-in.o
                0x402ff058                ext4_read_superblock
 .text.ext4fs_update
                0x402ff080       0xb8 fs/built-in.o
 .text.ext4fs_get_bgdtable
                0x402ff138       0x70 fs/built-in.o
                0x402ff138                ext4fs_get_bgdtable
 .text.ext4fs_deinit
                0x402ff1a8       0xc8 fs/built-in.o
                0x402ff1a8                ext4fs_deinit
 .text.ext4fs_init
                0x402ff270      0x1d8 fs/built-in.o
                0x402ff270                ext4fs_init
 .text.ext4fs_write
                0x402ff448      0xba8 fs/built-in.o
                0x402ff448                ext4fs_write
 .text.ext4fs_dump_metadata
                0x402ffff0       0x38 fs/built-in.o
                0x402ffff0                ext4fs_dump_metadata
 .text.ext4fs_free_journal
                0x40300028       0x20 fs/built-in.o
                0x40300028                ext4fs_free_journal
 .text.ext4fs_log_gdt
                0x40300048       0x88 fs/built-in.o
                0x40300048                ext4fs_log_gdt
 .text.ext4fs_log_journal
                0x403000d0       0x98 fs/built-in.o
                0x403000d0                ext4fs_log_journal
 .text.ext4fs_put_metadata
                0x40300168       0x8c fs/built-in.o
                0x40300168                ext4fs_put_metadata
 .text.ext4fs_push_revoke_blk
                0x403001f4       0x90 fs/built-in.o
                0x403001f4                ext4fs_push_revoke_blk
 .text.ext4fs_free_revoke_blks
                0x40300284       0x2c fs/built-in.o
                0x40300284                ext4fs_free_revoke_blks
 .text.check_blknr_for_revoke
                0x403002b0       0x3c fs/built-in.o
                0x403002b0                check_blknr_for_revoke
 .text.recover_transaction
                0x403002ec       0xe0 fs/built-in.o
                0x403002ec                recover_transaction
 .text.print_jrnl_status
                0x403003cc       0x14 fs/built-in.o
                0x403003cc                print_jrnl_status
 .text.ext4fs_check_journal_state
                0x403003e0      0x1e4 fs/built-in.o
                0x403003e0                ext4fs_check_journal_state
 .text.ext4fs_init_journal
                0x403005c4      0x190 fs/built-in.o
                0x403005c4                ext4fs_init_journal
 .text.ext4fs_update_journal
                0x40300754      0x1f8 fs/built-in.o
                0x40300754                ext4fs_update_journal
 .text.ext2fs_crc16
                0x4030094c       0x24 fs/built-in.o
                0x4030094c                ext2fs_crc16
 .text.fs_devread
                0x40300970      0x168 fs/built-in.o
                0x40300970                fs_devread
 .text.__udivsi3
                0x40300ad8       0x9c arch/arm/lib/lib.a(lib1funcs.o)
                0x40300ad8                __udivsi3
                0x40300ad8                __aeabi_uidiv
 .text.__divsi3
                0x40300b74       0xcc arch/arm/lib/lib.a(lib1funcs.o)
                0x40300b74                __aeabi_idiv
                0x40300b74                __divsi3
 .text.__aeabi_uidivmod
                0x40300c40       0x30 arch/arm/lib/lib.a(lib1funcs.o)
                0x40300c40                __aeabi_uidivmod
                0x40300c58                __aeabi_idivmod
 .text.Ldiv0    0x40300c70       0x10 arch/arm/lib/lib.a(lib1funcs.o)
 .text.__div0   0x40300c80        0x4 arch/arm/lib/lib.a(div0.o)
                0x40300c80                __div0

.glue_7         0x40300c84        0x0
 .glue_7        0x40300c84        0x0 linker stubs

.glue_7t        0x40300c84        0x0
 .glue_7t       0x40300c84        0x0 linker stubs

.vfp11_veneer   0x40300c84        0x0
 .vfp11_veneer  0x40300c84        0x0 linker stubs

.v4_bx          0x40300c84        0x0
 .v4_bx         0x40300c84        0x0 linker stubs

.iplt           0x40300c84        0x0
 .iplt          0x40300c84        0x0 arch/arm/cpu/armv7/start.o
                0x40300c84                        . = ALIGN (0x4)

.rodata         0x40300c88     0x4f55
 *(SORT_BY_ALIGNMENT(.rodata*))
 .rodata.system_guid
                0x40300c88       0x10 disk/built-in.o
 .rodata        0x40300c98       0x8c arch/arm/mach-omap2/built-in.o
 .rodata.dpll_ddr2_266MHz
                0x40300d24       0x40 arch/arm/mach-omap2/built-in.o
                0x40300d24                dpll_ddr2_266MHz
 .rodata.dpll_ddr3_400MHz
                0x40300d64       0x40 arch/arm/mach-omap2/built-in.o
                0x40300d64                dpll_ddr3_400MHz
 .rodata.dpll_ddr3_303MHz
                0x40300da4       0x40 arch/arm/mach-omap2/built-in.o
                0x40300da4                dpll_ddr3_303MHz
 .rodata.dpll_per_192MHz
                0x40300de4       0x40 arch/arm/mach-omap2/built-in.o
                0x40300de4                dpll_per_192MHz
 .rodata.dpll_core_1000MHz
                0x40300e24       0x40 arch/arm/mach-omap2/built-in.o
                0x40300e24                dpll_core_1000MHz
 .rodata.dpll_mpu_opp
                0x40300e64      0x180 arch/arm/mach-omap2/built-in.o
                0x40300e64                dpll_mpu_opp
 .rodata.dpll_ddr_regs
                0x40300fe4       0x24 arch/arm/mach-omap2/built-in.o
                0x40300fe4                dpll_ddr_regs
 .rodata.dpll_per_regs
                0x40301008       0x24 arch/arm/mach-omap2/built-in.o
                0x40301008                dpll_per_regs
 .rodata.dpll_core_regs
                0x4030102c       0x24 arch/arm/mach-omap2/built-in.o
                0x4030102c                dpll_core_regs
 .rodata.dpll_mpu_regs
                0x40301050       0x24 arch/arm/mach-omap2/built-in.o
                0x40301050                dpll_mpu_regs
 .rodata.cmwkup
                0x40301074        0x4 arch/arm/mach-omap2/built-in.o
                0x40301074                cmwkup
 .rodata.ddr_data_reg
                0x40301078        0x8 arch/arm/mach-omap2/built-in.o
 .rodata.ddr_cmd_reg
                0x40301080        0x8 arch/arm/mach-omap2/built-in.o
 .rodata.emif_reg
                0x40301088        0x8 arch/arm/mach-omap2/built-in.o
 .rodata.vtpreg
                0x40301090        0x8 arch/arm/mach-omap2/built-in.o
 .rodata.am33xx_gpio
                0x40301098       0x30 arch/arm/mach-omap2/built-in.o
 .rodata.am33xx_i2c
                0x403010c8       0x24 arch/arm/mach-omap2/built-in.o
 .rodata.am33xx_serial
                0x403010ec       0x90 arch/arm/mach-omap2/built-in.o
 .rodata.am33xx_ctrl
                0x4030117c      0x1c8 arch/arm/mach-omap2/built-in.o
                0x4030117c                am33xx_ctrl
 .rodata.am335x_mmc1_platdata
                0x40301344       0x30 board/ti/am335x/built-in.o
 .rodata.am335x_mmc0_platdata
                0x40301374       0x30 board/ti/am335x/built-in.o
 .rodata.ioregs
                0x403013a4       0x20 board/ti/am335x/built-in.o
                0x403013a4                ioregs
 .rodata.ioregs_evm15
                0x403013c4       0x20 board/ti/am335x/built-in.o
                0x403013c4                ioregs_evm15
 .rodata.ioregs_bonelt
                0x403013e4       0x20 board/ti/am335x/built-in.o
                0x403013e4                ioregs_bonelt
 .rodata.ioregs_evmsk
                0x40301404       0x20 board/ti/am335x/built-in.o
                0x40301404                ioregs_evmsk
 .rodata.ddr3_icev2_cmd_ctrl_data
                0x40301424       0x30 board/ti/am335x/built-in.o
 .rodata.ddr3_evm_cmd_ctrl_data
                0x40301454       0x30 board/ti/am335x/built-in.o
 .rodata.ddr3_beagleblack_cmd_ctrl_data
                0x40301484       0x30 board/ti/am335x/built-in.o
 .rodata.ddr3_cmd_ctrl_data
                0x403014b4       0x30 board/ti/am335x/built-in.o
 .rodata.ddr3_icev2_data
                0x403014e4       0x18 board/ti/am335x/built-in.o
 .rodata.ddr3_evm_data
                0x403014fc       0x18 board/ti/am335x/built-in.o
 .rodata.ddr3_beagleblack_data
                0x40301514       0x18 board/ti/am335x/built-in.o
 .rodata.ddr3_data
                0x4030152c       0x18 board/ti/am335x/built-in.o
 .rodata.ddr2_evm_emif_reg_data
                0x40301544       0x7c board/ti/am335x/built-in.o
 .rodata.ddr2_emif_reg_data
                0x403015c0       0x7c board/ti/am335x/built-in.o
 .rodata.ddr2_cmd_ctrl_data
                0x4030163c       0x30 board/ti/am335x/built-in.o
 .rodata.ddr2_data
                0x4030166c       0x18 board/ti/am335x/built-in.o
 .rodata.CSWTCH.32
                0x40301684       0x20 common/built-in.o
 .rodata.env_flags_varaccess_mask
                0x403016a4       0x10 env/built-in.o
 .rodata.fdt_errtable
                0x403016b4       0x48 lib/built-in.o
 .rodata.crc_table
                0x403016fc      0x400 lib/built-in.o
 .rodata.CSWTCH.31
                0x40301afc       0x20 disk/built-in.o
 .rodata        0x40301b1c        0x8 drivers/built-in.o
 .rodata.root_info
                0x40301b24        0x8 drivers/built-in.o
 .rodata.gpio_omap_ops
                0x40301b2c       0x28 drivers/built-in.o
 .rodata.omap_i2c_ops
                0x40301b54       0x18 drivers/built-in.o
 .rodata.mmc_versions.1
                0x40301b6c       0x24 drivers/built-in.o
 .rodata.freqs.2
                0x40301b90       0x34 drivers/built-in.o
 .rodata.ext_csd_bus_width
                0x40301bc4       0x3c drivers/built-in.o
 .rodata.mmc_modes_by_pref
                0x40301c00       0x20 drivers/built-in.o
 .rodata.sd_modes_by_pref
                0x40301c20       0x10 drivers/built-in.o
 .rodata.fbase  0x40301c30       0x10 drivers/built-in.o
 .rodata.omap_hsmmc_ops
                0x40301c40       0x14 drivers/built-in.o
 .rodata.ns16550_serial_ops
                0x40301c54       0x20 drivers/built-in.o
                0x40301c54                ns16550_serial_ops
 .rodata.musb_gadget_operations
                0x40301c74       0x24 drivers/built-in.o
 .rodata.musb_ep_ops
                0x40301c98       0x28 drivers/built-in.o
 .rodata.CSWTCH.18
                0x40301cc0       0x1c drivers/built-in.o
 .rodata.musb_g_ep0_ops
                0x40301cdc       0x28 drivers/built-in.o
                0x40301cdc                musb_g_ep0_ops
 .rodata.crc16_tab
                0x40301d04      0x200 lib/built-in.o
 .rodata.crc16_table
                0x40301f04      0x200 fs/built-in.o
 .rodata.do_setup_dpll.str1.1
                0x40302104       0x3a arch/arm/mach-omap2/built-in.o
 .rodata.do_enable_clocks.str1.1
                0x4030213e       0x2a arch/arm/mach-omap2/built-in.o
 .rodata.str1.1
                0x40302168       0x44 arch/arm/mach-omap2/built-in.o
                                 0x4e (size before relaxing)
 .rodata.config_sdram_emif4d5.str1.1
                0x403021ac       0x2a arch/arm/mach-omap2/built-in.o
 .rodata.do_reset.str1.1
                0x403021d6        0xf arch/arm/lib/built-in.o
 .rodata.bone_not_connected_to_ac_power.str1.1
                0x403021e5       0x30 board/ti/am335x/built-in.o
 .rodata.do_board_detect.str1.1
                0x40302215       0x1b board/ti/am335x/built-in.o
 .rodata.do_cape_detect.str1.1
                0x40302230      0x788 board/ti/am335x/built-in.o
                                0x79f (size before relaxing)
 .rodata.spl_start_uboot.str1.1
                0x403029b8        0x8 board/ti/am335x/built-in.o
 .rodata.get_dpll_ddr_params.str1.1
                0x403029c0       0x31 board/ti/am335x/built-in.o
                                 0x33 (size before relaxing)
 .rodata.scale_vcores.str1.1
                0x403029f1       0x47 board/ti/am335x/built-in.o
 .rodata.sdram_init.str1.1
                0x40302a38        0xb board/ti/am335x/built-in.o
 .rodata.str1.1
                0x40302a43        0xb board/ti/am335x/built-in.o
 .rodata.ti_i2c_eeprom_am_get.str1.1
                0x40302a4e        0x5 board/ti/common/built-in.o
 .rodata.spl_fixup_fdt.str1.1
                0x40302a4e       0x51 common/spl/built-in.o
 .rodata.spl_set_header_raw_uboot.str1.1
                0x40302a9f        0x7 common/spl/built-in.o
 .rodata.spl_parse_image_header.str1.1
                0x40302aa6        0x6 common/spl/built-in.o
 .rodata.board_init_r.str1.1
                0x40302aac       0x62 common/spl/built-in.o
 .rodata.preloader_console_init.str1.1
                0x40302b0e       0x4c common/spl/built-in.o
 .rodata.spl_ymodem_load_image.str1.1
                0x40302b5a       0x28 common/spl/built-in.o
 .rodata.str1.1
                0x40302b82       0x16 common/spl/built-in.o
 .rodata.mmc_load_image_raw_sector.str1.1
                0x40302b98       0x31 common/spl/built-in.o
 .rodata.spl_mmc_load_image.str1.1
                0x40302bc9      0x150 common/spl/built-in.o
 .rodata.spl_register_fat_device.str1.1
                0x40302d19       0x1b common/spl/built-in.o
 .rodata.spl_load_image_fat.str1.1
                0x40302d34       0x26 common/spl/built-in.o
 .rodata.spl_load_image_fat_os.str1.1
                0x40302d5a      0x11c common/spl/built-in.o
 .rodata.__func__.0
                0x40302e76       0x2c common/spl/built-in.o
 .rodata.__func__.1
                0x40302ea2       0x2b common/spl/built-in.o
 .rodata.__func__.2
                0x40302ecd       0x13 common/spl/built-in.o
 .rodata.spl_load_image_ext.str1.1
                0x40302ee0       0x94 common/spl/built-in.o
                                 0xba (size before relaxing)
 .rodata.spl_load_image_ext_os.str1.1
                0x40302f74      0x11c common/spl/built-in.o
 .rodata.xyzModem_stream_open.str1.1
                0x40302f74       0x94 common/built-in.o
                                  0x2 (size before relaxing)
 .rodata.xyzModem_stream_close.str1.1
                0x40302f74       0x47 common/built-in.o
                                 0x4b (size before relaxing)
 .rodata.xyzModem_error.str1.1
                0x40302fbb        0xe common/built-in.o
 .rodata.str1.1
                0x40302fc9      0x7d9 common/built-in.o
                                0x80f (size before relaxing)
 .rodata.fdt_find_or_add_subnode.str1.1
                0x403037a2        0xc common/built-in.o
 .rodata.fdt_fixup_memory_banks.str1.1
                0x403037ae       0x8c common/built-in.o
                                 0x94 (size before relaxing)
 .rodata.__FUNCTION__.2
                0x4030383a       0x17 common/built-in.o
 .rodata.__func__.3
                0x40303851       0x18 common/built-in.o
 .rodata.env_get_f.str1.1
                0x40303869       0x30 cmd/built-in.o
 .rodata.set_default_env.str1.1
                0x40303899       0x5f env/built-in.o
 .rodata.env_import.str1.1
                0x403038f8       0x3d env/built-in.o
 .rodata.default_environment
                0x40303935       0xe4 env/built-in.o
                0x40303935                default_environment
 .rodata.env_load.str1.1
                0x40303a19       0x24 env/built-in.o
 .rodata.regex_callback.str1.1
                0x40303a3d       0x20 env/built-in.o
 .rodata.env_flags_parse_vartype.str1.1
                0x40303a5d       0x34 env/built-in.o
 .rodata.env_flags_parse_varaccess.str1.1
                0x40303a91       0x3d env/built-in.o
 .rodata.env_flags_init.str1.1
                0x40303ace       0x57 env/built-in.o
 .rodata.env_flags_validate.str1.1
                0x40303b25       0xb2 env/built-in.o
                                 0xb3 (size before relaxing)
 .rodata.env_flags_varaccess_rep
                0x40303bd7        0x5 env/built-in.o
 .rodata.env_flags_vartype_rep
                0x40303bdc        0x7 env/built-in.o
 .rodata.env_callback_init.str1.1
                0x40303be3      0x110 env/built-in.o
 .rodata.env_ext4_save.str1.1
                0x40303cf3       0x6c env/built-in.o
                                 0x70 (size before relaxing)
 .rodata.env_ext4_load.str1.1
                0x40303d5f       0x59 env/built-in.o
 .rodata.str1.1
                0x40303db8        0x5 env/built-in.o
 .rodata        0x40303dbd       0x20 lib/built-in.o
 .rodata.fdt_strerror.str1.1
                0x40303ddd       0x31 lib/built-in.o
 .rodata.str1.1
                0x40303e0e      0x427 lib/built-in.o
 .rodata.fdt_address_cells.str1.1
                0x40304235        0xf lib/built-in.o
 .rodata.fdt_size_cells.str1.1
                0x40304244        0xc lib/built-in.o
 .rodata.himport_r.str1.1
                0x40304250       0x99 lib/built-in.o
 .rodata._ctype
                0x403042e9      0x100 lib/built-in.o
                0x403042e9                _ctype
 .rodata.hang.str1.1
                0x403043e9       0x2a lib/built-in.o
 .rodata.emit.str1.1
                0x40304413       0x1f lib/built-in.o
 .rodata.store_char_in_data.str1.1
                0x40304432       0x1f lib/built-in.o
 .rodata.match.str1.1
                0x40304451       0x18 lib/built-in.o
 .rodata.fixup_branch.part.0.str1.1
                0x40304469       0x17 lib/built-in.o
 .rodata.compile.str1.1
                0x40304480       0x4a lib/built-in.o
 .rodata.uuid_bin_to_str.str1.1
                0x403044ca       0x4a lib/built-in.o
                                  0x5 (size before relaxing)
 .rodata.part_get_info_whole_disk.str1.1
                0x403044ca        0xb disk/built-in.o
                                 0x12 (size before relaxing)
 .rodata.blk_get_device_by_str.str1.1
                0x403044d5       0x52 disk/built-in.o
 .rodata.blk_get_device_part_str.str1.1
                0x40304527      0x107 disk/built-in.o
                                0x109 (size before relaxing)
 .rodata.part_set_generic_name.str1.1
                0x4030462e        0xa disk/built-in.o
 .rodata.str1.1
                0x40304638       0x1b disk/built-in.o
                                 0x1e (size before relaxing)
 .rodata.test_block_type.str1.1
                0x40304653        0xa disk/built-in.o
 .rodata.print_partition_extended.str1.1
                0x4030465d       0x83 disk/built-in.o
                                 0x84 (size before relaxing)
 .rodata.part_get_info_extended.str1.1
                0x403046e0        0xa disk/built-in.o
                                 0x11 (size before relaxing)
 .rodata.is_pte_valid.str1.1
                0x403046ea       0x19 disk/built-in.o
 .rodata.validate_gpt_entries.str1.1
                0x40304703       0x40 disk/built-in.o
 .rodata.validate_gpt_header.str1.1
                0x40304743       0xe1 disk/built-in.o
 .rodata.is_gpt_valid.str1.1
                0x40304824       0xd1 disk/built-in.o
 .rodata.part_get_info_efi.str1.1
                0x403048f5       0x6c disk/built-in.o
                                 0x76 (size before relaxing)
 .rodata.__func__.4
                0x40304961       0x12 disk/built-in.o
 .rodata.__func__.6
                0x40304973        0xd disk/built-in.o
 .rodata.__func__.8
                0x40304980       0x17 disk/built-in.o
 .rodata.__func__.9
                0x40304997        0xd disk/built-in.o
 .rodata.str1.1
                0x403049a4       0x65 drivers/built-in.o
                                 0xac (size before relaxing)
 .rodata.check_reserved.str1.1
                0x40304a09       0x27 drivers/built-in.o
                                 0x28 (size before relaxing)
 .rodata.gpio_direction_input.str1.1
                0x40304a30        0xa drivers/built-in.o
 .rodata.gpio_direction_output.str1.1
                0x40304a3a        0xb drivers/built-in.o
 .rodata.dm_gpio_get_value.str1.1
                0x40304a45        0xa drivers/built-in.o
 .rodata.omap_gpio_probe.str1.1
                0x40304a4f        0xa drivers/built-in.o
 .rodata.i2c_get_chip.str1.1
                0x40304a59       0x20 drivers/built-in.o
 .rodata.wait_for_bb.str1.1
                0x40304a79       0x1e drivers/built-in.o
 .rodata.wait_for_event.str1.1
                0x40304a97       0x37 drivers/built-in.o
 .rodata.omap_i2c_probe_chip.str1.1
                0x40304ace       0x3e drivers/built-in.o
 .rodata.omap_i2c_xfer.str1.1
                0x40304b0c      0x191 drivers/built-in.o
 .rodata.__omap24_i2c_setspeed.str1.1
                0x40304c9d       0x4c drivers/built-in.o
 .rodata.omap_i2c_probe.str1.1
                0x40304ce9       0x45 drivers/built-in.o
 .rodata.__func__.0
                0x40304d2e       0x4b drivers/built-in.o
 .rodata.__func__.1
                0x40304d79       0x34 drivers/built-in.o
 .rodata.reg_map_ip_v2
                0x40304dad       0x16 drivers/built-in.o
 .rodata.reg_map_ip_v1
                0x40304dc3       0x11 drivers/built-in.o
 .rodata.mmc_send_status.str1.1
                0x40304dd4       0x32 drivers/built-in.o
 .rodata.mmc_bread.str1.1
                0x40304e06       0x47 drivers/built-in.o
 .rodata.mmc_get_op_cond.str1.1
                0x40304e4d       0x29 drivers/built-in.o
 .rodata.mmc_start_init.str1.1
                0x40304e76       0x16 drivers/built-in.o
 .rodata.mmc_init.str1.1
                0x40304e8c       0x44 drivers/built-in.o
 .rodata.multipliers
                0x40304ed0       0x10 drivers/built-in.o
 .rodata.find_mmc_device.str1.1
                0x40304ee0       0x19 drivers/built-in.o
 .rodata.mmc_reset_controller_fsm.str1.1
                0x40304ef9       0x2d drivers/built-in.o
 .rodata.omap_hsmmc_send_cmd.str1.1
                0x40304f26       0x9d drivers/built-in.o
 .rodata.omap_hsmmc_set_ios.str1.1
                0x40304fc3       0x1f drivers/built-in.o
 .rodata.mmc_init_stream.str1.1
                0x40304fe2       0x3d drivers/built-in.o
 .rodata.omap_hsmmc_init_setup.str1.1
                0x4030501f       0x28 drivers/built-in.o
 .rodata.omap_mmc_init.str1.1
                0x40305047       0x1a drivers/built-in.o
 .rodata.__func__.2
                0x40305061       0x24 drivers/built-in.o
 .rodata.__func__.3
                0x40305085       0x29 drivers/built-in.o
 .rodata.__func__.4
                0x403050ae       0x25 drivers/built-in.o
 .rodata.__func__.5
                0x403050d3       0x10 drivers/built-in.o
 .rodata.serial_init.str1.1
                0x403050e3       0x17 drivers/built-in.o
 .rodata.CSWTCH.14
                0x403050fa        0x3 drivers/built-in.o
 .rodata.init_peripheral_ep.str1.1
                0x403050fd        0x7 drivers/built-in.o
                                  0xf (size before relaxing)
 .rodata.musb_g_ep0_irq.str1.1
                0x40305104       0xb1 drivers/built-in.o
 .rodata.musb_init_controller.str1.1
                0x403051b5       0xd5 drivers/built-in.o
                                 0xd9 (size before relaxing)
 .rodata.musb_test_packet
                0x4030528a       0x35 drivers/built-in.o
 .rodata.musb_driver_name
                0x403052bf        0xa drivers/built-in.o
                0x403052bf                musb_driver_name
 .rodata.musb_register.str1.1
                0x403052c9       0x1f drivers/built-in.o
 .rodata.musb_h_tx_flush_fifo.str1.1
                0x403052e8       0x2b drivers/built-in.o
 .rodata.musb_start_urb.str1.1
                0x40305313       0x48 drivers/built-in.o
 .rodata.musb_h_ep0_irq.str1.1
                0x4030535b       0x34 drivers/built-in.o
 .rodata.musb_host_rx.str1.1
                0x4030538f       0x2f drivers/built-in.o
 .rodata.get_fatent.str1.1
                0x403053be       0x22 fs/built-in.o
 .rodata.read_bootsectandvi.str1.1
                0x403053e0       0x1b fs/built-in.o
 .rodata.fat_itr_root.str1.1
                0x403053fb       0x85 fs/built-in.o
 .rodata.fat_itr_resolve.str1.1
                0x40305480       0x85 fs/built-in.o
                                  0x5 (size before relaxing)
 .rodata.fat_set_blk_dev.str1.1
                0x40305480        0x3 fs/built-in.o
                                  0xd (size before relaxing)
 .rodata.fat_register_device.str1.1
                0x40305483       0x2b fs/built-in.o
 .rodata.file_fat_read_at.str1.1
                0x403054ae       0x2a fs/built-in.o
 .rodata.ext4_read_file.str1.1
                0x403054d8       0x19 fs/built-in.o
 .rodata.put_ext4.str1.1
                0x403054f1       0x42 fs/built-in.o
 .rodata.ext4fs_allocate_blocks.str1.1
                0x40305533       0x61 fs/built-in.o
 .rodata.read_allocated_block.str1.1
                0x40305594      0x240 fs/built-in.o
 .rodata.ext4fs_update_parent_dentry.str1.1
                0x403057d4       0x86 fs/built-in.o
 .rodata.search_dir.str1.1
                0x4030585a       0x1b fs/built-in.o
 .rodata.ext4fs_get_parent_inode_num.str1.1
                0x40305875       0x3e fs/built-in.o
                                 0x40 (size before relaxing)
 .rodata.ext4fs_filename_unlink.str1.1
                0x403058b3       0x16 fs/built-in.o
 .rodata.ext4fs_iterate_dir.str1.1
                0x403058c9       0x4a fs/built-in.o
 .rodata.ext4fs_mount.str1.1
                0x40305913       0x24 fs/built-in.o
 .rodata.__func__.0
                0x40305937       0x3b fs/built-in.o
 .rodata.ext4fs_get_bgdtable.str1.1
                0x40305972       0x19 fs/built-in.o
 .rodata.ext4fs_init.str1.1
                0x4030598b       0x33 fs/built-in.o
 .rodata.ext4fs_write.str1.1
                0x403059be       0xaf fs/built-in.o
 .rodata.ext4fs_log_journal.str1.1
                0x40305a6d       0x1c fs/built-in.o
 .rodata.ext4fs_push_revoke_blk.str1.1