drivers/net/phy/mscc.c:274:13:vsc8584_csr_write	32	static
drivers/net/phy/mscc.c:1103:12:mscc_startup	16	static
drivers/net/phy/mscc.c:1144:12:vsc8531_vsc8541_mac_config	32	static
drivers/net/phy/mscc.c:284:12:vsc8584_cmd	32	static
drivers/net/phy/mscc.c:1115:12:mscc_phy_soft_reset	24	static
drivers/net/phy/mscc.c:1331:12:vsc8584_config_init	32	static
drivers/net/phy/mscc.c:1426:12:vsc8584_config	0	static
drivers/net/phy/mscc.c:1415:12:vsc8574_config	0	static
drivers/net/phy/mscc.c:349:12:vsc8584_micro_assert_reset	32	static
drivers/net/phy/mscc.c:544:12:vsc8584_get_fw_crc.constprop	32	static
drivers/net/phy/mscc.c:1008:12:mscc_vsc8531_vsc8541_init_scripts.isra	24	static
drivers/net/phy/mscc.c:1211:12:vsc8531_config	24	static
drivers/net/phy/mscc.c:1271:12:vsc8541_config	24	static
drivers/net/phy/mscc.c:573:12:vsc8584_patch_fw.isra	32	static
drivers/net/phy/mscc.c:314:12:vsc8584_micro_deassert_reset.isra	32	static
drivers/net/phy/mscc.c:653:12:vsc8574_config_pre_init	40	static
drivers/net/phy/mscc.c:852:12:vsc8584_config_pre_init	40	static
drivers/net/phy/mscc.c:1493:5:phy_mscc_init	8	static
