drivers/net/phy/phy.c:444:5:genphy_shutdown	0	static
drivers/net/phy/phy.c:149:5:genphy_restart_aneg	24	static
drivers/net/phy/phy.c:176:5:genphy_config_aneg	32	static
drivers/net/phy/phy.c:382:5:genphy_config	16	static
drivers/net/phy/phy.c:220:5:genphy_update_link	24	static
drivers/net/phy/phy.c:289:5:genphy_parse_link	24	static
drivers/net/phy/phy.c:433:5:genphy_startup	8	static
drivers/net/phy/phy.c:463:5:phy_init	8	static
drivers/net/phy/phy.c:534:5:phy_register	0	static
drivers/net/phy/phy.c:556:5:phy_set_supported	0	static
drivers/net/phy/phy.c:675:12:get_phy_id	24	static
drivers/net/phy/phy.c:739:27:get_phy_device_by_mask	48	static
drivers/net/phy/phy.c:787:5:phy_reset	24	static
drivers/net/phy/phy.c:838:5:miiphy_reset	8	static
drivers/net/phy/phy.c:853:20:phy_find_by_mask	16	static
drivers/net/phy/phy.c:870:6:phy_connect_dev	24	static
drivers/net/phy/phy.c:919:20:phy_connect	24	static
drivers/net/phy/phy.c:944:5:phy_startup	0	static
drivers/net/phy/phy.c:952:12:board_phy_config	0	static
drivers/net/phy/phy.c:959:5:phy_config	0	static
drivers/net/phy/phy.c:965:5:phy_shutdown	8	static
drivers/net/phy/phy.c:973:5:phy_get_interface_by_name	16	static
