lib/efi_loader/efi_file.c:624:28:efi_file_flush	8	static
lib/efi_loader/efi_file.c:614:28:efi_file_setinfo	8	static
lib/efi_loader/efi_file.c:460:28:efi_file_getpos	16	static
lib/efi_loader/efi_file.c:50:12:set_blk_dev.isra	0	static
lib/efi_loader/efi_file.c:282:28:efi_file_delete	16	static
lib/efi_loader/efi_file.c:389:28:efi_file_read	56	static
lib/efi_loader/efi_file.c:422:28:efi_file_write	40	static
lib/efi_loader/efi_file.c:488:28:efi_file_setpos	24	static
lib/efi_loader/efi_file.c:527:28:efi_file_getinfo	152	static
lib/efi_loader/efi_file.c:150:32:file_open	48	static
lib/efi_loader/efi_file.c:702:1:efi_open_volume	32	static
lib/efi_loader/efi_file.c:221:28:efi_file_open	48	static
lib/efi_loader/efi_file.c:275:28:efi_file_close	8	static
lib/efi_loader/efi_file.c:654:25:efi_file_from_path	56	static
lib/efi_loader/efi_file.c:715:1:efi_simple_file_system	24	static
