drivers/input/input.c:509:12:_input_send_keycodes	64	dynamic
drivers/input/input.c:205:5:input_tstc	8	static
drivers/input/input.c:214:5:input_getc	8	static
drivers/input/input.c:548:5:input_send_keycodes	0	static
drivers/input/input.c:554:5:input_add_keycode	48	static
drivers/input/input.c:583:5:input_add_table	12	static
drivers/input/input.c:602:6:input_set_delays	0	static
drivers/input/input.c:609:6:input_allow_repeats	0	static
drivers/input/input.c:614:5:input_leds_changed	0	static
drivers/input/input.c:622:5:input_add_tables	24	static
drivers/input/input.c:642:5:input_init	16	static
drivers/input/input.c:650:5:input_stdio_register	8	static
