drivers/core/root.c:269:12:dm_scan_fdt_node	32	static
drivers/core/root.c:345:12:dm_scan_fdt_ofnode_path	8	static
drivers/core/root.c:36:17:dm_root	8	static
drivers/core/root.c:46:6:dm_fixup_for_gd_move	0	static
drivers/core/root.c:55:12:dm_get_translation_offset	8	static
drivers/core/root.c:63:6:dm_set_translation_offset	8	static
drivers/core/root.c:152:5:dm_init	8	static
drivers/core/root.c:186:5:dm_uninit	8	static
drivers/core/root.c:196:5:dm_remove_devices_flags	8	static
drivers/core/root.c:204:5:dm_scan_platdata	8	static
drivers/core/root.c:312:5:dm_scan_fdt_dev	0	static
drivers/core/root.c:327:5:dm_scan_fdt	4	static
drivers/core/root.c:361:5:dm_extended_scan_fdt	8	static
drivers/core/root.c:384:12:dm_scan_other	0	static
drivers/core/root.c:389:5:dm_init_and_scan	8	static
